Archive member included to satisfy reference by file (symbol)

/usr/lib/x86_64-linux-gnu/libc_nonshared.a(elf-init.oS)
                              /usr/lib/gcc/x86_64-linux-gnu/7/../../../x86_64-linux-gnu/Scrt1.o (__libc_csu_init)

As-needed library included to satisfy reference by file (symbol)

libm.so.6                     build/py/objfloat.o (fmod@@GLIBC_2.2.5)
libc.so.6                     build/main.o (__printf_chk@@GLIBC_2.3.4)

Allocating common symbols
Common symbol       size              file

mp_state_ctx        0x340             build/py/mpstate.o

Discarded input sections

 .rodata.cst4   0x0000000000000000        0x4 /usr/lib/gcc/x86_64-linux-gnu/7/../../../x86_64-linux-gnu/Scrt1.o
 .data          0x0000000000000000        0x4 /usr/lib/gcc/x86_64-linux-gnu/7/../../../x86_64-linux-gnu/Scrt1.o
 .bss           0x0000000000000000        0x0 /usr/lib/gcc/x86_64-linux-gnu/7/../../../x86_64-linux-gnu/Scrt1.o
 .note.GNU-stack
                0x0000000000000000        0x0 /usr/lib/gcc/x86_64-linux-gnu/7/../../../x86_64-linux-gnu/Scrt1.o
 .text          0x0000000000000000        0x0 /usr/lib/gcc/x86_64-linux-gnu/7/../../../x86_64-linux-gnu/crti.o
 .data          0x0000000000000000        0x0 /usr/lib/gcc/x86_64-linux-gnu/7/../../../x86_64-linux-gnu/crti.o
 .bss           0x0000000000000000        0x0 /usr/lib/gcc/x86_64-linux-gnu/7/../../../x86_64-linux-gnu/crti.o
 .note.GNU-stack
                0x0000000000000000        0x0 /usr/lib/gcc/x86_64-linux-gnu/7/../../../x86_64-linux-gnu/crti.o
 .data          0x0000000000000000        0x0 /usr/lib/gcc/x86_64-linux-gnu/7/crtbeginS.o
 .note.GNU-stack
                0x0000000000000000        0x0 /usr/lib/gcc/x86_64-linux-gnu/7/crtbeginS.o
 .text          0x0000000000000000        0x0 build/py/mpstate.o
 .data          0x0000000000000000        0x0 build/py/mpstate.o
 .bss           0x0000000000000000        0x0 build/py/mpstate.o
 .note.GNU-stack
                0x0000000000000000        0x0 build/py/mpstate.o
 .text          0x0000000000000000        0x0 build/py/nlr.o
 .data          0x0000000000000000        0x0 build/py/nlr.o
 .bss           0x0000000000000000        0x0 build/py/nlr.o
 .note.GNU-stack
                0x0000000000000000        0x0 build/py/nlr.o
 .text          0x0000000000000000        0x0 build/py/nlrx86.o
 .data          0x0000000000000000        0x0 build/py/nlrx86.o
 .bss           0x0000000000000000        0x0 build/py/nlrx86.o
 .comment       0x0000000000000000       0x2a build/py/nlrx86.o
 .note.GNU-stack
                0x0000000000000000        0x0 build/py/nlrx86.o
 .text          0x0000000000000000        0x0 build/py/nlrx64.o
 .data          0x0000000000000000        0x0 build/py/nlrx64.o
 .bss           0x0000000000000000        0x0 build/py/nlrx64.o
 .note.GNU-stack
                0x0000000000000000        0x0 build/py/nlrx64.o
 .text          0x0000000000000000        0x0 build/py/nlrthumb.o
 .data          0x0000000000000000        0x0 build/py/nlrthumb.o
 .bss           0x0000000000000000        0x0 build/py/nlrthumb.o
 .comment       0x0000000000000000       0x2a build/py/nlrthumb.o
 .note.GNU-stack
                0x0000000000000000        0x0 build/py/nlrthumb.o
 .text          0x0000000000000000        0x0 build/py/nlrxtensa.o
 .data          0x0000000000000000        0x0 build/py/nlrxtensa.o
 .bss           0x0000000000000000        0x0 build/py/nlrxtensa.o
 .comment       0x0000000000000000       0x2a build/py/nlrxtensa.o
 .note.GNU-stack
                0x0000000000000000        0x0 build/py/nlrxtensa.o
 .text          0x0000000000000000        0x0 build/py/nlrsetjmp.o
 .data          0x0000000000000000        0x0 build/py/nlrsetjmp.o
 .bss           0x0000000000000000        0x0 build/py/nlrsetjmp.o
 .comment       0x0000000000000000       0x2a build/py/nlrsetjmp.o
 .note.GNU-stack
                0x0000000000000000        0x0 build/py/nlrsetjmp.o
 .text          0x0000000000000000        0x0 build/py/malloc.o
 .data          0x0000000000000000        0x0 build/py/malloc.o
 .bss           0x0000000000000000        0x0 build/py/malloc.o
 .note.GNU-stack
                0x0000000000000000        0x0 build/py/malloc.o
 .text          0x0000000000000000        0x0 build/py/gc.o
 .data          0x0000000000000000        0x0 build/py/gc.o
 .bss           0x0000000000000000        0x0 build/py/gc.o
 .text.gc_sweep_all
                0x0000000000000000       0x17 build/py/gc.o
 .text.gc_info  0x0000000000000000      0x1a2 build/py/gc.o
 .text.gc_nbytes
                0x0000000000000000       0x8b build/py/gc.o
 .rodata.gc_dump_info.str1.8
                0x0000000000000000       0x6d build/py/gc.o
 .text.gc_dump_info
                0x0000000000000000      0x1a4 build/py/gc.o
 .rodata.gc_dump_alloc_table.str1.1
                0x0000000000000000       0x44 build/py/gc.o
 .text.gc_dump_alloc_table
                0x0000000000000000      0x2a2 build/py/gc.o
 .note.GNU-stack
[...]
Memory Configuration

Name             Origin             Length             Attributes
*default*        0x0000000000000000 0xffffffffffffffff

Linker script and memory map

LOAD /usr/lib/gcc/x86_64-linux-gnu/7/../../../x86_64-linux-gnu/Scrt1.o
LOAD /usr/lib/gcc/x86_64-linux-gnu/7/../../../x86_64-linux-gnu/crti.o
LOAD /usr/lib/gcc/x86_64-linux-gnu/7/crtbeginS.o
LOAD build/py/mpstate.o
LOAD build/py/nlr.o
LOAD build/py/nlrx86.o
LOAD build/py/nlrx64.o
LOAD build/py/nlrthumb.o
LOAD build/py/nlrxtensa.o
LOAD build/py/nlrsetjmp.o
LOAD build/py/malloc.o
LOAD build/py/gc.o
LOAD build/py/pystack.o
LOAD build/py/qstr.o
LOAD build/py/vstr.o
LOAD build/py/mpprint.o
LOAD build/py/unicode.o
LOAD build/py/mpz.o
LOAD build/py/reader.o
LOAD build/py/lexer.o
LOAD build/py/parse.o
LOAD build/py/scope.o
LOAD build/py/compile.o
LOAD build/py/emitcommon.o
LOAD build/py/emitbc.o
LOAD build/py/asmbase.o
LOAD build/py/asmx64.o
LOAD build/py/emitnx64.o
LOAD build/py/asmx86.o
LOAD build/py/emitnx86.o
LOAD build/py/asmthumb.o
LOAD build/py/emitnthumb.o
LOAD build/py/emitinlinethumb.o
LOAD build/py/asmarm.o
LOAD build/py/emitnarm.o
LOAD build/py/asmxtensa.o
LOAD build/py/emitnxtensa.o
LOAD build/py/emitinlinextensa.o
LOAD build/py/formatfloat.o
LOAD build/py/parsenumbase.o
LOAD build/py/parsenum.o
LOAD build/py/emitglue.o
LOAD build/py/persistentcode.o
LOAD build/py/runtime.o
LOAD build/py/runtime_utils.o
LOAD build/py/scheduler.o
LOAD build/py/nativeglue.o
LOAD build/py/stackctrl.o
LOAD build/py/argcheck.o
LOAD build/py/warning.o
LOAD build/py/map.o
LOAD build/py/obj.o
LOAD build/py/objarray.o
LOAD build/py/objattrtuple.o
LOAD build/py/objbool.o
LOAD build/py/objboundmeth.o
LOAD build/py/objcell.o
LOAD build/py/objclosure.o
LOAD build/py/objcomplex.o
LOAD build/py/objdeque.o
LOAD build/py/objdict.o
LOAD build/py/objenumerate.o
LOAD build/py/objexcept.o
LOAD build/py/objfilter.o
LOAD build/py/objfloat.o
LOAD build/py/objfun.o
LOAD build/py/objgenerator.o
LOAD build/py/objgetitemiter.o
LOAD build/py/objint.o
LOAD build/py/objint_longlong.o
LOAD build/py/objint_mpz.o
LOAD build/py/objlist.o
LOAD build/py/objmap.o
LOAD build/py/objmodule.o
LOAD build/py/objobject.o
LOAD build/py/objpolyiter.o
LOAD build/py/objproperty.o
LOAD build/py/objnone.o
LOAD build/py/objnamedtuple.o
LOAD build/py/objrange.o
LOAD build/py/objreversed.o
LOAD build/py/objset.o
LOAD build/py/objsingleton.o
LOAD build/py/objslice.o
LOAD build/py/objstr.o
LOAD build/py/objstrunicode.o
LOAD build/py/objstringio.o
LOAD build/py/objtuple.o
LOAD build/py/objtype.o
LOAD build/py/objzip.o
LOAD build/py/opmethods.o
LOAD build/py/sequence.o
LOAD build/py/stream.o
LOAD build/py/binary.o
LOAD build/py/builtinimport.o
LOAD build/py/builtinevex.o
LOAD build/py/builtinhelp.o
LOAD build/py/modarray.o
LOAD build/py/modbuiltins.o
LOAD build/py/modcollections.o
LOAD build/py/modgc.o
LOAD build/py/modio.o
LOAD build/py/modmath.o
LOAD build/py/modcmath.o
LOAD build/py/modmicropython.o
LOAD build/py/modstruct.o
LOAD build/py/modsys.o
LOAD build/py/moduerrno.o
LOAD build/py/modthread.o
LOAD build/py/vm.o
LOAD build/py/bc.o
LOAD build/py/showbc.o
LOAD build/py/repl.o
LOAD build/py/smallint.o
LOAD build/py/frozenmod.o
LOAD build/main.o
LOAD build/gccollect.o
LOAD /usr/lib/gcc/x86_64-linux-gnu/7/../../../x86_64-linux-gnu/libm.so
START GROUP
LOAD /lib/x86_64-linux-gnu/libm.so.6
LOAD /usr/lib/x86_64-linux-gnu/libmvec_nonshared.a
LOAD /lib/x86_64-linux-gnu/libmvec.so.1
END GROUP
LOAD /usr/lib/gcc/x86_64-linux-gnu/7/libgcc.a
LOAD /usr/lib/gcc/x86_64-linux-gnu/7/libgcc_s.so
START GROUP
LOAD /usr/lib/gcc/x86_64-linux-gnu/7/libgcc_s.so.1
LOAD /usr/lib/gcc/x86_64-linux-gnu/7/libgcc.a
END GROUP
LOAD /usr/lib/gcc/x86_64-linux-gnu/7/../../../x86_64-linux-gnu/libc.so
START GROUP
LOAD /lib/x86_64-linux-gnu/libc.so.6
LOAD /usr/lib/x86_64-linux-gnu/libc_nonshared.a
LOAD /lib/x86_64-linux-gnu/ld-linux-x86-64.so.2
END GROUP
LOAD /usr/lib/gcc/x86_64-linux-gnu/7/libgcc.a
LOAD /usr/lib/gcc/x86_64-linux-gnu/7/libgcc_s.so
START GROUP
LOAD /usr/lib/gcc/x86_64-linux-gnu/7/libgcc_s.so.1
LOAD /usr/lib/gcc/x86_64-linux-gnu/7/libgcc.a
END GROUP
LOAD /usr/lib/gcc/x86_64-linux-gnu/7/crtendS.o
LOAD /usr/lib/gcc/x86_64-linux-gnu/7/../../../x86_64-linux-gnu/crtn.o
                [!provide]                        PROVIDE (__executable_start = SEGMENT_START ("text-segment", 0x0))
                0x0000000000000238                . = (SEGMENT_START ("text-segment", 0x0) + SIZEOF_HEADERS)

.interp         0x0000000000000238       0x1c
 *(.interp)
 .interp        0x0000000000000238       0x1c /usr/lib/gcc/x86_64-linux-gnu/7/../../../x86_64-linux-gnu/Scrt1.o

.note.ABI-tag   0x0000000000000254       0x20
 .note.ABI-tag  0x0000000000000254       0x20 /usr/lib/gcc/x86_64-linux-gnu/7/../../../x86_64-linux-gnu/Scrt1.o

.note.gnu.build-id
                0x0000000000000274       0x24
 *(.note.gnu.build-id)
 .note.gnu.build-id
                0x0000000000000274       0x24 /usr/lib/gcc/x86_64-linux-gnu/7/../../../x86_64-linux-gnu/Scrt1.o

.hash
 *(.hash)

.gnu.hash       0x0000000000000298       0x1c
 *(.gnu.hash)
 .gnu.hash      0x0000000000000298       0x1c /usr/lib/gcc/x86_64-linux-gnu/7/../../../x86_64-linux-gnu/Scrt1.o

.dynsym         0x00000000000002b8      0x360
 *(.dynsym)
 .dynsym        0x00000000000002b8      0x360 /usr/lib/gcc/x86_64-linux-gnu/7/../../../x86_64-linux-gnu/Scrt1.o

.dynstr         0x0000000000000618      0x193
 *(.dynstr)
 .dynstr        0x0000000000000618      0x193 /usr/lib/gcc/x86_64-linux-gnu/7/../../../x86_64-linux-gnu/Scrt1.o

.gnu.version    0x00000000000007ac       0x48
 *(.gnu.version)
 .gnu.version   0x00000000000007ac       0x48 /usr/lib/gcc/x86_64-linux-gnu/7/../../../x86_64-linux-gnu/Scrt1.o

.gnu.version_d  0x00000000000007f8        0x0
 *(.gnu.version_d)
 .gnu.version_d
                0x00000000000007f8        0x0 /usr/lib/gcc/x86_64-linux-gnu/7/../../../x86_64-linux-gnu/Scrt1.o

.gnu.version_r  0x00000000000007f8       0x70
 *(.gnu.version_r)
 .gnu.version_r
                0x00000000000007f8       0x70 /usr/lib/gcc/x86_64-linux-gnu/7/../../../x86_64-linux-gnu/Scrt1.o

.rela.dyn       0x0000000000000868     0xa170
 *(.rela.init)
 *(.rela.text .rela.text.* .rela.gnu.linkonce.t.*)
 .rela.text.nlr_push_tail
                0x0000000000000868        0x0 /usr/lib/gcc/x86_64-linux-gnu/7/../../../x86_64-linux-gnu/Scrt1.o
 .rela.text.nlr_pop
                0x0000000000000868        0x0 /usr/lib/gcc/x86_64-linux-gnu/7/../../../x86_64-linux-gnu/Scrt1.o
 .rela.text.nlr_jump
                0x0000000000000868        0x0 /usr/lib/gcc/x86_64-linux-gnu/7/../../../x86_64-linux-gnu/Scrt1.o
 .rela.text.gc_mark_subtree
                0x0000000000000868        0x0 /usr/lib/gcc/x86_64-linux-gnu/7/../../../x86_64-linux-gnu/Scrt1.o
 .rela.text.gc_free.part.0
                0x0000000000000868        0x0 /usr/lib/gcc/x86_64-linux-gnu/7/../../../x86_64-linux-gnu/Scrt1.o
 .rela.text.gc_init
                0x0000000000000868        0x0 /usr/lib/gcc/x86_64-linux-gnu/7/../../../x86_64-linux-gnu/Scrt1.o
 .rela.text.gc_lock
                0x0000000000000868        0x0 /usr/lib/gcc/x86_64-linux-gnu/7/../../../x86_64-linux-gnu/Scrt1.o
 .rela.text.gc_unlock
                0x0000000000000868        0x0 /usr/lib/gcc/x86_64-linux-gnu/7/../../../x86_64-linux-gnu/Scrt1.o
 .rela.text.gc_is_locked
                0x0000000000000868        0x0 /usr/lib/gcc/x86_64-linux-gnu/7/../../../x86_64-linux-gnu/Scrt1.o
 .rela.text.gc_collect_start
                0x0000000000000868        0x0 /usr/lib/gcc/x86_64-linux-gnu/7/../../../x86_64-linux-gnu/Scrt1.o
 .rela.text.gc_collect_root
                0x0000000000000868        0x0 /usr/lib/gcc/x86_64-linux-gnu/7/../../../x86_64-linux-gnu/Scrt1.o
 .rela.text.gc_collect_end
                0x0000000000000868        0x0 /usr/lib/gcc/x86_64-linux-gnu/7/../../../x86_64-linux-gnu/Scrt1.o
 .rela.text.gc_alloc
                0x0000000000000868        0x0 /usr/lib/gcc/x86_64-linux-gnu/7/../../../x86_64-linux-gnu/Scrt1.o
 .rela.text.gc_free
                0x0000000000000868        0x0 /usr/lib/gcc/x86_64-linux-gnu/7/../../../x86_64-linux-gnu/Scrt1.o
 .rela.text.gc_realloc
                0x0000000000000868        0x0 /usr/lib/gcc/x86_64-linux-gnu/7/../../../x86_64-linux-gnu/Scrt1.o
 .rela.text.find_qstr
                0x0000000000000868        0x0 /usr/lib/gcc/x86_64-linux-gnu/7/../../../x86_64-linux-gnu/Scrt1.o
 .rela.text.qstr_init
                0x0000000000000868        0x0 /usr/lib/gcc/x86_64-linux-gnu/7/../../../x86_64-linux-gnu/Scrt1.o
 .rela.text.qstr_find_strn
                0x0000000000000868        0x0 /usr/lib/gcc/x86_64-linux-gnu/7/../../../x86_64-linux-gnu/Scrt1.o
 .rela.text.qstr_from_strn
                0x0000000000000868        0x0 /usr/lib/gcc/x86_64-linux-gnu/7/../../../x86_64-linux-gnu/Scrt1.o
 .rela.text.mp_lexer_to_next
                0x0000000000000868        0x0 /usr/lib/gcc/x86_64-linux-gnu/7/../../../x86_64-linux-gnu/Scrt1.o
 .rela.text.compile_assert_stmt
                0x0000000000000868        0x0 /usr/lib/gcc/x86_64-linux-gnu/7/../../../x86_64-linux-gnu/Scrt1.o
 .rela.text.mp_emit_bc_set_source_line
                0x0000000000000868        0x0 /usr/lib/gcc/x86_64-linux-gnu/7/../../../x86_64-linux-gnu/Scrt1.o
 .rela.text.mp_init
                0x0000000000000868        0x0 /usr/lib/gcc/x86_64-linux-gnu/7/../../../x86_64-linux-gnu/Scrt1.o
 .rela.text.mp_load_global
                0x0000000000000868        0x0 /usr/lib/gcc/x86_64-linux-gnu/7/../../../x86_64-linux-gnu/Scrt1.o
 .rela.text.mp_load_name
                0x0000000000000868        0x0 /usr/lib/gcc/x86_64-linux-gnu/7/../../../x86_64-linux-gnu/Scrt1.o
 .rela.text.mp_store_name
                0x0000000000000868        0x0 /usr/lib/gcc/x86_64-linux-gnu/7/../../../x86_64-linux-gnu/Scrt1.o
 .rela.text.mp_delete_name
                0x0000000000000868        0x0 /usr/lib/gcc/x86_64-linux-gnu/7/../../../x86_64-linux-gnu/Scrt1.o
 .rela.text.mp_store_global
                0x0000000000000868        0x0 /usr/lib/gcc/x86_64-linux-gnu/7/../../../x86_64-linux-gnu/Scrt1.o
 .rela.text.mp_delete_global
                0x0000000000000868        0x0 /usr/lib/gcc/x86_64-linux-gnu/7/../../../x86_64-linux-gnu/Scrt1.o
 .rela.text.mp_parse_compile_execute
                0x0000000000000868        0x0 /usr/lib/gcc/x86_64-linux-gnu/7/../../../x86_64-linux-gnu/Scrt1.o
 .rela.text.mp_native_swap_globals
                0x0000000000000868        0x0 /usr/lib/gcc/x86_64-linux-gnu/7/../../../x86_64-linux-gnu/Scrt1.o
 .rela.text.mp_stack_ctrl_init
                0x0000000000000868        0x0 /usr/lib/gcc/x86_64-linux-gnu/7/../../../x86_64-linux-gnu/Scrt1.o
 .rela.text.mp_stack_set_limit
                0x0000000000000868        0x0 /usr/lib/gcc/x86_64-linux-gnu/7/../../../x86_64-linux-gnu/Scrt1.o
 .rela.text.mp_stack_check
                0x0000000000000868        0x0 /usr/lib/gcc/x86_64-linux-gnu/7/../../../x86_64-linux-gnu/Scrt1.o
 .rela.text.mp_obj_exception_make_new
                0x0000000000000868        0x0 /usr/lib/gcc/x86_64-linux-gnu/7/../../../x86_64-linux-gnu/Scrt1.o
 .rela.text.fun_bc_call
                0x0000000000000868        0x0 /usr/lib/gcc/x86_64-linux-gnu/7/../../../x86_64-linux-gnu/Scrt1.o
 .rela.text.mp_obj_new_fun_bc
                0x0000000000000868        0x0 /usr/lib/gcc/x86_64-linux-gnu/7/../../../x86_64-linux-gnu/Scrt1.o
 .rela.text.mp_obj_gen_resume
                0x0000000000000868        0x0 /usr/lib/gcc/x86_64-linux-gnu/7/../../../x86_64-linux-gnu/Scrt1.o
 .rela.text.mp_obj_new_module
                0x0000000000000868        0x0 /usr/lib/gcc/x86_64-linux-gnu/7/../../../x86_64-linux-gnu/Scrt1.o
 .rela.text.mp_module_get
                0x0000000000000868        0x0 /usr/lib/gcc/x86_64-linux-gnu/7/../../../x86_64-linux-gnu/Scrt1.o
 .rela.text.mp_builtin___import__
                0x0000000000000868        0x0 /usr/lib/gcc/x86_64-linux-gnu/7/../../../x86_64-linux-gnu/Scrt1.o
 .rela.text.eval_exec_helper
                0x0000000000000868        0x0 /usr/lib/gcc/x86_64-linux-gnu/7/../../../x86_64-linux-gnu/Scrt1.o
 .rela.text.mp_builtin_globals
                0x0000000000000868        0x0 /usr/lib/gcc/x86_64-linux-gnu/7/../../../x86_64-linux-gnu/Scrt1.o
 .rela.text.mp_builtin_locals
                0x0000000000000868        0x0 /usr/lib/gcc/x86_64-linux-gnu/7/../../../x86_64-linux-gnu/Scrt1.o
 .rela.text.mp_builtin___build_class__
                0x0000000000000868        0x0 /usr/lib/gcc/x86_64-linux-gnu/7/../../../x86_64-linux-gnu/Scrt1.o
 .rela.text.mp_builtin_dir
                0x0000000000000868        0x0 /usr/lib/gcc/x86_64-linux-gnu/7/../../../x86_64-linux-gnu/Scrt1.o
 .rela.text.mp_micropython_opt_level
                0x0000000000000868        0x0 /usr/lib/gcc/x86_64-linux-gnu/7/../../../x86_64-linux-gnu/Scrt1.o
 .rela.text.mp_execute_bytecode
                0x0000000000000868        0x0 /usr/lib/gcc/x86_64-linux-gnu/7/../../../x86_64-linux-gnu/Scrt1.o
 .rela.text.main_
                0x0000000000000868        0x0 /usr/lib/gcc/x86_64-linux-gnu/7/../../../x86_64-linux-gnu/Scrt1.o
 .rela.text.gc_collect
                0x0000000000000868        0x0 /usr/lib/gcc/x86_64-linux-gnu/7/../../../x86_64-linux-gnu/Scrt1.o
 .rela.text     0x0000000000000868        0x0 /usr/lib/gcc/x86_64-linux-gnu/7/../../../x86_64-linux-gnu/Scrt1.o
 *(.rela.fini)
 *(.rela.rodata .rela.rodata.* .rela.gnu.linkonce.r.*)
 *(.rela.data .rela.data.* .rela.gnu.linkonce.d.*)
 .rela.data.rel.ro
                0x0000000000000868        0x0 /usr/lib/gcc/x86_64-linux-gnu/7/../../../x86_64-linux-gnu/Scrt1.o
 .rela.data.rel.local
                0x0000000000000868       0x18 /usr/lib/gcc/x86_64-linux-gnu/7/../../../x86_64-linux-gnu/Scrt1.o
 .rela.data.rel.ro.local.mp_qstr_const_pool
                0x0000000000000880     0x1f98 /usr/lib/gcc/x86_64-linux-gnu/7/../../../x86_64-linux-gnu/Scrt1.o
 .rela.data.rel.ro.local.mp_plat_print
                0x0000000000002818       0x18 /usr/lib/gcc/x86_64-linux-gnu/7/../../../x86_64-linux-gnu/Scrt1.o
 .rela.data.rel.ro.local.tok_kw
                0x0000000000002830      0x360 /usr/lib/gcc/x86_64-linux-gnu/7/../../../x86_64-linux-gnu/Scrt1.o
 .rela.data.rel.ro.local.mp_constants_map
                0x0000000000002b90       0x18 /usr/lib/gcc/x86_64-linux-gnu/7/../../../x86_64-linux-gnu/Scrt1.o
 .rela.data.rel.ro.local.compile_function
                0x0000000000002ba8      0x570 /usr/lib/gcc/x86_64-linux-gnu/7/../../../x86_64-linux-gnu/Scrt1.o
 .rela.data.rel.ro.emit_asm_table
                0x0000000000003118       0x90 /usr/lib/gcc/x86_64-linux-gnu/7/../../../x86_64-linux-gnu/Scrt1.o
 .rela.data.rel.ro.emit_native_table
                0x00000000000031a8       0xd8 /usr/lib/gcc/x86_64-linux-gnu/7/../../../x86_64-linux-gnu/Scrt1.o
 .rela.data.rel.ro.local.emit_bc_method_table
                0x0000000000003280      0x510 /usr/lib/gcc/x86_64-linux-gnu/7/../../../x86_64-linux-gnu/Scrt1.o
 .rela.data.rel.ro.local.emit_native_x64_method_table
                0x0000000000003790      0x540 /usr/lib/gcc/x86_64-linux-gnu/7/../../../x86_64-linux-gnu/Scrt1.o
 .rela.data.rel.ro.local.emit_native_x86_method_table
                0x0000000000003cd0      0x540 /usr/lib/gcc/x86_64-linux-gnu/7/../../../x86_64-linux-gnu/Scrt1.o
 .rela.data.rel.ro.local.emit_native_thumb_method_table
                0x0000000000004210      0x540 /usr/lib/gcc/x86_64-linux-gnu/7/../../../x86_64-linux-gnu/Scrt1.o
 .rela.data.rel.ro.local.emit_inline_thumb_method_table
                0x0000000000004750       0xa8 /usr/lib/gcc/x86_64-linux-gnu/7/../../../x86_64-linux-gnu/Scrt1.o
 .rela.data.rel.ro.local.emit_native_arm_method_table
                0x00000000000047f8      0x540 /usr/lib/gcc/x86_64-linux-gnu/7/../../../x86_64-linux-gnu/Scrt1.o
 .rela.data.rel.ro.local.emit_native_xtensa_method_table
                0x0000000000004d38      0x540 /usr/lib/gcc/x86_64-linux-gnu/7/../../../x86_64-linux-gnu/Scrt1.o
 .rela.data.rel.ro.local.emit_inline_xtensa_method_table
                0x0000000000005278       0xa8 /usr/lib/gcc/x86_64-linux-gnu/7/../../../x86_64-linux-gnu/Scrt1.o
 .rela.data.rel.ro.mp_type_checked_fun
                0x0000000000005320       0x30 /usr/lib/gcc/x86_64-linux-gnu/7/../../../x86_64-linux-gnu/Scrt1.o
 .rela.data.rel.ro.mp_module___main__
                0x0000000000005350       0x30 /usr/lib/gcc/x86_64-linux-gnu/7/../../../x86_64-linux-gnu/Scrt1.o
 .rela.data.rel.ro.mp_fun_table
                0x0000000000005380      0x4b0 /usr/lib/gcc/x86_64-linux-gnu/7/../../../x86_64-linux-gnu/Scrt1.o
 .rela.data.rel.ro.mp_identity_obj
                0x0000000000005830       0x30 /usr/lib/gcc/x86_64-linux-gnu/7/../../../x86_64-linux-gnu/Scrt1.o
 .rela.data.rel.ro.array_it_type
                0x0000000000005860       0x48 /usr/lib/gcc/x86_64-linux-gnu/7/../../../x86_64-linux-gnu/Scrt1.o
 .rela.data.rel.ro.mp_type_bytearray
                0x00000000000058a8       0xd8 /usr/lib/gcc/x86_64-linux-gnu/7/../../../x86_64-linux-gnu/Scrt1.o
 .rela.data.rel.ro.array_locals_dict
                0x0000000000005980       0x30 /usr/lib/gcc/x86_64-linux-gnu/7/../../../x86_64-linux-gnu/Scrt1.o
 .rela.data.rel.ro.local.array_locals_dict_table
                0x00000000000059b0       0x30 /usr/lib/gcc/x86_64-linux-gnu/7/../../../x86_64-linux-gnu/Scrt1.o
 .rela.data.rel.ro.array_extend_obj
                0x00000000000059e0       0x30 /usr/lib/gcc/x86_64-linux-gnu/7/../../../x86_64-linux-gnu/Scrt1.o
 .rela.data.rel.ro.array_append_obj
                0x0000000000005a10       0x30 /usr/lib/gcc/x86_64-linux-gnu/7/../../../x86_64-linux-gnu/Scrt1.o
 .rela.data.rel.ro.local.mp_const_true_obj
                0x0000000000005a40       0x18 /usr/lib/gcc/x86_64-linux-gnu/7/../../../x86_64-linux-gnu/Scrt1.o
 .rela.data.rel.ro.local.mp_const_false_obj
                0x0000000000005a58       0x18 /usr/lib/gcc/x86_64-linux-gnu/7/../../../x86_64-linux-gnu/Scrt1.o
 .rela.data.rel.ro.mp_type_bool
                0x0000000000005a70       0x78 /usr/lib/gcc/x86_64-linux-gnu/7/../../../x86_64-linux-gnu/Scrt1.o
 .rela.data.rel.ro.mp_type_bound_meth
                0x0000000000005ae8       0x48 /usr/lib/gcc/x86_64-linux-gnu/7/../../../x86_64-linux-gnu/Scrt1.o
 .rela.data.rel.ro.mp_type_cell
                0x0000000000005b30       0x30 /usr/lib/gcc/x86_64-linux-gnu/7/../../../x86_64-linux-gnu/Scrt1.o
 .rela.data.rel.ro.closure_type
                0x0000000000005b60       0x48 /usr/lib/gcc/x86_64-linux-gnu/7/../../../x86_64-linux-gnu/Scrt1.o
 .rela.data.rel.ro.mp_type_complex
                0x0000000000005ba8       0x90 /usr/lib/gcc/x86_64-linux-gnu/7/../../../x86_64-linux-gnu/Scrt1.o
 .rela.data.rel.ro.mp_type_dict
                0x0000000000005c38       0xc0 /usr/lib/gcc/x86_64-linux-gnu/7/../../../x86_64-linux-gnu/Scrt1.o
 .rela.data.rel.ro.local.dict_locals_dict
                0x0000000000005cf8       0x30 /usr/lib/gcc/x86_64-linux-gnu/7/../../../x86_64-linux-gnu/Scrt1.o
 .rela.data.rel.ro.dict_locals_dict_table
                0x0000000000005d28      0x150 /usr/lib/gcc/x86_64-linux-gnu/7/../../../x86_64-linux-gnu/Scrt1.o
 .rela.data.rel.ro.dict_values_obj
                0x0000000000005e78       0x30 /usr/lib/gcc/x86_64-linux-gnu/7/../../../x86_64-linux-gnu/Scrt1.o
 .rela.data.rel.ro.dict_keys_obj
                0x0000000000005ea8       0x30 /usr/lib/gcc/x86_64-linux-gnu/7/../../../x86_64-linux-gnu/Scrt1.o
 .rela.data.rel.ro.dict_items_obj
                0x0000000000005ed8       0x30 /usr/lib/gcc/x86_64-linux-gnu/7/../../../x86_64-linux-gnu/Scrt1.o
 .rela.data.rel.ro.local.mp_dict_view_names
                0x0000000000005f08       0x48 /usr/lib/gcc/x86_64-linux-gnu/7/../../../x86_64-linux-gnu/Scrt1.o
 .rela.data.rel.ro.dict_view_it_type
                0x0000000000005f50       0x48 /usr/lib/gcc/x86_64-linux-gnu/7/../../../x86_64-linux-gnu/Scrt1.o
 .rela.data.rel.ro.dict_view_type
                0x0000000000005f98       0x60 /usr/lib/gcc/x86_64-linux-gnu/7/../../../x86_64-linux-gnu/Scrt1.o
 .rela.data.rel.ro.dict_update_obj
                0x0000000000005ff8       0x30 /usr/lib/gcc/x86_64-linux-gnu/7/../../../x86_64-linux-gnu/Scrt1.o
 .rela.data.rel.ro.dict_popitem_obj
                0x0000000000006028       0x30 /usr/lib/gcc/x86_64-linux-gnu/7/../../../x86_64-linux-gnu/Scrt1.o
 .rela.data.rel.ro.dict_setdefault_obj
                0x0000000000006058       0x30 /usr/lib/gcc/x86_64-linux-gnu/7/../../../x86_64-linux-gnu/Scrt1.o
 .rela.data.rel.ro.dict_pop_obj
                0x0000000000006088       0x30 /usr/lib/gcc/x86_64-linux-gnu/7/../../../x86_64-linux-gnu/Scrt1.o
 .rela.data.rel.ro.dict_get_obj
                0x00000000000060b8       0x30 /usr/lib/gcc/x86_64-linux-gnu/7/../../../x86_64-linux-gnu/Scrt1.o
 .rela.data.rel.ro.dict_fromkeys_obj
                0x00000000000060e8       0x30 /usr/lib/gcc/x86_64-linux-gnu/7/../../../x86_64-linux-gnu/Scrt1.o
 .rela.data.rel.ro.dict_fromkeys_fun_obj
                0x0000000000006118       0x30 /usr/lib/gcc/x86_64-linux-gnu/7/../../../x86_64-linux-gnu/Scrt1.o
 .rela.data.rel.ro.dict_copy_obj
                0x0000000000006148       0x30 /usr/lib/gcc/x86_64-linux-gnu/7/../../../x86_64-linux-gnu/Scrt1.o
 .rela.data.rel.ro.dict_clear_obj
                0x0000000000006178       0x30 /usr/lib/gcc/x86_64-linux-gnu/7/../../../x86_64-linux-gnu/Scrt1.o
 .rela.data.rel.ro.mp_type_enumerate
                0x00000000000061a8       0x60 /usr/lib/gcc/x86_64-linux-gnu/7/../../../x86_64-linux-gnu/Scrt1.o
 .rela.data.rel.ro.mp_type_UnicodeError
                0x0000000000006208       0x78 /usr/lib/gcc/x86_64-linux-gnu/7/../../../x86_64-linux-gnu/Scrt1.o
 .rela.data.rel.ro.mp_type_ValueError
                0x0000000000006280       0x78 /usr/lib/gcc/x86_64-linux-gnu/7/../../../x86_64-linux-gnu/Scrt1.o
 .rela.data.rel.ro.mp_type_ViperTypeError
                0x00000000000062f8       0x78 /usr/lib/gcc/x86_64-linux-gnu/7/../../../x86_64-linux-gnu/Scrt1.o
 .rela.data.rel.ro.mp_type_TypeError
                0x0000000000006370       0x78 /usr/lib/gcc/x86_64-linux-gnu/7/../../../x86_64-linux-gnu/Scrt1.o
 .rela.data.rel.ro.mp_type_IndentationError
                0x00000000000063e8       0x78 /usr/lib/gcc/x86_64-linux-gnu/7/../../../x86_64-linux-gnu/Scrt1.o
 .rela.data.rel.ro.mp_type_SyntaxError
                0x0000000000006460       0x78 /usr/lib/gcc/x86_64-linux-gnu/7/../../../x86_64-linux-gnu/Scrt1.o
 .rela.data.rel.ro.mp_type_NotImplementedError
                0x00000000000064d8       0x78 /usr/lib/gcc/x86_64-linux-gnu/7/../../../x86_64-linux-gnu/Scrt1.o
 .rela.data.rel.ro.mp_type_RuntimeError
                0x0000000000006550       0x78 /usr/lib/gcc/x86_64-linux-gnu/7/../../../x86_64-linux-gnu/Scrt1.o
 .rela.data.rel.ro.mp_type_OSError
                0x00000000000065c8       0x78 /usr/lib/gcc/x86_64-linux-gnu/7/../../../x86_64-linux-gnu/Scrt1.o
 .rela.data.rel.ro.mp_type_NameError
                0x0000000000006640       0x78 /usr/lib/gcc/x86_64-linux-gnu/7/../../../x86_64-linux-gnu/Scrt1.o
 .rela.data.rel.ro.mp_type_MemoryError
                0x00000000000066b8       0x78 /usr/lib/gcc/x86_64-linux-gnu/7/../../../x86_64-linux-gnu/Scrt1.o
 .rela.data.rel.ro.mp_type_KeyError
                0x0000000000006730       0x78 /usr/lib/gcc/x86_64-linux-gnu/7/../../../x86_64-linux-gnu/Scrt1.o
 .rela.data.rel.ro.mp_type_IndexError
                0x00000000000067a8       0x78 /usr/lib/gcc/x86_64-linux-gnu/7/../../../x86_64-linux-gnu/Scrt1.o
 .rela.data.rel.ro.mp_type_LookupError
                0x0000000000006820       0x78 /usr/lib/gcc/x86_64-linux-gnu/7/../../../x86_64-linux-gnu/Scrt1.o
 .rela.data.rel.ro.mp_type_ImportError
                0x0000000000006898       0x78 /usr/lib/gcc/x86_64-linux-gnu/7/../../../x86_64-linux-gnu/Scrt1.o
 .rela.data.rel.ro.mp_type_EOFError
                0x0000000000006910       0x78 /usr/lib/gcc/x86_64-linux-gnu/7/../../../x86_64-linux-gnu/Scrt1.o
 .rela.data.rel.ro.mp_type_AttributeError
                0x0000000000006988       0x78 /usr/lib/gcc/x86_64-linux-gnu/7/../../../x86_64-linux-gnu/Scrt1.o
 .rela.data.rel.ro.mp_type_AssertionError
                0x0000000000006a00       0x78 /usr/lib/gcc/x86_64-linux-gnu/7/../../../x86_64-linux-gnu/Scrt1.o
 .rela.data.rel.ro.mp_type_ZeroDivisionError
                0x0000000000006a78       0x78 /usr/lib/gcc/x86_64-linux-gnu/7/../../../x86_64-linux-gnu/Scrt1.o
 .rela.data.rel.ro.mp_type_OverflowError
                0x0000000000006af0       0x78 /usr/lib/gcc/x86_64-linux-gnu/7/../../../x86_64-linux-gnu/Scrt1.o
 .rela.data.rel.ro.mp_type_ArithmeticError
                0x0000000000006b68       0x78 /usr/lib/gcc/x86_64-linux-gnu/7/../../../x86_64-linux-gnu/Scrt1.o
 .rela.data.rel.ro.mp_type_StopIteration
                0x0000000000006be0       0x78 /usr/lib/gcc/x86_64-linux-gnu/7/../../../x86_64-linux-gnu/Scrt1.o
 .rela.data.rel.ro.mp_type_StopAsyncIteration
                0x0000000000006c58       0x78 /usr/lib/gcc/x86_64-linux-gnu/7/../../../x86_64-linux-gnu/Scrt1.o
 .rela.data.rel.ro.mp_type_Exception
                0x0000000000006cd0       0x78 /usr/lib/gcc/x86_64-linux-gnu/7/../../../x86_64-linux-gnu/Scrt1.o
 .rela.data.rel.ro.mp_type_GeneratorExit
                0x0000000000006d48       0x78 /usr/lib/gcc/x86_64-linux-gnu/7/../../../x86_64-linux-gnu/Scrt1.o
 .rela.data.rel.ro.mp_type_KeyboardInterrupt
                0x0000000000006dc0       0x78 /usr/lib/gcc/x86_64-linux-gnu/7/../../../x86_64-linux-gnu/Scrt1.o
 .rela.data.rel.ro.mp_type_SystemExit
                0x0000000000006e38       0x78 /usr/lib/gcc/x86_64-linux-gnu/7/../../../x86_64-linux-gnu/Scrt1.o
 .rela.data.rel.ro.mp_type_BaseException
                0x0000000000006eb0       0x60 /usr/lib/gcc/x86_64-linux-gnu/7/../../../x86_64-linux-gnu/Scrt1.o
 .rela.data.rel.ro.mp_const_GeneratorExit_obj
                0x0000000000006f10       0x30 /usr/lib/gcc/x86_64-linux-gnu/7/../../../x86_64-linux-gnu/Scrt1.o
 .rela.data.rel.ro.mp_type_filter
                0x0000000000006f40       0x60 /usr/lib/gcc/x86_64-linux-gnu/7/../../../x86_64-linux-gnu/Scrt1.o
 .rela.data.rel.ro.mp_type_float
                0x0000000000006fa0       0x78 /usr/lib/gcc/x86_64-linux-gnu/7/../../../x86_64-linux-gnu/Scrt1.o
 .rela.data.rel.ro.mp_type_fun_asm
                0x0000000000007018       0x48 /usr/lib/gcc/x86_64-linux-gnu/7/../../../x86_64-linux-gnu/Scrt1.o
 .rela.data.rel.ro.mp_type_fun_bc
                0x0000000000007060       0x60 /usr/lib/gcc/x86_64-linux-gnu/7/../../../x86_64-linux-gnu/Scrt1.o
 .rela.data.rel.ro.mp_type_fun_native
                0x00000000000070c0       0x48 /usr/lib/gcc/x86_64-linux-gnu/7/../../../x86_64-linux-gnu/Scrt1.o
 .rela.data.rel.ro.mp_type_fun_builtin_var
                0x0000000000007108       0x48 /usr/lib/gcc/x86_64-linux-gnu/7/../../../x86_64-linux-gnu/Scrt1.o
 .rela.data.rel.ro.mp_type_fun_builtin_3
                0x0000000000007150       0x48 /usr/lib/gcc/x86_64-linux-gnu/7/../../../x86_64-linux-gnu/Scrt1.o
 .rela.data.rel.ro.mp_type_fun_builtin_2
                0x0000000000007198       0x48 /usr/lib/gcc/x86_64-linux-gnu/7/../../../x86_64-linux-gnu/Scrt1.o
 .rela.data.rel.ro.mp_type_fun_builtin_1
                0x00000000000071e0       0x48 /usr/lib/gcc/x86_64-linux-gnu/7/../../../x86_64-linux-gnu/Scrt1.o
 .rela.data.rel.ro.mp_type_fun_builtin_0
                0x0000000000007228       0x48 /usr/lib/gcc/x86_64-linux-gnu/7/../../../x86_64-linux-gnu/Scrt1.o
 .rela.data.rel.ro.mp_type_gen_instance
                0x0000000000007270       0x90 /usr/lib/gcc/x86_64-linux-gnu/7/../../../x86_64-linux-gnu/Scrt1.o
 .rela.data.rel.ro.gen_instance_locals_dict
                0x0000000000007300       0x30 /usr/lib/gcc/x86_64-linux-gnu/7/../../../x86_64-linux-gnu/Scrt1.o
 .rela.data.rel.ro.local.gen_instance_locals_dict_table
                0x0000000000007330       0x60 /usr/lib/gcc/x86_64-linux-gnu/7/../../../x86_64-linux-gnu/Scrt1.o
 .rela.data.rel.ro.gen_instance_pend_throw_obj
                0x0000000000007390       0x30 /usr/lib/gcc/x86_64-linux-gnu/7/../../../x86_64-linux-gnu/Scrt1.o
 .rela.data.rel.ro.gen_instance_close_obj
                0x00000000000073c0       0x30 /usr/lib/gcc/x86_64-linux-gnu/7/../../../x86_64-linux-gnu/Scrt1.o
 .rela.data.rel.ro.gen_instance_throw_obj
                0x00000000000073f0       0x30 /usr/lib/gcc/x86_64-linux-gnu/7/../../../x86_64-linux-gnu/Scrt1.o
 .rela.data.rel.ro.gen_instance_send_obj
                0x0000000000007420       0x30 /usr/lib/gcc/x86_64-linux-gnu/7/../../../x86_64-linux-gnu/Scrt1.o
 .rela.data.rel.ro.mp_type_native_gen_wrap
                0x0000000000007450       0x48 /usr/lib/gcc/x86_64-linux-gnu/7/../../../x86_64-linux-gnu/Scrt1.o
 .rela.data.rel.ro.mp_type_gen_wrap
                0x0000000000007498       0x48 /usr/lib/gcc/x86_64-linux-gnu/7/../../../x86_64-linux-gnu/Scrt1.o
 .rela.data.rel.ro.it_type
                0x00000000000074e0       0x48 /usr/lib/gcc/x86_64-linux-gnu/7/../../../x86_64-linux-gnu/Scrt1.o
 .rela.data.rel.ro.mp_type_int
                0x0000000000007528       0x90 /usr/lib/gcc/x86_64-linux-gnu/7/../../../x86_64-linux-gnu/Scrt1.o
 .rela.data.rel.ro.int_locals_dict
                0x00000000000075b8       0x30 /usr/lib/gcc/x86_64-linux-gnu/7/../../../x86_64-linux-gnu/Scrt1.o
 .rela.data.rel.ro.local.int_locals_dict_table
                0x00000000000075e8       0x30 /usr/lib/gcc/x86_64-linux-gnu/7/../../../x86_64-linux-gnu/Scrt1.o
 .rela.data.rel.ro.int_to_bytes_obj
                0x0000000000007618       0x30 /usr/lib/gcc/x86_64-linux-gnu/7/../../../x86_64-linux-gnu/Scrt1.o
 .rela.data.rel.ro.int_from_bytes_obj
                0x0000000000007648       0x30 /usr/lib/gcc/x86_64-linux-gnu/7/../../../x86_64-linux-gnu/Scrt1.o
 .rela.data.rel.ro.int_from_bytes_fun_obj
                0x0000000000007678       0x30 /usr/lib/gcc/x86_64-linux-gnu/7/../../../x86_64-linux-gnu/Scrt1.o
 .rela.data.rel.ro.allowed_args.3992
                0x00000000000076a8       0x18 /usr/lib/gcc/x86_64-linux-gnu/7/../../../x86_64-linux-gnu/Scrt1.o
 .rela.data.rel.ro.mp_type_list
                0x00000000000076c0       0xc0 /usr/lib/gcc/x86_64-linux-gnu/7/../../../x86_64-linux-gnu/Scrt1.o
 .rela.data.rel.ro.list_locals_dict
                0x0000000000007780       0x30 /usr/lib/gcc/x86_64-linux-gnu/7/../../../x86_64-linux-gnu/Scrt1.o
 .rela.data.rel.ro.local.list_locals_dict_table
                0x00000000000077b0      0x108 /usr/lib/gcc/x86_64-linux-gnu/7/../../../x86_64-linux-gnu/Scrt1.o
 .rela.data.rel.ro.list_sort_obj
                0x00000000000078b8       0x30 /usr/lib/gcc/x86_64-linux-gnu/7/../../../x86_64-linux-gnu/Scrt1.o
 .rela.data.rel.ro.list_reverse_obj
                0x00000000000078e8       0x30 /usr/lib/gcc/x86_64-linux-gnu/7/../../../x86_64-linux-gnu/Scrt1.o
 .rela.data.rel.ro.list_remove_obj
                0x0000000000007918       0x30 /usr/lib/gcc/x86_64-linux-gnu/7/../../../x86_64-linux-gnu/Scrt1.o
 .rela.data.rel.ro.list_pop_obj
                0x0000000000007948       0x30 /usr/lib/gcc/x86_64-linux-gnu/7/../../../x86_64-linux-gnu/Scrt1.o
 .rela.data.rel.ro.list_insert_obj
                0x0000000000007978       0x30 /usr/lib/gcc/x86_64-linux-gnu/7/../../../x86_64-linux-gnu/Scrt1.o
 .rela.data.rel.ro.list_index_obj
                0x00000000000079a8       0x30 /usr/lib/gcc/x86_64-linux-gnu/7/../../../x86_64-linux-gnu/Scrt1.o
 .rela.data.rel.ro.list_count_obj
                0x00000000000079d8       0x30 /usr/lib/gcc/x86_64-linux-gnu/7/../../../x86_64-linux-gnu/Scrt1.o
 .rela.data.rel.ro.list_copy_obj
                0x0000000000007a08       0x30 /usr/lib/gcc/x86_64-linux-gnu/7/../../../x86_64-linux-gnu/Scrt1.o
 .rela.data.rel.ro.list_clear_obj
                0x0000000000007a38       0x30 /usr/lib/gcc/x86_64-linux-gnu/7/../../../x86_64-linux-gnu/Scrt1.o
 .rela.data.rel.ro.list_extend_obj
                0x0000000000007a68       0x30 /usr/lib/gcc/x86_64-linux-gnu/7/../../../x86_64-linux-gnu/Scrt1.o
 .rela.data.rel.ro.list_append_obj
                0x0000000000007a98       0x30 /usr/lib/gcc/x86_64-linux-gnu/7/../../../x86_64-linux-gnu/Scrt1.o
 .rela.data.rel.ro.mp_type_map
                0x0000000000007ac8       0x60 /usr/lib/gcc/x86_64-linux-gnu/7/../../../x86_64-linux-gnu/Scrt1.o
 .rela.data.rel.ro.local.mp_builtin_module_map
                0x0000000000007b28       0x18 /usr/lib/gcc/x86_64-linux-gnu/7/../../../x86_64-linux-gnu/Scrt1.o
 .rela.data.rel.ro.mp_builtin_module_table
                0x0000000000007b40       0x60 /usr/lib/gcc/x86_64-linux-gnu/7/../../../x86_64-linux-gnu/Scrt1.o
 .rela.data.rel.ro.mp_type_module
                0x0000000000007ba0       0x48 /usr/lib/gcc/x86_64-linux-gnu/7/../../../x86_64-linux-gnu/Scrt1.o
 .rela.data.rel.ro.mp_type_object
                0x0000000000007be8       0x48 /usr/lib/gcc/x86_64-linux-gnu/7/../../../x86_64-linux-gnu/Scrt1.o
 .rela.data.rel.ro.object_locals_dict
                0x0000000000007c30       0x30 /usr/lib/gcc/x86_64-linux-gnu/7/../../../x86_64-linux-gnu/Scrt1.o
 .rela.data.rel.ro.local.object_locals_dict_table
                0x0000000000007c60       0x30 /usr/lib/gcc/x86_64-linux-gnu/7/../../../x86_64-linux-gnu/Scrt1.o
 .rela.data.rel.ro.object___new___obj
                0x0000000000007c90       0x30 /usr/lib/gcc/x86_64-linux-gnu/7/../../../x86_64-linux-gnu/Scrt1.o
 .rela.data.rel.ro.object___new___fun_obj
                0x0000000000007cc0       0x30 /usr/lib/gcc/x86_64-linux-gnu/7/../../../x86_64-linux-gnu/Scrt1.o
 .rela.data.rel.ro.object___init___obj
                0x0000000000007cf0       0x30 /usr/lib/gcc/x86_64-linux-gnu/7/../../../x86_64-linux-gnu/Scrt1.o
 .rela.data.rel.ro.mp_type_polymorph_iter
                0x0000000000007d20       0x48 /usr/lib/gcc/x86_64-linux-gnu/7/../../../x86_64-linux-gnu/Scrt1.o
 .rela.data.rel.ro.allowed_args.4205
                0x0000000000007d68       0x60 /usr/lib/gcc/x86_64-linux-gnu/7/../../../x86_64-linux-gnu/Scrt1.o
 .rela.data.rel.ro.mp_type_property
                0x0000000000007dc8       0x48 /usr/lib/gcc/x86_64-linux-gnu/7/../../../x86_64-linux-gnu/Scrt1.o
 .rela.data.rel.ro.property_locals_dict
                0x0000000000007e10       0x30 /usr/lib/gcc/x86_64-linux-gnu/7/../../../x86_64-linux-gnu/Scrt1.o
 .rela.data.rel.ro.local.property_locals_dict_table
                0x0000000000007e40       0x48 /usr/lib/gcc/x86_64-linux-gnu/7/../../../x86_64-linux-gnu/Scrt1.o
 .rela.data.rel.ro.property_deleter_obj
                0x0000000000007e88       0x30 /usr/lib/gcc/x86_64-linux-gnu/7/../../../x86_64-linux-gnu/Scrt1.o
 .rela.data.rel.ro.property_setter_obj
                0x0000000000007eb8       0x30 /usr/lib/gcc/x86_64-linux-gnu/7/../../../x86_64-linux-gnu/Scrt1.o
 .rela.data.rel.ro.property_getter_obj
                0x0000000000007ee8       0x30 /usr/lib/gcc/x86_64-linux-gnu/7/../../../x86_64-linux-gnu/Scrt1.o
 .rela.data.rel.ro.local.mp_const_none_obj
                0x0000000000007f18       0x18 /usr/lib/gcc/x86_64-linux-gnu/7/../../../x86_64-linux-gnu/Scrt1.o
 .rela.data.rel.ro.mp_type_NoneType
                0x0000000000007f30       0x48 /usr/lib/gcc/x86_64-linux-gnu/7/../../../x86_64-linux-gnu/Scrt1.o
 .rela.data.rel.ro.mp_type_range
                0x0000000000007f78       0xa8 /usr/lib/gcc/x86_64-linux-gnu/7/../../../x86_64-linux-gnu/Scrt1.o
 .rela.data.rel.ro.range_it_type
                0x0000000000008020       0x48 /usr/lib/gcc/x86_64-linux-gnu/7/../../../x86_64-linux-gnu/Scrt1.o
 .rela.data.rel.ro.mp_type_reversed
                0x0000000000008068       0x60 /usr/lib/gcc/x86_64-linux-gnu/7/../../../x86_64-linux-gnu/Scrt1.o
 .rela.data.rel.ro.mp_type_set
                0x00000000000080c8       0xa8 /usr/lib/gcc/x86_64-linux-gnu/7/../../../x86_64-linux-gnu/Scrt1.o
 .rela.data.rel.ro.set_locals_dict
                0x0000000000008170       0x30 /usr/lib/gcc/x86_64-linux-gnu/7/../../../x86_64-linux-gnu/Scrt1.o
 .rela.data.rel.ro.set_locals_dict_table
                0x00000000000081a0      0x1b0 /usr/lib/gcc/x86_64-linux-gnu/7/../../../x86_64-linux-gnu/Scrt1.o
 .rela.data.rel.ro.set_union_obj
                0x0000000000008350       0x30 /usr/lib/gcc/x86_64-linux-gnu/7/../../../x86_64-linux-gnu/Scrt1.o
 .rela.data.rel.ro.set_update_obj
                0x0000000000008380       0x30 /usr/lib/gcc/x86_64-linux-gnu/7/../../../x86_64-linux-gnu/Scrt1.o
 .rela.data.rel.ro.set_symmetric_difference_obj
                0x00000000000083b0       0x30 /usr/lib/gcc/x86_64-linux-gnu/7/../../../x86_64-linux-gnu/Scrt1.o
 .rela.data.rel.ro.set_symmetric_difference_update_obj
                0x00000000000083e0       0x30 /usr/lib/gcc/x86_64-linux-gnu/7/../../../x86_64-linux-gnu/Scrt1.o
 .rela.data.rel.ro.set_remove_obj
                0x0000000000008410       0x30 /usr/lib/gcc/x86_64-linux-gnu/7/../../../x86_64-linux-gnu/Scrt1.o
 .rela.data.rel.ro.set_pop_obj
                0x0000000000008440       0x30 /usr/lib/gcc/x86_64-linux-gnu/7/../../../x86_64-linux-gnu/Scrt1.o
 .rela.data.rel.ro.set_issuperset_obj
                0x0000000000008470       0x30 /usr/lib/gcc/x86_64-linux-gnu/7/../../../x86_64-linux-gnu/Scrt1.o
 .rela.data.rel.ro.set_issubset_obj
                0x00000000000084a0       0x30 /usr/lib/gcc/x86_64-linux-gnu/7/../../../x86_64-linux-gnu/Scrt1.o
 .rela.data.rel.ro.set_isdisjoint_obj
                0x00000000000084d0       0x30 /usr/lib/gcc/x86_64-linux-gnu/7/../../../x86_64-linux-gnu/Scrt1.o
 .rela.data.rel.ro.set_intersect_update_obj
                0x0000000000008500       0x30 /usr/lib/gcc/x86_64-linux-gnu/7/../../../x86_64-linux-gnu/Scrt1.o
 .rela.data.rel.ro.set_intersect_obj
                0x0000000000008530       0x30 /usr/lib/gcc/x86_64-linux-gnu/7/../../../x86_64-linux-gnu/Scrt1.o
 .rela.data.rel.ro.set_diff_update_obj
                0x0000000000008560       0x30 /usr/lib/gcc/x86_64-linux-gnu/7/../../../x86_64-linux-gnu/Scrt1.o
 .rela.data.rel.ro.set_diff_obj
                0x0000000000008590       0x30 /usr/lib/gcc/x86_64-linux-gnu/7/../../../x86_64-linux-gnu/Scrt1.o
 .rela.data.rel.ro.set_discard_obj
                0x00000000000085c0       0x30 /usr/lib/gcc/x86_64-linux-gnu/7/../../../x86_64-linux-gnu/Scrt1.o
 .rela.data.rel.ro.set_copy_obj
                0x00000000000085f0       0x30 /usr/lib/gcc/x86_64-linux-gnu/7/../../../x86_64-linux-gnu/Scrt1.o
 .rela.data.rel.ro.set_clear_obj
                0x0000000000008620       0x30 /usr/lib/gcc/x86_64-linux-gnu/7/../../../x86_64-linux-gnu/Scrt1.o
 .rela.data.rel.ro.set_add_obj
                0x0000000000008650       0x30 /usr/lib/gcc/x86_64-linux-gnu/7/../../../x86_64-linux-gnu/Scrt1.o
 .rela.data.rel.ro.local.mp_const_ellipsis_obj
                0x0000000000008680       0x18 /usr/lib/gcc/x86_64-linux-gnu/7/../../../x86_64-linux-gnu/Scrt1.o
 .rela.data.rel.ro.mp_type_singleton
                0x0000000000008698       0x30 /usr/lib/gcc/x86_64-linux-gnu/7/../../../x86_64-linux-gnu/Scrt1.o
 .rela.data.rel.ro.mp_type_slice
                0x00000000000086c8       0x30 /usr/lib/gcc/x86_64-linux-gnu/7/../../../x86_64-linux-gnu/Scrt1.o
 .rela.data.rel.ro.local.mp_const_empty_bytes_obj
                0x00000000000086f8       0x30 /usr/lib/gcc/x86_64-linux-gnu/7/../../../x86_64-linux-gnu/Scrt1.o
 .rela.data.rel.ro.mp_type_bytes
                0x0000000000008728       0xc0 /usr/lib/gcc/x86_64-linux-gnu/7/../../../x86_64-linux-gnu/Scrt1.o
 .rela.data.rel.ro.str8_locals_dict
                0x00000000000087e8       0x30 /usr/lib/gcc/x86_64-linux-gnu/7/../../../x86_64-linux-gnu/Scrt1.o
 .rela.data.rel.ro.local.str8_locals_dict_table
                0x0000000000008818      0x228 /usr/lib/gcc/x86_64-linux-gnu/7/../../../x86_64-linux-gnu/Scrt1.o
 .rela.data.rel.ro.str_encode_obj
                0x0000000000008a40       0x30 /usr/lib/gcc/x86_64-linux-gnu/7/../../../x86_64-linux-gnu/Scrt1.o
 .rela.data.rel.ro.bytes_decode_obj
                0x0000000000008a70       0x30 /usr/lib/gcc/x86_64-linux-gnu/7/../../../x86_64-linux-gnu/Scrt1.o
 .rela.data.rel.ro.str_islower_obj
                0x0000000000008aa0       0x30 /usr/lib/gcc/x86_64-linux-gnu/7/../../../x86_64-linux-gnu/Scrt1.o
 .rela.data.rel.ro.str_isupper_obj
                0x0000000000008ad0       0x30 /usr/lib/gcc/x86_64-linux-gnu/7/../../../x86_64-linux-gnu/Scrt1.o
 .rela.data.rel.ro.str_isdigit_obj
                0x0000000000008b00       0x30 /usr/lib/gcc/x86_64-linux-gnu/7/../../../x86_64-linux-gnu/Scrt1.o
 .rela.data.rel.ro.str_isalpha_obj
                0x0000000000008b30       0x30 /usr/lib/gcc/x86_64-linux-gnu/7/../../../x86_64-linux-gnu/Scrt1.o
 .rela.data.rel.ro.str_isspace_obj
                0x0000000000008b60       0x30 /usr/lib/gcc/x86_64-linux-gnu/7/../../../x86_64-linux-gnu/Scrt1.o
 .rela.data.rel.ro.str_upper_obj
                0x0000000000008b90       0x30 /usr/lib/gcc/x86_64-linux-gnu/7/../../../x86_64-linux-gnu/Scrt1.o
 .rela.data.rel.ro.str_lower_obj
                0x0000000000008bc0       0x30 /usr/lib/gcc/x86_64-linux-gnu/7/../../../x86_64-linux-gnu/Scrt1.o
 .rela.data.rel.ro.str_count_obj
                0x0000000000008bf0       0x30 /usr/lib/gcc/x86_64-linux-gnu/7/../../../x86_64-linux-gnu/Scrt1.o
 .rela.data.rel.ro.str_replace_obj
                0x0000000000008c20       0x30 /usr/lib/gcc/x86_64-linux-gnu/7/../../../x86_64-linux-gnu/Scrt1.o
 .rela.data.rel.ro.str_format_obj
                0x0000000000008c50       0x30 /usr/lib/gcc/x86_64-linux-gnu/7/../../../x86_64-linux-gnu/Scrt1.o
 .rela.data.rel.ro.str_rstrip_obj
                0x0000000000008c80       0x30 /usr/lib/gcc/x86_64-linux-gnu/7/../../../x86_64-linux-gnu/Scrt1.o
 .rela.data.rel.ro.str_lstrip_obj
                0x0000000000008cb0       0x30 /usr/lib/gcc/x86_64-linux-gnu/7/../../../x86_64-linux-gnu/Scrt1.o
 .rela.data.rel.ro.str_strip_obj
                0x0000000000008ce0       0x30 /usr/lib/gcc/x86_64-linux-gnu/7/../../../x86_64-linux-gnu/Scrt1.o
 .rela.data.rel.ro.str_endswith_obj
                0x0000000000008d10       0x30 /usr/lib/gcc/x86_64-linux-gnu/7/../../../x86_64-linux-gnu/Scrt1.o
 .rela.data.rel.ro.str_startswith_obj
                0x0000000000008d40       0x30 /usr/lib/gcc/x86_64-linux-gnu/7/../../../x86_64-linux-gnu/Scrt1.o
 .rela.data.rel.ro.str_rindex_obj
                0x0000000000008d70       0x30 /usr/lib/gcc/x86_64-linux-gnu/7/../../../x86_64-linux-gnu/Scrt1.o
 .rela.data.rel.ro.str_index_obj
                0x0000000000008da0       0x30 /usr/lib/gcc/x86_64-linux-gnu/7/../../../x86_64-linux-gnu/Scrt1.o
 .rela.data.rel.ro.str_rfind_obj
                0x0000000000008dd0       0x30 /usr/lib/gcc/x86_64-linux-gnu/7/../../../x86_64-linux-gnu/Scrt1.o
 .rela.data.rel.ro.str_find_obj
                0x0000000000008e00       0x30 /usr/lib/gcc/x86_64-linux-gnu/7/../../../x86_64-linux-gnu/Scrt1.o
 .rela.data.rel.ro.str_rsplit_obj
                0x0000000000008e30       0x30 /usr/lib/gcc/x86_64-linux-gnu/7/../../../x86_64-linux-gnu/Scrt1.o
 .rela.data.rel.ro.str_split_obj
                0x0000000000008e60       0x30 /usr/lib/gcc/x86_64-linux-gnu/7/../../../x86_64-linux-gnu/Scrt1.o
 .rela.data.rel.ro.str_join_obj
                0x0000000000008e90       0x30 /usr/lib/gcc/x86_64-linux-gnu/7/../../../x86_64-linux-gnu/Scrt1.o
 .rela.data.rel.ro.mp_type_str
                0x0000000000008ec0       0xd8 /usr/lib/gcc/x86_64-linux-gnu/7/../../../x86_64-linux-gnu/Scrt1.o
 .rela.data.rel.ro.struni_locals_dict
                0x0000000000008f98       0x30 /usr/lib/gcc/x86_64-linux-gnu/7/../../../x86_64-linux-gnu/Scrt1.o
 .rela.data.rel.ro.struni_locals_dict_table
                0x0000000000008fc8      0x228 /usr/lib/gcc/x86_64-linux-gnu/7/../../../x86_64-linux-gnu/Scrt1.o
 .rela.data.rel.ro.local.mp_const_empty_tuple_obj
                0x00000000000091f0       0x18 /usr/lib/gcc/x86_64-linux-gnu/7/../../../x86_64-linux-gnu/Scrt1.o
 .rela.data.rel.ro.mp_type_tuple
                0x0000000000009208       0xc0 /usr/lib/gcc/x86_64-linux-gnu/7/../../../x86_64-linux-gnu/Scrt1.o
 .rela.data.rel.ro.tuple_locals_dict
                0x00000000000092c8       0x30 /usr/lib/gcc/x86_64-linux-gnu/7/../../../x86_64-linux-gnu/Scrt1.o
 .rela.data.rel.ro.local.tuple_locals_dict_table
                0x00000000000092f8       0x30 /usr/lib/gcc/x86_64-linux-gnu/7/../../../x86_64-linux-gnu/Scrt1.o
 .rela.data.rel.ro.tuple_index_obj
                0x0000000000009328       0x30 /usr/lib/gcc/x86_64-linux-gnu/7/../../../x86_64-linux-gnu/Scrt1.o
 .rela.data.rel.ro.tuple_count_obj
                0x0000000000009358       0x30 /usr/lib/gcc/x86_64-linux-gnu/7/../../../x86_64-linux-gnu/Scrt1.o
 .rela.data.rel.ro.local.mp_type_classmethod
                0x0000000000009388       0x30 /usr/lib/gcc/x86_64-linux-gnu/7/../../../x86_64-linux-gnu/Scrt1.o
 .rela.data.rel.ro.local.mp_type_staticmethod
                0x00000000000093b8       0x30 /usr/lib/gcc/x86_64-linux-gnu/7/../../../x86_64-linux-gnu/Scrt1.o
 .rela.data.rel.ro.mp_builtin_isinstance_obj
                0x00000000000093e8       0x30 /usr/lib/gcc/x86_64-linux-gnu/7/../../../x86_64-linux-gnu/Scrt1.o
 .rela.data.rel.ro.mp_builtin_issubclass_obj
                0x0000000000009418       0x30 /usr/lib/gcc/x86_64-linux-gnu/7/../../../x86_64-linux-gnu/Scrt1.o
 .rela.data.rel.ro.local.mp_type_super
                0x0000000000009448       0x60 /usr/lib/gcc/x86_64-linux-gnu/7/../../../x86_64-linux-gnu/Scrt1.o
 .rela.data.rel.ro.mp_type_type
                0x00000000000094a8       0x90 /usr/lib/gcc/x86_64-linux-gnu/7/../../../x86_64-linux-gnu/Scrt1.o
 .rela.data.rel.ro.native_base_init_wrapper_obj
                0x0000000000009538       0x30 /usr/lib/gcc/x86_64-linux-gnu/7/../../../x86_64-linux-gnu/Scrt1.o
 .rela.data.rel.ro.mp_type_zip
                0x0000000000009568       0x60 /usr/lib/gcc/x86_64-linux-gnu/7/../../../x86_64-linux-gnu/Scrt1.o
 .rela.data.rel.ro.mp_op_contains_obj
                0x00000000000095c8       0x30 /usr/lib/gcc/x86_64-linux-gnu/7/../../../x86_64-linux-gnu/Scrt1.o
 .rela.data.rel.ro.mp_op_delitem_obj
                0x00000000000095f8       0x30 /usr/lib/gcc/x86_64-linux-gnu/7/../../../x86_64-linux-gnu/Scrt1.o
 .rela.data.rel.ro.mp_op_setitem_obj
                0x0000000000009628       0x30 /usr/lib/gcc/x86_64-linux-gnu/7/../../../x86_64-linux-gnu/Scrt1.o
 .rela.data.rel.ro.mp_op_getitem_obj
                0x0000000000009658       0x30 /usr/lib/gcc/x86_64-linux-gnu/7/../../../x86_64-linux-gnu/Scrt1.o
 .rela.data.rel.ro.mp_builtin___import___obj
                0x0000000000009688       0x30 /usr/lib/gcc/x86_64-linux-gnu/7/../../../x86_64-linux-gnu/Scrt1.o
 .rela.data.rel.ro.mp_builtin_exec_obj
                0x00000000000096b8       0x30 /usr/lib/gcc/x86_64-linux-gnu/7/../../../x86_64-linux-gnu/Scrt1.o
 .rela.data.rel.ro.mp_builtin_eval_obj
                0x00000000000096e8       0x30 /usr/lib/gcc/x86_64-linux-gnu/7/../../../x86_64-linux-gnu/Scrt1.o
 .rela.data.rel.ro.mp_module_builtins
                0x0000000000009718       0x30 /usr/lib/gcc/x86_64-linux-gnu/7/../../../x86_64-linux-gnu/Scrt1.o
 .rela.data.rel.ro.mp_module_builtins_globals
                0x0000000000009748       0x30 /usr/lib/gcc/x86_64-linux-gnu/7/../../../x86_64-linux-gnu/Scrt1.o
 .rela.data.rel.ro.mp_module_builtins_globals_table
                0x0000000000009778      0x870 /usr/lib/gcc/x86_64-linux-gnu/7/../../../x86_64-linux-gnu/Scrt1.o
 .rela.data.rel.ro.mp_builtin_len_obj
                0x0000000000009fe8       0x30 /usr/lib/gcc/x86_64-linux-gnu/7/../../../x86_64-linux-gnu/Scrt1.o
 .rela.data.rel.ro.mp_builtin_id_obj
                0x000000000000a018       0x30 /usr/lib/gcc/x86_64-linux-gnu/7/../../../x86_64-linux-gnu/Scrt1.o
 .rela.data.rel.ro.mp_builtin_locals_obj
                0x000000000000a048       0x30 /usr/lib/gcc/x86_64-linux-gnu/7/../../../x86_64-linux-gnu/Scrt1.o
 .rela.data.rel.ro.mp_builtin_globals_obj
                0x000000000000a078       0x30 /usr/lib/gcc/x86_64-linux-gnu/7/../../../x86_64-linux-gnu/Scrt1.o
 .rela.data.rel.ro.mp_builtin_hasattr_obj
                0x000000000000a0a8       0x30 /usr/lib/gcc/x86_64-linux-gnu/7/../../../x86_64-linux-gnu/Scrt1.o
 .rela.data.rel.ro.mp_builtin_delattr_obj
                0x000000000000a0d8       0x30 /usr/lib/gcc/x86_64-linux-gnu/7/../../../x86_64-linux-gnu/Scrt1.o
 .rela.data.rel.ro.mp_builtin_setattr_obj
                0x000000000000a108       0x30 /usr/lib/gcc/x86_64-linux-gnu/7/../../../x86_64-linux-gnu/Scrt1.o
 .rela.data.rel.ro.mp_builtin_getattr_obj
                0x000000000000a138       0x30 /usr/lib/gcc/x86_64-linux-gnu/7/../../../x86_64-linux-gnu/Scrt1.o
 .rela.data.rel.ro.mp_builtin_sorted_obj
                0x000000000000a168       0x30 /usr/lib/gcc/x86_64-linux-gnu/7/../../../x86_64-linux-gnu/Scrt1.o
 .rela.data.rel.ro.mp_builtin_sum_obj
                0x000000000000a198       0x30 /usr/lib/gcc/x86_64-linux-gnu/7/../../../x86_64-linux-gnu/Scrt1.o
 .rela.data.rel.ro.mp_builtin_round_obj
                0x000000000000a1c8       0x30 /usr/lib/gcc/x86_64-linux-gnu/7/../../../x86_64-linux-gnu/Scrt1.o
 .rela.data.rel.ro.mp_builtin_repr_obj
                0x000000000000a1f8       0x30 /usr/lib/gcc/x86_64-linux-gnu/7/../../../x86_64-linux-gnu/Scrt1.o
 .rela.data.rel.ro.mp_builtin___repl_print___obj
                0x000000000000a228       0x30 /usr/lib/gcc/x86_64-linux-gnu/7/../../../x86_64-linux-gnu/Scrt1.o
 .rela.data.rel.ro.mp_builtin_print_obj
                0x000000000000a258       0x30 /usr/lib/gcc/x86_64-linux-gnu/7/../../../x86_64-linux-gnu/Scrt1.o
 .rela.data.rel.ro.mp_builtin_pow_obj
                0x000000000000a288       0x30 /usr/lib/gcc/x86_64-linux-gnu/7/../../../x86_64-linux-gnu/Scrt1.o
 .rela.data.rel.ro.mp_builtin_ord_obj
                0x000000000000a2b8       0x30 /usr/lib/gcc/x86_64-linux-gnu/7/../../../x86_64-linux-gnu/Scrt1.o
 .rela.data.rel.ro.mp_builtin_oct_obj
                0x000000000000a2e8       0x30 /usr/lib/gcc/x86_64-linux-gnu/7/../../../x86_64-linux-gnu/Scrt1.o
 .rela.data.rel.ro.mp_builtin_next_obj
                0x000000000000a318       0x30 /usr/lib/gcc/x86_64-linux-gnu/7/../../../x86_64-linux-gnu/Scrt1.o
 .rela.data.rel.ro.mp_builtin_min_obj
                0x000000000000a348       0x30 /usr/lib/gcc/x86_64-linux-gnu/7/../../../x86_64-linux-gnu/Scrt1.o
 .rela.data.rel.ro.mp_builtin_max_obj
                0x000000000000a378       0x30 /usr/lib/gcc/x86_64-linux-gnu/7/../../../x86_64-linux-gnu/Scrt1.o
 .rela.data.rel.ro.mp_builtin_iter_obj
                0x000000000000a3a8       0x30 /usr/lib/gcc/x86_64-linux-gnu/7/../../../x86_64-linux-gnu/Scrt1.o
 .rela.data.rel.ro.mp_builtin_hex_obj
                0x000000000000a3d8       0x30 /usr/lib/gcc/x86_64-linux-gnu/7/../../../x86_64-linux-gnu/Scrt1.o
 .rela.data.rel.ro.mp_builtin_hash_obj
                0x000000000000a408       0x30 /usr/lib/gcc/x86_64-linux-gnu/7/../../../x86_64-linux-gnu/Scrt1.o
 .rela.data.rel.ro.mp_builtin_divmod_obj
                0x000000000000a438       0x30 /usr/lib/gcc/x86_64-linux-gnu/7/../../../x86_64-linux-gnu/Scrt1.o
 .rela.data.rel.ro.mp_builtin_dir_obj
                0x000000000000a468       0x30 /usr/lib/gcc/x86_64-linux-gnu/7/../../../x86_64-linux-gnu/Scrt1.o
 .rela.data.rel.ro.mp_builtin_chr_obj
                0x000000000000a498       0x30 /usr/lib/gcc/x86_64-linux-gnu/7/../../../x86_64-linux-gnu/Scrt1.o
 .rela.data.rel.ro.mp_builtin_callable_obj
                0x000000000000a4c8       0x30 /usr/lib/gcc/x86_64-linux-gnu/7/../../../x86_64-linux-gnu/Scrt1.o
 .rela.data.rel.ro.mp_builtin_bin_obj
                0x000000000000a4f8       0x30 /usr/lib/gcc/x86_64-linux-gnu/7/../../../x86_64-linux-gnu/Scrt1.o
 .rela.data.rel.ro.mp_builtin_any_obj
                0x000000000000a528       0x30 /usr/lib/gcc/x86_64-linux-gnu/7/../../../x86_64-linux-gnu/Scrt1.o
 .rela.data.rel.ro.mp_builtin_all_obj
                0x000000000000a558       0x30 /usr/lib/gcc/x86_64-linux-gnu/7/../../../x86_64-linux-gnu/Scrt1.o
 .rela.data.rel.ro.mp_builtin_abs_obj
                0x000000000000a588       0x30 /usr/lib/gcc/x86_64-linux-gnu/7/../../../x86_64-linux-gnu/Scrt1.o
 .rela.data.rel.ro.mp_builtin___build_class___obj
                0x000000000000a5b8       0x30 /usr/lib/gcc/x86_64-linux-gnu/7/../../../x86_64-linux-gnu/Scrt1.o
 .rela.data.rel.ro.mp_module_micropython
                0x000000000000a5e8       0x30 /usr/lib/gcc/x86_64-linux-gnu/7/../../../x86_64-linux-gnu/Scrt1.o
 .rela.data.rel.ro.mp_module_micropython_globals
                0x000000000000a618       0x30 /usr/lib/gcc/x86_64-linux-gnu/7/../../../x86_64-linux-gnu/Scrt1.o
 .rela.data.rel.ro.mp_module_micropython_globals_table
                0x000000000000a648       0x60 /usr/lib/gcc/x86_64-linux-gnu/7/../../../x86_64-linux-gnu/Scrt1.o
 .rela.data.rel.ro.mp_micropython_heap_unlock_obj
                0x000000000000a6a8       0x30 /usr/lib/gcc/x86_64-linux-gnu/7/../../../x86_64-linux-gnu/Scrt1.o
 .rela.data.rel.ro.mp_micropython_heap_lock_obj
                0x000000000000a6d8       0x30 /usr/lib/gcc/x86_64-linux-gnu/7/../../../x86_64-linux-gnu/Scrt1.o
 .rela.data.rel.ro.mp_micropython_opt_level_obj
                0x000000000000a708       0x30 /usr/lib/gcc/x86_64-linux-gnu/7/../../../x86_64-linux-gnu/Scrt1.o
 .rela.data.rel.ro.mp_module_ustruct
                0x000000000000a738       0x30 /usr/lib/gcc/x86_64-linux-gnu/7/../../../x86_64-linux-gnu/Scrt1.o
 .rela.data.rel.ro.mp_module_struct_globals
                0x000000000000a768       0x30 /usr/lib/gcc/x86_64-linux-gnu/7/../../../x86_64-linux-gnu/Scrt1.o
 .rela.data.rel.ro.local.mp_module_struct_globals_table
                0x000000000000a798       0x78 /usr/lib/gcc/x86_64-linux-gnu/7/../../../x86_64-linux-gnu/Scrt1.o
 .rela.data.rel.ro.struct_pack_into_obj
                0x000000000000a810       0x30 /usr/lib/gcc/x86_64-linux-gnu/7/../../../x86_64-linux-gnu/Scrt1.o
 .rela.data.rel.ro.struct_pack_obj
                0x000000000000a840       0x30 /usr/lib/gcc/x86_64-linux-gnu/7/../../../x86_64-linux-gnu/Scrt1.o
 .rela.data.rel.ro.struct_unpack_from_obj
                0x000000000000a870       0x30 /usr/lib/gcc/x86_64-linux-gnu/7/../../../x86_64-linux-gnu/Scrt1.o
 .rela.data.rel.ro.struct_calcsize_obj
                0x000000000000a8a0       0x30 /usr/lib/gcc/x86_64-linux-gnu/7/../../../x86_64-linux-gnu/Scrt1.o
 .rela.data.rel.ro.local.mp_stderr_print
                0x000000000000a8d0       0x18 /usr/lib/gcc/x86_64-linux-gnu/7/../../../x86_64-linux-gnu/Scrt1.o
 *(.rela.tdata .rela.tdata.* .rela.gnu.linkonce.td.*)
 *(.rela.tbss .rela.tbss.* .rela.gnu.linkonce.tb.*)
 *(.rela.ctors)
 *(.rela.dtors)
 *(.rela.got)
 .rela.got      0x000000000000a8e8       0xc0 /usr/lib/gcc/x86_64-linux-gnu/7/../../../x86_64-linux-gnu/Scrt1.o
 *(.rela.bss .rela.bss.* .rela.gnu.linkonce.b.*)
 .rela.bss      0x000000000000a9a8        0x0 /usr/lib/gcc/x86_64-linux-gnu/7/../../../x86_64-linux-gnu/Scrt1.o
 *(.rela.ldata .rela.ldata.* .rela.gnu.linkonce.l.*)
 *(.rela.lbss .rela.lbss.* .rela.gnu.linkonce.lb.*)
 *(.rela.lrodata .rela.lrodata.* .rela.gnu.linkonce.lr.*)
 *(.rela.ifunc)
 .rela.ifunc    0x000000000000a9a8        0x0 /usr/lib/gcc/x86_64-linux-gnu/7/../../../x86_64-linux-gnu/Scrt1.o
 .rela.fini_array
                0x000000000000a9a8       0x18 /usr/lib/gcc/x86_64-linux-gnu/7/../../../x86_64-linux-gnu/Scrt1.o
 .rela.init_array
                0x000000000000a9c0       0x18 /usr/lib/gcc/x86_64-linux-gnu/7/../../../x86_64-linux-gnu/Scrt1.o

.rela.plt       0x000000000000a9d8      0x2d0
 *(.rela.plt)
 .rela.plt      0x000000000000a9d8      0x2d0 /usr/lib/gcc/x86_64-linux-gnu/7/../../../x86_64-linux-gnu/Scrt1.o
                [!provide]                        PROVIDE (__rela_iplt_start = .)
 *(.rela.iplt)
                [!provide]                        PROVIDE (__rela_iplt_end = .)

.init           0x000000000000aca8       0x17
 *(SORT_NONE(.init))
 .init          0x000000000000aca8       0x12 /usr/lib/gcc/x86_64-linux-gnu/7/../../../x86_64-linux-gnu/crti.o
                0x000000000000aca8                _init
 .init          0x000000000000acba        0x5 /usr/lib/gcc/x86_64-linux-gnu/7/../../../x86_64-linux-gnu/crtn.o

.plt            0x000000000000acc0      0x1f0
 *(.plt)
 .plt           0x000000000000acc0      0x1f0 /usr/lib/gcc/x86_64-linux-gnu/7/../../../x86_64-linux-gnu/Scrt1.o
 *(.iplt)

.plt.got        0x000000000000aeb0        0x8
 *(.plt.got)
 .plt.got       0x000000000000aeb0        0x8 /usr/lib/gcc/x86_64-linux-gnu/7/../../../x86_64-linux-gnu/Scrt1.o

.plt.sec
 *(.plt.sec)

.text           0x000000000000aec0    0x3bef2
 *(.text.unlikely .text.*_unlikely .text.unlikely.*)
 .text.unlikely.get_label_dest.part.2
                0x000000000000aec0       0x23 build/py/asmx64.o
 .text.unlikely.get_label_dest.part.4
                0x000000000000aee3       0x23 build/py/asmx86.o
 .text.unlikely.raise_exc
                0x000000000000af06       0x29 build/py/parsenum.o
 .text.unlikely.gen_instance_throw.part.0
                0x000000000000af2f       0x18 build/py/objgenerator.o
 .text.unlikely.bad_implicit_conversion
                0x000000000000af47       0x3e build/py/objstr.o
 .text.unlikely.fun_pos_args_mismatch
                0x000000000000af85       0x3a build/py/bc.o
 *(.text.exit .text.exit.*)
 *(.text.startup .text.startup.*)
 .text.startup.main
                0x000000000000afbf       0x22 build/main.o
                0x000000000000afbf                main
 *(.text.hot .text.hot.*)
 *(.text .stub .text.* .gnu.linkonce.t.*)
 *fill*         0x000000000000afe1        0xf 
 .text          0x000000000000aff0       0x2b /usr/lib/gcc/x86_64-linux-gnu/7/../../../x86_64-linux-gnu/Scrt1.o
                0x000000000000aff0                _start
 *fill*         0x000000000000b01b        0x5 
 .text          0x000000000000b020       0xda /usr/lib/gcc/x86_64-linux-gnu/7/crtbeginS.o
 .text.nlr_push_tail
                0x000000000000b0fa       0x14 build/py/nlr.o
                0x000000000000b0fa                nlr_push_tail
 .text.nlr_pop  0x000000000000b10e       0x12 build/py/nlr.o
                0x000000000000b10e                nlr_pop
 .text.nlr_push
                0x000000000000b120       0x2c build/py/nlrx64.o
                0x000000000000b120                nlr_push
 .text.nlr_jump
                0x000000000000b14c       0x52 build/py/nlrx64.o
                0x000000000000b14c                nlr_jump
 .text.m_malloc
                0x000000000000b19e       0x1f build/py/malloc.o
                0x000000000000b19e                m_malloc
 .text.m_malloc_maybe
                0x000000000000b1bd        0x7 build/py/malloc.o
                0x000000000000b1bd                m_malloc_maybe
 .text.m_malloc0
                0x000000000000b1c4        0x5 build/py/malloc.o
                0x000000000000b1c4                m_malloc0
 .text.m_realloc
                0x000000000000b1c9       0x22 build/py/malloc.o
                0x000000000000b1c9                m_realloc
 .text.m_realloc_maybe
                0x000000000000b1eb        0x8 build/py/malloc.o
                0x000000000000b1eb                m_realloc_maybe
 .text.m_free   0x000000000000b1f3        0x5 build/py/malloc.o
                0x000000000000b1f3                m_free
 *fill*         0x000000000000b1f8        0x8 
 .text.gc_mark_subtree
                0x000000000000b200      0x114 build/py/gc.o
 *fill*         0x000000000000b314        0xc 
 .text.gc_free.part.0
                0x000000000000b320      0x10f build/py/gc.o
 *fill*         0x000000000000b42f        0x1 
 .text.gc_init  0x000000000000b430       0x82 build/py/gc.o
                0x000000000000b430                gc_init
 *fill*         0x000000000000b4b2        0xe 
 .text.gc_lock  0x000000000000b4c0        0x9 build/py/gc.o
                0x000000000000b4c0                gc_lock
 *fill*         0x000000000000b4c9        0x7 
 .text.gc_unlock
                0x000000000000b4d0        0x9 build/py/gc.o
                0x000000000000b4d0                gc_unlock
 *fill*         0x000000000000b4d9        0x7 
 .text.gc_is_locked
                0x000000000000b4e0        0xc build/py/gc.o
                0x000000000000b4e0                gc_is_locked
 *fill*         0x000000000000b4ec        0x4 
 .text.gc_collect_start
                0x000000000000b4f0       0xa1 build/py/gc.o
                0x000000000000b4f0                gc_collect_start
 *fill*         0x000000000000b591        0xf 
 .text.gc_collect_root
                0x000000000000b5a0       0x99 build/py/gc.o
                0x000000000000b5a0                gc_collect_root
 *fill*         0x000000000000b639        0x7 
 .text.gc_collect_end
                0x000000000000b640      0x151 build/py/gc.o
                0x000000000000b640                gc_collect_end
 *fill*         0x000000000000b791        0xf 
 .text.gc_alloc
                0x000000000000b7a0      0x20d build/py/gc.o
                0x000000000000b7a0                gc_alloc
 *fill*         0x000000000000b9ad        0x3 
 .text.gc_free  0x000000000000b9b0       0x1a build/py/gc.o
                0x000000000000b9b0                gc_free
 *fill*         0x000000000000b9ca        0x6 
 .text.gc_realloc
                0x000000000000b9d0      0x300 build/py/gc.o
                0x000000000000b9d0                gc_realloc
 .text.find_qstr
                0x000000000000bcd0       0x1e build/py/qstr.o
 .text.qstr_compute_hash
                0x000000000000bcee       0x29 build/py/qstr.o
                0x000000000000bcee                qstr_compute_hash
 .text.qstr_init
                0x000000000000bd17       0x1a build/py/qstr.o
                0x000000000000bd17                qstr_init
 .text.qstr_find_strn
                0x000000000000bd31       0x94 build/py/qstr.o
                0x000000000000bd31                qstr_find_strn
 .text.qstr_from_strn
                0x000000000000bdc5      0x1ce build/py/qstr.o
                0x000000000000bdc5                qstr_from_strn
 .text.qstr_from_str
                0x000000000000bf93       0x1d build/py/qstr.o
                0x000000000000bf93                qstr_from_str
 .text.qstr_hash
                0x000000000000bfb0        0x9 build/py/qstr.o
                0x000000000000bfb0                qstr_hash
 .text.qstr_len
                0x000000000000bfb9        0xa build/py/qstr.o
                0x000000000000bfb9                qstr_len
 .text.qstr_str
                0x000000000000bfc3        0xa build/py/qstr.o
                0x000000000000bfc3                qstr_str
 .text.qstr_data
                0x000000000000bfcd       0x11 build/py/qstr.o
                0x000000000000bfcd                qstr_data
 .text.vstr_ensure_extra
                0x000000000000bfde       0x4a build/py/vstr.o
 .text.vstr_add_strn
                0x000000000000c028       0x31 build/py/vstr.o
                0x000000000000c028                vstr_add_strn
 .text.vstr_init
                0x000000000000c059       0x2b build/py/vstr.o
                0x000000000000c059                vstr_init
 .text.vstr_init_len
                0x000000000000c084       0x1d build/py/vstr.o
                0x000000000000c084                vstr_init_len
 .text.vstr_init_fixed_buf
                0x000000000000c0a1       0x14 build/py/vstr.o
                0x000000000000c0a1                vstr_init_fixed_buf
 .text.vstr_init_print
                0x000000000000c0b5       0x23 build/py/vstr.o
                0x000000000000c0b5                vstr_init_print
 .text.vstr_clear
                0x000000000000c0d8       0x1d build/py/vstr.o
                0x000000000000c0d8                vstr_clear
 .text.vstr_extend
                0x000000000000c0f5       0x43 build/py/vstr.o
                0x000000000000c0f5                vstr_extend
 .text.vstr_add_len
                0x000000000000c138       0x27 build/py/vstr.o
                0x000000000000c138                vstr_add_len
 .text.vstr_null_terminated_str
                0x000000000000c15f       0x29 build/py/vstr.o
                0x000000000000c15f                vstr_null_terminated_str
 .text.vstr_add_byte
                0x000000000000c188       0x11 build/py/vstr.o
                0x000000000000c188                vstr_add_byte
 .text.vstr_add_char
                0x000000000000c199       0xda build/py/vstr.o
                0x000000000000c199                vstr_add_char
 .text.vstr_add_str
                0x000000000000c273       0x20 build/py/vstr.o
                0x000000000000c273                vstr_add_str
 .text.vstr_cut_tail_bytes
                0x000000000000c293       0x1b build/py/vstr.o
                0x000000000000c293                vstr_cut_tail_bytes
 .text.plat_print_strn
                0x000000000000c2ae        0x1 build/py/mpprint.o
 .text.mp_print_str
                0x000000000000c2af       0x2a build/py/mpprint.o
                0x000000000000c2af                mp_print_str
 .text.mp_print_strn
                0x000000000000c2d9      0x103 build/py/mpprint.o
                0x000000000000c2d9                mp_print_strn
 .text.mp_print_int
                0x000000000000c3dc      0x133 build/py/mpprint.o
 .text.mp_print_mp_int
                0x000000000000c50f      0x376 build/py/mpprint.o
                0x000000000000c50f                mp_print_mp_int
 .text.mp_print_float
                0x000000000000c885       0xf7 build/py/mpprint.o
                0x000000000000c885                mp_print_float
 .text.mp_vprintf
                0x000000000000c97c      0x526 build/py/mpprint.o
                0x000000000000c97c                mp_vprintf
 .text.mp_printf
                0x000000000000cea2       0xb1 build/py/mpprint.o
                0x000000000000cea2                mp_printf
 .text.utf8_get_char
                0x000000000000cf53       0x3a build/py/unicode.o
                0x000000000000cf53                utf8_get_char
 .text.utf8_next_char
                0x000000000000cf8d       0x14 build/py/unicode.o
                0x000000000000cf8d                utf8_next_char
 .text.utf8_ptr_to_index
                0x000000000000cfa1       0x1a build/py/unicode.o
                0x000000000000cfa1                utf8_ptr_to_index
 .text.utf8_charlen
                0x000000000000cfbb       0x1d build/py/unicode.o
                0x000000000000cfbb                utf8_charlen
 .text.unichar_isspace
                0x000000000000cfd8       0x1c build/py/unicode.o
                0x000000000000cfd8                unichar_isspace
 .text.unichar_isalpha
                0x000000000000cff4       0x1d build/py/unicode.o
                0x000000000000cff4                unichar_isalpha
 .text.unichar_isdigit
                0x000000000000d011       0x1d build/py/unicode.o
                0x000000000000d011                unichar_isdigit
 .text.unichar_isxdigit
                0x000000000000d02e       0x1d build/py/unicode.o
                0x000000000000d02e                unichar_isxdigit
 .text.unichar_isupper
                0x000000000000d04b       0x1d build/py/unicode.o
                0x000000000000d04b                unichar_isupper
 .text.unichar_islower
                0x000000000000d068       0x1d build/py/unicode.o
                0x000000000000d068                unichar_islower
 .text.unichar_tolower
                0x000000000000d085       0x11 build/py/unicode.o
                0x000000000000d085                unichar_tolower
 .text.unichar_toupper
                0x000000000000d096       0x11 build/py/unicode.o
                0x000000000000d096                unichar_toupper
 .text.unichar_xdigit_value
                0x000000000000d0a7       0x11 build/py/unicode.o
                0x000000000000d0a7                unichar_xdigit_value
 .text.utf8_check
                0x000000000000d0b8       0x4c build/py/unicode.o
                0x000000000000d0b8                utf8_check
 .text.mpn_remove_trailing_zeros
                0x000000000000d104       0x1a build/py/mpz.o
 .text.mpn_shr  0x000000000000d11e       0x4a build/py/mpz.o
 .text.mpn_add  0x000000000000d168       0x66 build/py/mpz.o
 .text.mpn_sub  0x000000000000d1ce       0x57 build/py/mpz.o
 .text.mpn_cmp.part.1
                0x000000000000d225       0x2e build/py/mpz.o
 .text.mpz_free
                0x000000000000d253       0x1c build/py/mpz.o
 .text.mpz_need_dig
                0x000000000000d26f       0x6f build/py/mpz.o
 .text.mpz_clone
                0x000000000000d2de       0x8a build/py/mpz.o
 .text.mpz_set_from_int.part.5
                0x000000000000d368       0x5c build/py/mpz.o
 .text.mpz_init_zero
                0x000000000000d3c4       0x18 build/py/mpz.o
                0x000000000000d3c4                mpz_init_zero
 .text.mpz_deinit
                0x000000000000d3dc       0x14 build/py/mpz.o
                0x000000000000d3dc                mpz_deinit
 .text.mpz_set  0x000000000000d3f0       0x46 build/py/mpz.o
                0x000000000000d3f0                mpz_set
 .text.mpz_set_from_int
                0x000000000000d436       0x13 build/py/mpz.o
                0x000000000000d436                mpz_set_from_int
 .text.mpz_init_from_int
                0x000000000000d449        0xf build/py/mpz.o
                0x000000000000d449                mpz_init_from_int
 .text.mpz_init_fixed_from_int
                0x000000000000d458       0x32 build/py/mpz.o
                0x000000000000d458                mpz_init_fixed_from_int
 .text.mpz_set_from_ll
                0x000000000000d48a       0x63 build/py/mpz.o
                0x000000000000d48a                mpz_set_from_ll
 .text.mpz_set_from_float
                0x000000000000d4ed      0x163 build/py/mpz.o
                0x000000000000d4ed                mpz_set_from_float
 .text.mpz_set_from_str
                0x000000000000d650      0x102 build/py/mpz.o
                0x000000000000d650                mpz_set_from_str
 .text.mpz_set_from_bytes
                0x000000000000d752       0xa2 build/py/mpz.o
                0x000000000000d752                mpz_set_from_bytes
 .text.mpz_cmp  0x000000000000d7f4       0x4d build/py/mpz.o
                0x000000000000d7f4                mpz_cmp
 .text.mpz_abs_inpl
                0x000000000000d841       0x13 build/py/mpz.o
                0x000000000000d841                mpz_abs_inpl
 .text.mpz_neg_inpl
                0x000000000000d854       0x20 build/py/mpz.o
                0x000000000000d854                mpz_neg_inpl
 .text.mpz_not_inpl
                0x000000000000d874       0xd2 build/py/mpz.o
                0x000000000000d874                mpz_not_inpl
 .text.mpz_shl_inpl
                0x000000000000d946       0xda build/py/mpz.o
                0x000000000000d946                mpz_shl_inpl
 .text.mpz_shr_inpl
                0x000000000000da20      0x134 build/py/mpz.o
                0x000000000000da20                mpz_shr_inpl
 .text.mpz_add_inpl
                0x000000000000db54       0xa7 build/py/mpz.o
                0x000000000000db54                mpz_add_inpl
 .text.mpz_sub_inpl
                0x000000000000dbfb       0xc1 build/py/mpz.o
                0x000000000000dbfb                mpz_sub_inpl
 .text.mpz_and_inpl
                0x000000000000dcbc      0x142 build/py/mpz.o
                0x000000000000dcbc                mpz_and_inpl
 .text.mpz_or_inpl
                0x000000000000ddfe      0x14f build/py/mpz.o
                0x000000000000ddfe                mpz_or_inpl
 .text.mpz_xor_inpl
                0x000000000000df4d      0x125 build/py/mpz.o
                0x000000000000df4d                mpz_xor_inpl
 .text.mpz_mul_inpl
                0x000000000000e072      0x146 build/py/mpz.o
                0x000000000000e072                mpz_mul_inpl
 .text.mpz_pow_inpl
                0x000000000000e1b8       0xb3 build/py/mpz.o
                0x000000000000e1b8                mpz_pow_inpl
 .text.mpz_divmod_inpl
                0x000000000000e26b      0x3cd build/py/mpz.o
                0x000000000000e26b                mpz_divmod_inpl
 .text.mpz_hash
                0x000000000000e638       0x2c build/py/mpz.o
                0x000000000000e638                mpz_hash
 .text.mpz_as_int_checked
                0x000000000000e664       0x3c build/py/mpz.o
                0x000000000000e664                mpz_as_int_checked
 .text.mpz_as_bytes
                0x000000000000e6a0       0x96 build/py/mpz.o
                0x000000000000e6a0                mpz_as_bytes
 .text.mpz_as_float
                0x000000000000e736       0x3f build/py/mpz.o
                0x000000000000e736                mpz_as_float
 .text.mpz_as_str_inpl
                0x000000000000e775      0x1c3 build/py/mpz.o
                0x000000000000e775                mpz_as_str_inpl
 .text.mp_reader_mem_readbyte
                0x000000000000e938       0x1a build/py/reader.o
 .text.mp_reader_mem_close
                0x000000000000e952       0x1c build/py/reader.o
 .text.mp_reader_posix_close
                0x000000000000e96e       0x1a build/py/reader.o
 .text.mp_reader_posix_readbyte
                0x000000000000e988       0x61 build/py/reader.o
 .text.mp_reader_new_mem
                0x000000000000e9e9       0x54 build/py/reader.o
                0x000000000000e9e9                mp_reader_new_mem
 .text.mp_reader_new_file_from_fd
                0x000000000000ea3d       0x86 build/py/reader.o
                0x000000000000ea3d                mp_reader_new_file_from_fd
 .text.mp_reader_new_file
                0x000000000000eac3       0x35 build/py/reader.o
                0x000000000000eac3                mp_reader_new_file
 .text.next_char
                0x000000000000eaf8       0x85 build/py/lexer.o
 .text.skip_whitespace
                0x000000000000eb7d       0x7f build/py/lexer.o
 .text.is_string_or_bytes
                0x000000000000ebfc       0x64 build/py/lexer.o
 .text.mp_lexer_to_next
                0x000000000000ec60      0x7f1 build/py/lexer.o
                0x000000000000ec60                mp_lexer_to_next
 .text.mp_lexer_new
                0x000000000000f451       0xc7 build/py/lexer.o
                0x000000000000f451                mp_lexer_new
 .text.mp_lexer_new_from_str_len
                0x000000000000f518       0x57 build/py/lexer.o
                0x000000000000f518                mp_lexer_new_from_str_len
 .text.mp_lexer_new_from_file
                0x000000000000f56f       0x62 build/py/lexer.o
                0x000000000000f56f                mp_lexer_new_from_file
 .text.mp_lexer_free
                0x000000000000f5d1       0x2f build/py/lexer.o
                0x000000000000f5d1                mp_lexer_free
 .text.parser_alloc
                0x000000000000f600       0xaf build/py/parse.o
 .text.push_result_node
                0x000000000000f6af       0x48 build/py/parse.o
 .text.push_rule
                0x000000000000f6f7       0x7f build/py/parse.o
 .text.peek_result
                0x000000000000f776       0x39 build/py/parse.o
 .text.pop_result
                0x000000000000f7af       0x3c build/py/parse.o
 .text.push_rule_from_arg
                0x000000000000f7eb       0x46 build/py/parse.o
 .text.push_result_token
                0x000000000000f831      0x183 build/py/parse.o
 .text.mp_parse_node_is_const_false
                0x000000000000f9b4       0x22 build/py/parse.o
                0x000000000000f9b4                mp_parse_node_is_const_false
 .text.mp_parse_node_is_const_true
                0x000000000000f9d6       0x22 build/py/parse.o
                0x000000000000f9d6                mp_parse_node_is_const_true
 .text.mp_parse_node_get_int_maybe
                0x000000000000f9f8       0x4f build/py/parse.o
                0x000000000000f9f8                mp_parse_node_get_int_maybe
 .text.push_result_rule
                0x000000000000fa47      0x63e build/py/parse.o
 .text.mp_parse_node_extract_list
                0x0000000000010085       0x37 build/py/parse.o
                0x0000000000010085                mp_parse_node_extract_list
 .text.mp_parse
                0x00000000000100bc      0x6b4 build/py/parse.o
                0x00000000000100bc                mp_parse
 .text.mp_parse_tree_clear
                0x0000000000010770       0x1e build/py/parse.o
                0x0000000000010770                mp_parse_tree_clear
 .text.scope_new
                0x000000000001078e       0xa7 build/py/scope.o
                0x000000000001078e                scope_new
 .text.scope_free
                0x0000000000010835       0x16 build/py/scope.o
                0x0000000000010835                scope_free
 .text.scope_find
                0x000000000001084b       0x24 build/py/scope.o
                0x000000000001084b                scope_find
 .text.scope_find_or_add_id
                0x000000000001086f       0x67 build/py/scope.o
                0x000000000001086f                scope_find_or_add_id
 .text.scope_find_global
                0x00000000000108d6       0x13 build/py/scope.o
                0x00000000000108d6                scope_find_global
 .text.scope_check_to_close_over
                0x00000000000108e9       0xbb build/py/scope.o
                0x00000000000108e9                scope_check_to_close_over
 .text.reserve_labels_for_native
                0x00000000000109a4        0xf build/py/compile.o
 .text.compile_increase_except_level
                0x00000000000109b3       0x2d build/py/compile.o
 .text.apply_to_single_or_list
                0x00000000000109e0       0x51 build/py/compile.o
 .text.compile_del_stmt
                0x0000000000010a31       0x15 build/py/compile.o
 .text.compile_import_name
                0x0000000000010a46       0x15 build/py/compile.o
 .text.compile_yield_from
                0x0000000000010a5b       0x45 build/py/compile.o
 .text.compile_await_object_method
                0x0000000000010aa0       0x31 build/py/compile.o
 .text.compile_trailer_period
                0x0000000000010ad1       0x1e build/py/compile.o
 .text.compile_const_object
                0x0000000000010aef       0x15 build/py/compile.o
 .text.scope_new_and_link
                0x0000000000010b04       0x46 build/py/compile.o
 .text.close_over_variables_etc
                0x0000000000010b4a      0x111 build/py/compile.o
 .text.compile_funcdef_lambdef
                0x0000000000010c5b       0x97 build/py/compile.o
 .text.compile_lambdef
                0x0000000000010cf2       0x43 build/py/compile.o
 .text.compile_funcdef_helper
                0x0000000000010d35       0x46 build/py/compile.o
 .text.do_import_name
                0x0000000000010d7b      0x1e4 build/py/compile.o
 .text.compile_error_set_line.isra.3
                0x0000000000010f5f       0x17 build/py/compile.o
 .text.compile_decrease_except_level
                0x0000000000010f76       0x4d build/py/compile.o
 .text.compile_syntax_error
                0x0000000000010fc3       0x36 build/py/compile.o
 .text.compile_scope_inline_asm
                0x0000000000010ff9      0x48b build/py/compile.o
 .text.compile_star_expr
                0x0000000000011484        0xc build/py/compile.o
 .text.compile_break_cont_stmt
                0x0000000000011490       0x7e build/py/compile.o
 .text.compile_viper_type_annotation
                0x000000000001150e       0x6b build/py/compile.o
 .text.compile_scope_func_lambda_param
                0x0000000000011579      0x1e9 build/py/compile.o
 .text.compile_scope_lambda_param
                0x0000000000011762       0x15 build/py/compile.o
 .text.compile_scope_func_param
                0x0000000000011777       0x15 build/py/compile.o
 .text.compile_load_id
                0x000000000001178c       0x31 build/py/compile.o
 .text.compile_store_id
                0x00000000000117bd       0x29 build/py/compile.o
 .text.compile_funcdef
                0x00000000000117e6       0x1d build/py/compile.o
 .text.compile_import_from
                0x0000000000011803      0x25d build/py/compile.o
 .text.compile_dotted_as_name
                0x0000000000011a60       0x72 build/py/compile.o
 .text.compile_node
                0x0000000000011ad2      0x194 build/py/compile.o
 .text.c_assign
                0x0000000000011c66      0x370 build/py/compile.o
 .text.c_assign_tuple
                0x0000000000011fd6      0x13c build/py/compile.o
 .text.compile_yield_expr
                0x0000000000012112       0x7f build/py/compile.o
 .text.compile_comprehension
                0x0000000000012191       0xd2 build/py/compile.o
 .text.compile_trailer_paren_helper
                0x0000000000012263      0x211 build/py/compile.o
 .text.compile_classdef_helper
                0x0000000000012474       0x8b build/py/compile.o
 .text.compile_classdef
                0x00000000000124ff       0x1d build/py/compile.o
 .text.compile_trailer_paren
                0x000000000001251c        0xd build/py/compile.o
 .text.compile_dictorsetmaker_item
                0x0000000000012529       0x24 build/py/compile.o
 .text.compile_subscript
                0x000000000001254d      0x174 build/py/compile.o
 .text.compile_trailer_bracket
                0x00000000000126c1       0x21 build/py/compile.o
 .text.c_tuple  0x00000000000126e2       0x67 build/py/compile.o
 .text.compile_atom_paren
                0x0000000000012749       0xce build/py/compile.o
 .text.compile_generic_tuple
                0x0000000000012817        0xa build/py/compile.o
 .text.compile_atom_expr_normal
                0x0000000000012821      0x1cd build/py/compile.o
 .text.compile_term
                0x00000000000129ee       0xd8 build/py/compile.o
 .text.compile_binary_op
                0x0000000000012ac6       0x5b build/py/compile.o
 .text.compile_comparison
                0x0000000000012b21      0x1ef build/py/compile.o
 .text.compile_not_test_2
                0x0000000000012d10       0x24 build/py/compile.o
 .text.compile_or_and_test
                0x0000000000012d34       0x91 build/py/compile.o
 .text.compile_funcdef_lambdef_param
                0x0000000000012dc5      0x163 build/py/compile.o
 .text.compile_with_stmt_helper
                0x0000000000012f28       0xcf build/py/compile.o
 .text.compile_for_stmt
                0x0000000000012ff7      0x4ed build/py/compile.o
 .text.compile_async_with_stmt_helper
                0x00000000000134e4      0x384 build/py/compile.o
 .text.compile_raise_stmt
                0x0000000000013868       0x80 build/py/compile.o
 .text.compile_yield_stmt
                0x00000000000138e8       0x1f build/py/compile.o
 .text.c_del_stmt
                0x0000000000013907      0x288 build/py/compile.o
 .text.compile_expr_stmt
                0x0000000000013b8f      0x2d9 build/py/compile.o
 .text.compile_decorated
                0x0000000000013e68      0x2fb build/py/compile.o
 .text.compile_generic_all_nodes
                0x0000000000014163       0x56 build/py/compile.o
 .text.compile_power
                0x00000000000141b9       0x20 build/py/compile.o
 .text.compile_atom_bracket
                0x00000000000141d9      0x143 build/py/compile.o
 .text.c_if_cond
                0x000000000001431c      0x1e3 build/py/compile.o
 .text.compile_scope_comp_iter
                0x00000000000144ff      0x17c build/py/compile.o
 .text.compile_scope
                0x000000000001467b      0x4db build/py/compile.o
 .text.compile_test_if_expr
                0x0000000000014b56       0xbf build/py/compile.o
 .text.compile_while_stmt
                0x0000000000014c15       0xfc build/py/compile.o
 .text.compile_if_stmt
                0x0000000000014d11      0x1cf build/py/compile.o
 .text.compile_atom_expr_await
                0x0000000000014ee0       0x2e build/py/compile.o
 .text.compile_factor_2
                0x0000000000014f0e       0x6b build/py/compile.o
 .text.compile_with_stmt
                0x0000000000014f79       0x7e build/py/compile.o
 .text.compile_async_stmt
                0x0000000000014ff7      0x315 build/py/compile.o
 .text.compile_assert_stmt
                0x000000000001530c       0x97 build/py/compile.o
 .text.compile_return_stmt
                0x00000000000153a3       0xb8 build/py/compile.o
 .text.compile_global_nonlocal_stmt
                0x000000000001545b      0x12c build/py/compile.o
 .text.compile_atom_brace
                0x0000000000015587      0x267 build/py/compile.o
 .text.compile_try_except
                0x00000000000157ee      0x2c5 build/py/compile.o
 .text.compile_try_finally
                0x0000000000015ab3       0xe1 build/py/compile.o
 .text.compile_try_stmt
                0x0000000000015b94       0xe1 build/py/compile.o
 .text.mp_compile_to_raw_code
                0x0000000000015c75      0x533 build/py/compile.o
                0x0000000000015c75                mp_compile_to_raw_code
 .text.mp_compile
                0x00000000000161a8       0x19 build/py/compile.o
                0x00000000000161a8                mp_compile
 .text.mp_emit_common_get_id_for_modification
                0x00000000000161c1       0x1d build/py/emitcommon.o
                0x00000000000161c1                mp_emit_common_get_id_for_modification
 .text.mp_emit_common_id_op
                0x00000000000161de       0xb5 build/py/emitcommon.o
                0x00000000000161de                mp_emit_common_id_op
 .text.emit_write_uint
                0x0000000000016293       0x82 build/py/emitbc.o
 .text.mp_emit_bc_last_emit_was_return_value
                0x0000000000016315        0x8 build/py/emitbc.o
                0x0000000000016315                mp_emit_bc_last_emit_was_return_value
 .text.emit_get_cur_to_write_code_info
                0x000000000001631d       0x4a build/py/emitbc.o
 .text.emit_write_code_info_byte
                0x0000000000016367       0x11 build/py/emitbc.o
 .text.emit_write_code_info_qstr
                0x0000000000016378       0x19 build/py/emitbc.o
 .text.emit_get_cur_to_write_bytecode
                0x0000000000016391       0x4e build/py/emitbc.o
 .text.emit_write_bytecode_byte
                0x00000000000163df       0x11 build/py/emitbc.o
 .text.emit_write_bytecode_byte_uint
                0x00000000000163f0       0x2f build/py/emitbc.o
 .text.emit_write_bytecode_byte_raw_code
                0x000000000001641f       0x44 build/py/emitbc.o
 .text.mp_emit_bc_delete_local
                0x0000000000016463        0xc build/py/emitbc.o
                0x0000000000016463                mp_emit_bc_delete_local
 .text.emit_write_bytecode_byte_signed_label
                0x000000000001646f       0x36 build/py/emitbc.o
 .text.emit_write_bytecode_byte_unsigned_label
                0x00000000000164a5       0x3e build/py/emitbc.o
 .text.mp_emit_bc_adjust_stack_size
                0x00000000000164e3       0x4f build/py/emitbc.o
                0x00000000000164e3                mp_emit_bc_adjust_stack_size
 .text.mp_emit_bc_load_null
                0x0000000000016532       0x1c build/py/emitbc.o
                0x0000000000016532                mp_emit_bc_load_null
 .text.mp_emit_bc_load_local
                0x000000000001654e       0x52 build/py/emitbc.o
                0x000000000001654e                mp_emit_bc_load_local
 .text.mp_emit_bc_load_build_class
                0x00000000000165a0       0x1c build/py/emitbc.o
                0x00000000000165a0                mp_emit_bc_load_build_class
 .text.mp_emit_bc_store_local
                0x00000000000165bc       0x51 build/py/emitbc.o
                0x00000000000165bc                mp_emit_bc_store_local
 .text.mp_emit_bc_dup_top
                0x000000000001660d       0x1c build/py/emitbc.o
                0x000000000001660d                mp_emit_bc_dup_top
 .text.mp_emit_bc_dup_top_two
                0x0000000000016629       0x1c build/py/emitbc.o
                0x0000000000016629                mp_emit_bc_dup_top_two
 .text.mp_emit_bc_pop_top
                0x0000000000016645       0x1b build/py/emitbc.o
                0x0000000000016645                mp_emit_bc_pop_top
 .text.mp_emit_bc_rot_two
                0x0000000000016660       0x19 build/py/emitbc.o
                0x0000000000016660                mp_emit_bc_rot_two
 .text.mp_emit_bc_rot_three
                0x0000000000016679       0x19 build/py/emitbc.o
                0x0000000000016679                mp_emit_bc_rot_three
 .text.mp_emit_bc_jump
                0x0000000000016692       0x26 build/py/emitbc.o
                0x0000000000016692                mp_emit_bc_jump
 .text.mp_emit_bc_pop_jump_if
                0x00000000000166b8       0x3b build/py/emitbc.o
                0x00000000000166b8                mp_emit_bc_pop_jump_if
 .text.mp_emit_bc_jump_if_or_pop
                0x00000000000166f3       0x3b build/py/emitbc.o
                0x00000000000166f3                mp_emit_bc_jump_if_or_pop
 .text.mp_emit_bc_setup_block
                0x000000000001672e       0x35 build/py/emitbc.o
                0x000000000001672e                mp_emit_bc_setup_block
 .text.mp_emit_bc_end_finally
                0x0000000000016763       0x1b build/py/emitbc.o
                0x0000000000016763                mp_emit_bc_end_finally
 .text.mp_emit_bc_get_iter
                0x000000000001677e       0x34 build/py/emitbc.o
                0x000000000001677e                mp_emit_bc_get_iter
 .text.mp_emit_bc_for_iter
                0x00000000000167b2       0x29 build/py/emitbc.o
                0x00000000000167b2                mp_emit_bc_for_iter
 .text.mp_emit_bc_for_iter_end
                0x00000000000167db        0xc build/py/emitbc.o
                0x00000000000167db                mp_emit_bc_for_iter_end
 .text.mp_emit_bc_pop_except_jump
                0x00000000000167e7       0x26 build/py/emitbc.o
                0x00000000000167e7                mp_emit_bc_pop_except_jump
 .text.mp_emit_bc_unary_op
                0x000000000001680d       0x24 build/py/emitbc.o
                0x000000000001680d                mp_emit_bc_unary_op
 .text.mp_emit_bc_build
                0x0000000000016831       0x37 build/py/emitbc.o
                0x0000000000016831                mp_emit_bc_build
 .text.mp_emit_bc_store_map
                0x0000000000016868       0x1e build/py/emitbc.o
                0x0000000000016868                mp_emit_bc_store_map
 .text.mp_emit_bc_store_comp
                0x0000000000016886       0x5e build/py/emitbc.o
                0x0000000000016886                mp_emit_bc_store_comp
 .text.mp_emit_bc_unpack_sequence
                0x00000000000168e4       0x28 build/py/emitbc.o
                0x00000000000168e4                mp_emit_bc_unpack_sequence
 .text.mp_emit_bc_unpack_ex
                0x000000000001690c       0x3b build/py/emitbc.o
                0x000000000001690c                mp_emit_bc_unpack_ex
 .text.mp_emit_bc_return_value
                0x0000000000016947       0x1f build/py/emitbc.o
                0x0000000000016947                mp_emit_bc_return_value
 .text.mp_emit_bc_yield
                0x0000000000016966       0x30 build/py/emitbc.o
                0x0000000000016966                mp_emit_bc_yield
 .text.mp_emit_bc_start_except_handler
                0x0000000000016996        0xa build/py/emitbc.o
                0x0000000000016996                mp_emit_bc_start_except_handler
 .text.mp_emit_bc_end_except_handler
                0x00000000000169a0        0xc build/py/emitbc.o
                0x00000000000169a0                mp_emit_bc_end_except_handler
 .text.mp_emit_bc_subscr
                0x00000000000169ac       0x47 build/py/emitbc.o
                0x00000000000169ac                mp_emit_bc_subscr
 .text.mp_emit_bc_unwind_jump
                0x00000000000169f3       0xa9 build/py/emitbc.o
                0x00000000000169f3                mp_emit_bc_unwind_jump
 .text.mp_emit_bc_binary_op
                0x0000000000016a9c       0x68 build/py/emitbc.o
                0x0000000000016a9c                mp_emit_bc_binary_op
 .text.mp_emit_bc_make_function
                0x0000000000016b04       0x43 build/py/emitbc.o
                0x0000000000016b04                mp_emit_bc_make_function
 .text.emit_bc_call_function_method_helper
                0x0000000000016b47       0x4e build/py/emitbc.o
 .text.mp_emit_bc_call_function
                0x0000000000016b95       0x15 build/py/emitbc.o
                0x0000000000016b95                mp_emit_bc_call_function
 .text.mp_emit_bc_call_method
                0x0000000000016baa       0x17 build/py/emitbc.o
                0x0000000000016baa                mp_emit_bc_call_method
 .text.mp_emit_bc_set_source_line
                0x0000000000016bc1      0x10f build/py/emitbc.o
                0x0000000000016bc1                mp_emit_bc_set_source_line
 .text.mp_emit_bc_label_assign
                0x0000000000016cd0       0xa4 build/py/emitbc.o
                0x0000000000016cd0                mp_emit_bc_label_assign
 .text.emit_write_bytecode_byte_qstr
                0x0000000000016d74       0x4e build/py/emitbc.o
 .text.mp_emit_bc_import
                0x0000000000016dc2       0x51 build/py/emitbc.o
                0x0000000000016dc2                mp_emit_bc_import
 .text.mp_emit_bc_load_const_str
                0x0000000000016e13       0x29 build/py/emitbc.o
                0x0000000000016e13                mp_emit_bc_load_const_str
 .text.mp_emit_bc_load_global
                0x0000000000016e3c       0x44 build/py/emitbc.o
                0x0000000000016e3c                mp_emit_bc_load_global
 .text.mp_emit_bc_load_method
                0x0000000000016e80       0x39 build/py/emitbc.o
                0x0000000000016e80                mp_emit_bc_load_method
 .text.mp_emit_bc_attr
                0x0000000000016eb9       0x6c build/py/emitbc.o
                0x0000000000016eb9                mp_emit_bc_attr
 .text.mp_emit_bc_store_global
                0x0000000000016f25       0x2b build/py/emitbc.o
                0x0000000000016f25                mp_emit_bc_store_global
 .text.mp_emit_bc_delete_global
                0x0000000000016f50       0x29 build/py/emitbc.o
                0x0000000000016f50                mp_emit_bc_delete_global
 .text.mp_emit_bc_make_closure
                0x0000000000016f79       0x89 build/py/emitbc.o
                0x0000000000016f79                mp_emit_bc_make_closure
 .text.mp_emit_bc_end_pass
                0x0000000000017002       0xf3 build/py/emitbc.o
                0x0000000000017002                mp_emit_bc_end_pass
 .text.mp_emit_bc_load_const_small_int
                0x00000000000170f5       0xfa build/py/emitbc.o
                0x00000000000170f5                mp_emit_bc_load_const_small_int
 .text.mp_emit_bc_raise_varargs
                0x00000000000171ef       0x50 build/py/emitbc.o
                0x00000000000171ef                mp_emit_bc_raise_varargs
 .text.emit_write_bytecode_byte_obj.constprop.16
                0x000000000001723f       0x38 build/py/emitbc.o
 .text.mp_emit_bc_load_const_tok
                0x0000000000017277       0x78 build/py/emitbc.o