Archive member included to satisfy reference by file (symbol)

/usr/lib/x86_64-linux-gnu/libc_nonshared.a(elf-init.oS)
                              /usr/lib/gcc/x86_64-linux-gnu/7/../../../x86_64-linux-gnu/Scrt1.o (__libc_csu_init)

As-needed library included to satisfy reference by file (symbol)

libm.so.6                     build/py/objfloat.o (fmod@@GLIBC_2.2.5)
libc.so.6                     build/main.o (__printf_chk@@GLIBC_2.3.4)

Allocating common symbols
Common symbol       size              file

mp_state_ctx        0x340             build/py/mpstate.o

Discarded input sections

 .rodata.cst4   0x0000000000000000        0x4 /usr/lib/gcc/x86_64-linux-gnu/7/../../../x86_64-linux-gnu/Scrt1.o
 .data          0x0000000000000000        0x4 /usr/lib/gcc/x86_64-linux-gnu/7/../../../x86_64-linux-gnu/Scrt1.o
 .bss           0x0000000000000000        0x0 /usr/lib/gcc/x86_64-linux-gnu/7/../../../x86_64-linux-gnu/Scrt1.o
 .note.GNU-stack
                0x0000000000000000        0x0 /usr/lib/gcc/x86_64-linux-gnu/7/../../../x86_64-linux-gnu/Scrt1.o
 .text          0x0000000000000000        0x0 /usr/lib/gcc/x86_64-linux-gnu/7/../../../x86_64-linux-gnu/crti.o
 .data          0x0000000000000000        0x0 /usr/lib/gcc/x86_64-linux-gnu/7/../../../x86_64-linux-gnu/crti.o
 .bss           0x0000000000000000        0x0 /usr/lib/gcc/x86_64-linux-gnu/7/../../../x86_64-linux-gnu/crti.o
 .note.GNU-stack
                0x0000000000000000        0x0 /usr/lib/gcc/x86_64-linux-gnu/7/../../../x86_64-linux-gnu/crti.o
 .data          0x0000000000000000        0x0 /usr/lib/gcc/x86_64-linux-gnu/7/crtbeginS.o
 .note.GNU-stack
                0x0000000000000000        0x0 /usr/lib/gcc/x86_64-linux-gnu/7/crtbeginS.o
 .text          0x0000000000000000        0x0 build/py/mpstate.o
 .data          0x0000000000000000        0x0 build/py/mpstate.o
 .bss           0x0000000000000000        0x0 build/py/mpstate.o
 .note.GNU-stack
                0x0000000000000000        0x0 build/py/mpstate.o
 .text          0x0000000000000000        0x0 build/py/nlr.o
 .data          0x0000000000000000        0x0 build/py/nlr.o
 .bss           0x0000000000000000        0x0 build/py/nlr.o
 .note.GNU-stack
                0x0000000000000000        0x0 build/py/nlr.o
 .text          0x0000000000000000        0x0 build/py/nlrx86.o
 .data          0x0000000000000000        0x0 build/py/nlrx86.o
 .bss           0x0000000000000000        0x0 build/py/nlrx86.o
 .comment       0x0000000000000000       0x25 build/py/nlrx86.o
 .note.GNU-stack
                0x0000000000000000        0x0 build/py/nlrx86.o
 .text          0x0000000000000000        0x0 build/py/nlrx64.o
 .data          0x0000000000000000        0x0 build/py/nlrx64.o
 .bss           0x0000000000000000        0x0 build/py/nlrx64.o
 .note.GNU-stack
                0x0000000000000000        0x0 build/py/nlrx64.o
 .text          0x0000000000000000        0x0 build/py/nlrthumb.o
 .data          0x0000000000000000        0x0 build/py/nlrthumb.o
 .bss           0x0000000000000000        0x0 build/py/nlrthumb.o
 .comment       0x0000000000000000       0x25 build/py/nlrthumb.o
 .note.GNU-stack
                0x0000000000000000        0x0 build/py/nlrthumb.o
 .text          0x0000000000000000        0x0 build/py/nlrxtensa.o
 .data          0x0000000000000000        0x0 build/py/nlrxtensa.o
 .bss           0x0000000000000000        0x0 build/py/nlrxtensa.o
 .comment       0x0000000000000000       0x25 build/py/nlrxtensa.o
 .note.GNU-stack
                0x0000000000000000        0x0 build/py/nlrxtensa.o
 .text          0x0000000000000000        0x0 build/py/nlrsetjmp.o
 .data          0x0000000000000000        0x0 build/py/nlrsetjmp.o
 .bss           0x0000000000000000        0x0 build/py/nlrsetjmp.o
 .comment       0x0000000000000000       0x25 build/py/nlrsetjmp.o
 .note.GNU-stack
                0x0000000000000000        0x0 build/py/nlrsetjmp.o
 .text          0x0000000000000000        0x0 build/py/malloc.o
 .data          0x0000000000000000        0x0 build/py/malloc.o
 .bss           0x0000000000000000        0x0 build/py/malloc.o
 .note.GNU-stack
                0x0000000000000000        0x0 build/py/malloc.o
 .text          0x0000000000000000        0x0 build/py/gc.o
 .data          0x0000000000000000        0x0 build/py/gc.o
 .bss           0x0000000000000000        0x0 build/py/gc.o
 .text.gc_lock  0x0000000000000000        0x9 build/py/gc.o
 .text.gc_unlock
                0x0000000000000000        0x9 build/py/gc.o
 .text.gc_sweep_all
                0x0000000000000000       0x17 build/py/gc.o
 .text.gc_info  0x0000000000000000      0x1a2 build/py/gc.o
 .text.gc_nbytes
                0x0000000000000000       0x8b build/py/gc.o
 .rodata.gc_dump_info.str1.8
                0x0000000000000000       0x6d build/py/gc.o
 .text.gc_dump_info
                0x0000000000000000      0x1a4 build/py/gc.o
 .rodata.gc_dump_alloc_table.str1.1
                0x0000000000000000       0x44 build/py/gc.o
[...]
Memory Configuration

Name             Origin             Length             Attributes
*default*        0x0000000000000000 0xffffffffffffffff

Linker script and memory map

LOAD /usr/lib/gcc/x86_64-linux-gnu/7/../../../x86_64-linux-gnu/Scrt1.o
LOAD /usr/lib/gcc/x86_64-linux-gnu/7/../../../x86_64-linux-gnu/crti.o
LOAD /usr/lib/gcc/x86_64-linux-gnu/7/crtbeginS.o
LOAD build/py/mpstate.o
LOAD build/py/nlr.o
LOAD build/py/nlrx86.o
LOAD build/py/nlrx64.o
LOAD build/py/nlrthumb.o
LOAD build/py/nlrxtensa.o
LOAD build/py/nlrsetjmp.o
LOAD build/py/malloc.o
LOAD build/py/gc.o
LOAD build/py/pystack.o
LOAD build/py/qstr.o
LOAD build/py/vstr.o
LOAD build/py/mpprint.o
LOAD build/py/unicode.o
LOAD build/py/mpz.o
LOAD build/py/reader.o
LOAD build/py/lexer.o
LOAD build/py/parse.o
LOAD build/py/scope.o
LOAD build/py/compile.o
LOAD build/py/emitcommon.o
LOAD build/py/emitbc.o
LOAD build/py/asmbase.o
LOAD build/py/asmx64.o
LOAD build/py/emitnx64.o
LOAD build/py/asmx86.o
LOAD build/py/emitnx86.o
LOAD build/py/asmthumb.o
LOAD build/py/emitnthumb.o
LOAD build/py/emitinlinethumb.o
LOAD build/py/asmarm.o
LOAD build/py/emitnarm.o
LOAD build/py/asmxtensa.o
LOAD build/py/emitnxtensa.o
LOAD build/py/emitinlinextensa.o
LOAD build/py/formatfloat.o
LOAD build/py/parsenumbase.o
LOAD build/py/parsenum.o
LOAD build/py/emitglue.o
LOAD build/py/persistentcode.o
LOAD build/py/runtime.o
LOAD build/py/runtime_utils.o
LOAD build/py/scheduler.o
LOAD build/py/nativeglue.o
LOAD build/py/stackctrl.o
LOAD build/py/argcheck.o
LOAD build/py/warning.o
LOAD build/py/map.o
LOAD build/py/obj.o
LOAD build/py/objarray.o
LOAD build/py/objattrtuple.o
LOAD build/py/objbool.o
LOAD build/py/objboundmeth.o
LOAD build/py/objcell.o
LOAD build/py/objclosure.o
LOAD build/py/objcomplex.o
LOAD build/py/objdeque.o
LOAD build/py/objdict.o
LOAD build/py/objenumerate.o
LOAD build/py/objexcept.o
LOAD build/py/objfilter.o
LOAD build/py/objfloat.o
LOAD build/py/objfun.o
LOAD build/py/objgenerator.o
LOAD build/py/objgetitemiter.o
LOAD build/py/objint.o
LOAD build/py/objint_longlong.o
LOAD build/py/objint_mpz.o
LOAD build/py/objlist.o
LOAD build/py/objmap.o
LOAD build/py/objmodule.o
LOAD build/py/objobject.o
LOAD build/py/objpolyiter.o
LOAD build/py/objproperty.o
LOAD build/py/objnone.o
LOAD build/py/objnamedtuple.o
LOAD build/py/objrange.o
LOAD build/py/objreversed.o
LOAD build/py/objset.o
LOAD build/py/objsingleton.o
LOAD build/py/objslice.o
LOAD build/py/objstr.o
LOAD build/py/objstrunicode.o
LOAD build/py/objstringio.o
LOAD build/py/objtuple.o
LOAD build/py/objtype.o
LOAD build/py/objzip.o
LOAD build/py/opmethods.o
LOAD build/py/sequence.o
LOAD build/py/stream.o
LOAD build/py/binary.o
LOAD build/py/builtinimport.o
LOAD build/py/builtinevex.o
LOAD build/py/builtinhelp.o
LOAD build/py/modarray.o
LOAD build/py/modbuiltins.o
LOAD build/py/modcollections.o
LOAD build/py/modgc.o
LOAD build/py/modio.o
LOAD build/py/modmath.o
LOAD build/py/modcmath.o
LOAD build/py/modmicropython.o
LOAD build/py/modstruct.o
LOAD build/py/modsys.o
LOAD build/py/moduerrno.o
LOAD build/py/modthread.o
LOAD build/py/vm.o
LOAD build/py/bc.o
LOAD build/py/showbc.o
LOAD build/py/repl.o
LOAD build/py/smallint.o
LOAD build/py/frozenmod.o
LOAD build/main.o
LOAD build/gccollect.o
LOAD /usr/lib/gcc/x86_64-linux-gnu/7/../../../x86_64-linux-gnu/libm.so
START GROUP
LOAD /lib/x86_64-linux-gnu/libm.so.6
LOAD /usr/lib/x86_64-linux-gnu/libmvec_nonshared.a
LOAD /lib/x86_64-linux-gnu/libmvec.so.1
END GROUP
LOAD /usr/lib/gcc/x86_64-linux-gnu/7/libgcc.a
LOAD /usr/lib/gcc/x86_64-linux-gnu/7/libgcc_s.so
START GROUP
LOAD /usr/lib/gcc/x86_64-linux-gnu/7/libgcc_s.so.1
LOAD /usr/lib/gcc/x86_64-linux-gnu/7/libgcc.a
END GROUP
LOAD /usr/lib/gcc/x86_64-linux-gnu/7/../../../x86_64-linux-gnu/libc.so
START GROUP
LOAD /lib/x86_64-linux-gnu/libc.so.6
LOAD /usr/lib/x86_64-linux-gnu/libc_nonshared.a
LOAD /lib/x86_64-linux-gnu/ld-linux-x86-64.so.2
END GROUP
LOAD /usr/lib/gcc/x86_64-linux-gnu/7/libgcc.a
LOAD /usr/lib/gcc/x86_64-linux-gnu/7/libgcc_s.so
START GROUP
LOAD /usr/lib/gcc/x86_64-linux-gnu/7/libgcc_s.so.1
LOAD /usr/lib/gcc/x86_64-linux-gnu/7/libgcc.a
END GROUP
LOAD /usr/lib/gcc/x86_64-linux-gnu/7/crtendS.o
LOAD /usr/lib/gcc/x86_64-linux-gnu/7/../../../x86_64-linux-gnu/crtn.o
                [!provide]                        PROVIDE (__executable_start = SEGMENT_START ("text-segment", 0x0))
                0x0000000000000238                . = (SEGMENT_START ("text-segment", 0x0) + SIZEOF_HEADERS)

.interp         0x0000000000000238       0x1c
 *(.interp)
 .interp        0x0000000000000238       0x1c /usr/lib/gcc/x86_64-linux-gnu/7/../../../x86_64-linux-gnu/Scrt1.o

.note.ABI-tag   0x0000000000000254       0x20
 .note.ABI-tag  0x0000000000000254       0x20 /usr/lib/gcc/x86_64-linux-gnu/7/../../../x86_64-linux-gnu/Scrt1.o

.note.gnu.build-id
                0x0000000000000274       0x24
 *(.note.gnu.build-id)
 .note.gnu.build-id
                0x0000000000000274       0x24 /usr/lib/gcc/x86_64-linux-gnu/7/../../../x86_64-linux-gnu/Scrt1.o

.hash
 *(.hash)

.gnu.hash       0x0000000000000298       0x1c
 *(.gnu.hash)
 .gnu.hash      0x0000000000000298       0x1c /usr/lib/gcc/x86_64-linux-gnu/7/../../../x86_64-linux-gnu/Scrt1.o

.dynsym         0x00000000000002b8      0x330
 *(.dynsym)
 .dynsym        0x00000000000002b8      0x330 /usr/lib/gcc/x86_64-linux-gnu/7/../../../x86_64-linux-gnu/Scrt1.o

.dynstr         0x00000000000005e8      0x17c
 *(.dynstr)
 .dynstr        0x00000000000005e8      0x17c /usr/lib/gcc/x86_64-linux-gnu/7/../../../x86_64-linux-gnu/Scrt1.o

.gnu.version    0x0000000000000764       0x44
 *(.gnu.version)
 .gnu.version   0x0000000000000764       0x44 /usr/lib/gcc/x86_64-linux-gnu/7/../../../x86_64-linux-gnu/Scrt1.o

.gnu.version_d  0x00000000000007a8        0x0
 *(.gnu.version_d)
 .gnu.version_d
                0x00000000000007a8        0x0 /usr/lib/gcc/x86_64-linux-gnu/7/../../../x86_64-linux-gnu/Scrt1.o

.gnu.version_r  0x00000000000007a8       0x70
 *(.gnu.version_r)
 .gnu.version_r
                0x00000000000007a8       0x70 /usr/lib/gcc/x86_64-linux-gnu/7/../../../x86_64-linux-gnu/Scrt1.o

.rela.dyn       0x0000000000000818     0x4b60
 *(.rela.init)
 *(.rela.text .rela.text.* .rela.gnu.linkonce.t.*)
 .rela.text.nlr_push_tail
                0x0000000000000818        0x0 /usr/lib/gcc/x86_64-linux-gnu/7/../../../x86_64-linux-gnu/Scrt1.o
 .rela.text.nlr_pop
                0x0000000000000818        0x0 /usr/lib/gcc/x86_64-linux-gnu/7/../../../x86_64-linux-gnu/Scrt1.o
 .rela.text.nlr_jump
                0x0000000000000818        0x0 /usr/lib/gcc/x86_64-linux-gnu/7/../../../x86_64-linux-gnu/Scrt1.o
 .rela.text.gc_mark_subtree
                0x0000000000000818        0x0 /usr/lib/gcc/x86_64-linux-gnu/7/../../../x86_64-linux-gnu/Scrt1.o
 .rela.text.gc_free.part.0
                0x0000000000000818        0x0 /usr/lib/gcc/x86_64-linux-gnu/7/../../../x86_64-linux-gnu/Scrt1.o
 .rela.text.gc_init
                0x0000000000000818        0x0 /usr/lib/gcc/x86_64-linux-gnu/7/../../../x86_64-linux-gnu/Scrt1.o
 .rela.text.gc_is_locked
                0x0000000000000818        0x0 /usr/lib/gcc/x86_64-linux-gnu/7/../../../x86_64-linux-gnu/Scrt1.o
 .rela.text.gc_collect_start
                0x0000000000000818        0x0 /usr/lib/gcc/x86_64-linux-gnu/7/../../../x86_64-linux-gnu/Scrt1.o
 .rela.text.gc_collect_root
                0x0000000000000818        0x0 /usr/lib/gcc/x86_64-linux-gnu/7/../../../x86_64-linux-gnu/Scrt1.o
 .rela.text.gc_collect_end
                0x0000000000000818        0x0 /usr/lib/gcc/x86_64-linux-gnu/7/../../../x86_64-linux-gnu/Scrt1.o
 .rela.text.gc_alloc
                0x0000000000000818        0x0 /usr/lib/gcc/x86_64-linux-gnu/7/../../../x86_64-linux-gnu/Scrt1.o
 .rela.text.gc_free
                0x0000000000000818        0x0 /usr/lib/gcc/x86_64-linux-gnu/7/../../../x86_64-linux-gnu/Scrt1.o
 .rela.text.gc_realloc
                0x0000000000000818        0x0 /usr/lib/gcc/x86_64-linux-gnu/7/../../../x86_64-linux-gnu/Scrt1.o
 .rela.text.find_qstr
                0x0000000000000818        0x0 /usr/lib/gcc/x86_64-linux-gnu/7/../../../x86_64-linux-gnu/Scrt1.o
 .rela.text.qstr_init
                0x0000000000000818        0x0 /usr/lib/gcc/x86_64-linux-gnu/7/../../../x86_64-linux-gnu/Scrt1.o
 .rela.text.qstr_find_strn
                0x0000000000000818        0x0 /usr/lib/gcc/x86_64-linux-gnu/7/../../../x86_64-linux-gnu/Scrt1.o
 .rela.text.qstr_from_strn
                0x0000000000000818        0x0 /usr/lib/gcc/x86_64-linux-gnu/7/../../../x86_64-linux-gnu/Scrt1.o
 .rela.text.mp_lexer_to_next
                0x0000000000000818        0x0 /usr/lib/gcc/x86_64-linux-gnu/7/../../../x86_64-linux-gnu/Scrt1.o
 .rela.text.compile_assert_stmt
                0x0000000000000818        0x0 /usr/lib/gcc/x86_64-linux-gnu/7/../../../x86_64-linux-gnu/Scrt1.o
 .rela.text.mp_emit_bc_set_source_line
                0x0000000000000818        0x0 /usr/lib/gcc/x86_64-linux-gnu/7/../../../x86_64-linux-gnu/Scrt1.o
 .rela.text.mp_init
                0x0000000000000818        0x0 /usr/lib/gcc/x86_64-linux-gnu/7/../../../x86_64-linux-gnu/Scrt1.o
 .rela.text.mp_stack_ctrl_init
                0x0000000000000818        0x0 /usr/lib/gcc/x86_64-linux-gnu/7/../../../x86_64-linux-gnu/Scrt1.o
 .rela.text.mp_stack_set_limit
                0x0000000000000818        0x0 /usr/lib/gcc/x86_64-linux-gnu/7/../../../x86_64-linux-gnu/Scrt1.o
 .rela.text.mp_stack_check
                0x0000000000000818        0x0 /usr/lib/gcc/x86_64-linux-gnu/7/../../../x86_64-linux-gnu/Scrt1.o
 .rela.text.mp_obj_exception_make_new
                0x0000000000000818        0x0 /usr/lib/gcc/x86_64-linux-gnu/7/../../../x86_64-linux-gnu/Scrt1.o
 .rela.text.main_
                0x0000000000000818        0x0 /usr/lib/gcc/x86_64-linux-gnu/7/../../../x86_64-linux-gnu/Scrt1.o
 .rela.text.gc_collect
                0x0000000000000818        0x0 /usr/lib/gcc/x86_64-linux-gnu/7/../../../x86_64-linux-gnu/Scrt1.o
 .rela.text     0x0000000000000818        0x0 /usr/lib/gcc/x86_64-linux-gnu/7/../../../x86_64-linux-gnu/Scrt1.o
 *(.rela.fini)
 *(.rela.rodata .rela.rodata.* .rela.gnu.linkonce.r.*)
 *(.rela.data .rela.data.* .rela.gnu.linkonce.d.*)
 .rela.data.rel.ro
                0x0000000000000818        0x0 /usr/lib/gcc/x86_64-linux-gnu/7/../../../x86_64-linux-gnu/Scrt1.o
 .rela.data.rel.local
                0x0000000000000818       0x18 /usr/lib/gcc/x86_64-linux-gnu/7/../../../x86_64-linux-gnu/Scrt1.o
 .rela.data.rel.ro.local.mp_qstr_const_pool
                0x0000000000000830     0x16f8 /usr/lib/gcc/x86_64-linux-gnu/7/../../../x86_64-linux-gnu/Scrt1.o
 .rela.data.rel.ro.local.tok_kw
                0x0000000000001f28      0x360 /usr/lib/gcc/x86_64-linux-gnu/7/../../../x86_64-linux-gnu/Scrt1.o
 .rela.data.rel.ro.local.mp_constants_map
                0x0000000000002288       0x18 /usr/lib/gcc/x86_64-linux-gnu/7/../../../x86_64-linux-gnu/Scrt1.o
 .rela.data.rel.ro.local.compile_function
                0x00000000000022a0      0x570 /usr/lib/gcc/x86_64-linux-gnu/7/../../../x86_64-linux-gnu/Scrt1.o
 .rela.data.rel.ro.local.mp_emit_bc_method_table_delete_id_ops
                0x0000000000002810       0x30 /usr/lib/gcc/x86_64-linux-gnu/7/../../../x86_64-linux-gnu/Scrt1.o
 .rela.data.rel.ro.local.mp_emit_bc_method_table_store_id_ops
                0x0000000000002840       0x30 /usr/lib/gcc/x86_64-linux-gnu/7/../../../x86_64-linux-gnu/Scrt1.o
 .rela.data.rel.ro.local.mp_emit_bc_method_table_load_id_ops
                0x0000000000002870       0x30 /usr/lib/gcc/x86_64-linux-gnu/7/../../../x86_64-linux-gnu/Scrt1.o
 .rela.data.rel.ro.mp_type_checked_fun
                0x00000000000028a0       0x30 /usr/lib/gcc/x86_64-linux-gnu/7/../../../x86_64-linux-gnu/Scrt1.o
 .rela.data.rel.ro.local.mp_const_true_obj
                0x00000000000028d0       0x18 /usr/lib/gcc/x86_64-linux-gnu/7/../../../x86_64-linux-gnu/Scrt1.o
 .rela.data.rel.ro.local.mp_const_false_obj
                0x00000000000028e8       0x18 /usr/lib/gcc/x86_64-linux-gnu/7/../../../x86_64-linux-gnu/Scrt1.o
 .rela.data.rel.ro.mp_type_bool
                0x0000000000002900       0x78 /usr/lib/gcc/x86_64-linux-gnu/7/../../../x86_64-linux-gnu/Scrt1.o
 .rela.data.rel.ro.mp_type_complex
                0x0000000000002978       0x90 /usr/lib/gcc/x86_64-linux-gnu/7/../../../x86_64-linux-gnu/Scrt1.o
 .rela.data.rel.ro.mp_type_dict
                0x0000000000002a08       0xc0 /usr/lib/gcc/x86_64-linux-gnu/7/../../../x86_64-linux-gnu/Scrt1.o
 .rela.data.rel.ro.local.dict_locals_dict
                0x0000000000002ac8       0x30 /usr/lib/gcc/x86_64-linux-gnu/7/../../../x86_64-linux-gnu/Scrt1.o
 .rela.data.rel.ro.dict_locals_dict_table
                0x0000000000002af8      0x150 /usr/lib/gcc/x86_64-linux-gnu/7/../../../x86_64-linux-gnu/Scrt1.o
 .rela.data.rel.ro.dict_values_obj
                0x0000000000002c48       0x30 /usr/lib/gcc/x86_64-linux-gnu/7/../../../x86_64-linux-gnu/Scrt1.o
 .rela.data.rel.ro.dict_keys_obj
                0x0000000000002c78       0x30 /usr/lib/gcc/x86_64-linux-gnu/7/../../../x86_64-linux-gnu/Scrt1.o
 .rela.data.rel.ro.dict_items_obj
                0x0000000000002ca8       0x30 /usr/lib/gcc/x86_64-linux-gnu/7/../../../x86_64-linux-gnu/Scrt1.o
 .rela.data.rel.ro.local.mp_dict_view_names
                0x0000000000002cd8       0x48 /usr/lib/gcc/x86_64-linux-gnu/7/../../../x86_64-linux-gnu/Scrt1.o
 .rela.data.rel.ro.dict_view_it_type
                0x0000000000002d20       0x48 /usr/lib/gcc/x86_64-linux-gnu/7/../../../x86_64-linux-gnu/Scrt1.o
 .rela.data.rel.ro.dict_view_type
                0x0000000000002d68       0x60 /usr/lib/gcc/x86_64-linux-gnu/7/../../../x86_64-linux-gnu/Scrt1.o
 .rela.data.rel.ro.dict_update_obj
                0x0000000000002dc8       0x30 /usr/lib/gcc/x86_64-linux-gnu/7/../../../x86_64-linux-gnu/Scrt1.o
 .rela.data.rel.ro.dict_popitem_obj
                0x0000000000002df8       0x30 /usr/lib/gcc/x86_64-linux-gnu/7/../../../x86_64-linux-gnu/Scrt1.o
 .rela.data.rel.ro.dict_setdefault_obj
                0x0000000000002e28       0x30 /usr/lib/gcc/x86_64-linux-gnu/7/../../../x86_64-linux-gnu/Scrt1.o
 .rela.data.rel.ro.dict_pop_obj
                0x0000000000002e58       0x30 /usr/lib/gcc/x86_64-linux-gnu/7/../../../x86_64-linux-gnu/Scrt1.o
 .rela.data.rel.ro.dict_get_obj
                0x0000000000002e88       0x30 /usr/lib/gcc/x86_64-linux-gnu/7/../../../x86_64-linux-gnu/Scrt1.o
 .rela.data.rel.ro.dict_fromkeys_obj
                0x0000000000002eb8       0x30 /usr/lib/gcc/x86_64-linux-gnu/7/../../../x86_64-linux-gnu/Scrt1.o
 .rela.data.rel.ro.dict_fromkeys_fun_obj
                0x0000000000002ee8       0x30 /usr/lib/gcc/x86_64-linux-gnu/7/../../../x86_64-linux-gnu/Scrt1.o
 .rela.data.rel.ro.dict_copy_obj
                0x0000000000002f18       0x30 /usr/lib/gcc/x86_64-linux-gnu/7/../../../x86_64-linux-gnu/Scrt1.o
 .rela.data.rel.ro.dict_clear_obj
                0x0000000000002f48       0x30 /usr/lib/gcc/x86_64-linux-gnu/7/../../../x86_64-linux-gnu/Scrt1.o
 .rela.data.rel.ro.mp_type_UnicodeError
                0x0000000000002f78       0x78 /usr/lib/gcc/x86_64-linux-gnu/7/../../../x86_64-linux-gnu/Scrt1.o
 .rela.data.rel.ro.mp_type_ValueError
                0x0000000000002ff0       0x78 /usr/lib/gcc/x86_64-linux-gnu/7/../../../x86_64-linux-gnu/Scrt1.o
 .rela.data.rel.ro.mp_type_TypeError
                0x0000000000003068       0x78 /usr/lib/gcc/x86_64-linux-gnu/7/../../../x86_64-linux-gnu/Scrt1.o
 .rela.data.rel.ro.mp_type_IndentationError
                0x00000000000030e0       0x78 /usr/lib/gcc/x86_64-linux-gnu/7/../../../x86_64-linux-gnu/Scrt1.o
 .rela.data.rel.ro.mp_type_SyntaxError
                0x0000000000003158       0x78 /usr/lib/gcc/x86_64-linux-gnu/7/../../../x86_64-linux-gnu/Scrt1.o
 .rela.data.rel.ro.mp_type_NotImplementedError
                0x00000000000031d0       0x78 /usr/lib/gcc/x86_64-linux-gnu/7/../../../x86_64-linux-gnu/Scrt1.o
 .rela.data.rel.ro.mp_type_RuntimeError
                0x0000000000003248       0x78 /usr/lib/gcc/x86_64-linux-gnu/7/../../../x86_64-linux-gnu/Scrt1.o
 .rela.data.rel.ro.mp_type_OSError
                0x00000000000032c0       0x78 /usr/lib/gcc/x86_64-linux-gnu/7/../../../x86_64-linux-gnu/Scrt1.o
 .rela.data.rel.ro.mp_type_MemoryError
                0x0000000000003338       0x78 /usr/lib/gcc/x86_64-linux-gnu/7/../../../x86_64-linux-gnu/Scrt1.o
 .rela.data.rel.ro.mp_type_KeyError
                0x00000000000033b0       0x78 /usr/lib/gcc/x86_64-linux-gnu/7/../../../x86_64-linux-gnu/Scrt1.o
 .rela.data.rel.ro.mp_type_IndexError
                0x0000000000003428       0x78 /usr/lib/gcc/x86_64-linux-gnu/7/../../../x86_64-linux-gnu/Scrt1.o
 .rela.data.rel.ro.mp_type_LookupError
                0x00000000000034a0       0x78 /usr/lib/gcc/x86_64-linux-gnu/7/../../../x86_64-linux-gnu/Scrt1.o
 .rela.data.rel.ro.mp_type_AttributeError
                0x0000000000003518       0x78 /usr/lib/gcc/x86_64-linux-gnu/7/../../../x86_64-linux-gnu/Scrt1.o
 .rela.data.rel.ro.mp_type_ZeroDivisionError
                0x0000000000003590       0x78 /usr/lib/gcc/x86_64-linux-gnu/7/../../../x86_64-linux-gnu/Scrt1.o
 .rela.data.rel.ro.mp_type_OverflowError
                0x0000000000003608       0x78 /usr/lib/gcc/x86_64-linux-gnu/7/../../../x86_64-linux-gnu/Scrt1.o
 .rela.data.rel.ro.mp_type_ArithmeticError
                0x0000000000003680       0x78 /usr/lib/gcc/x86_64-linux-gnu/7/../../../x86_64-linux-gnu/Scrt1.o
 .rela.data.rel.ro.mp_type_StopIteration
                0x00000000000036f8       0x78 /usr/lib/gcc/x86_64-linux-gnu/7/../../../x86_64-linux-gnu/Scrt1.o
 .rela.data.rel.ro.mp_type_Exception
                0x0000000000003770       0x78 /usr/lib/gcc/x86_64-linux-gnu/7/../../../x86_64-linux-gnu/Scrt1.o
 .rela.data.rel.ro.mp_type_BaseException
                0x00000000000037e8       0x60 /usr/lib/gcc/x86_64-linux-gnu/7/../../../x86_64-linux-gnu/Scrt1.o
 .rela.data.rel.ro.mp_type_float
                0x0000000000003848       0x78 /usr/lib/gcc/x86_64-linux-gnu/7/../../../x86_64-linux-gnu/Scrt1.o
 .rela.data.rel.ro.mp_type_fun_builtin_var
                0x00000000000038c0       0x48 /usr/lib/gcc/x86_64-linux-gnu/7/../../../x86_64-linux-gnu/Scrt1.o
 .rela.data.rel.ro.mp_type_fun_builtin_3
                0x0000000000003908       0x48 /usr/lib/gcc/x86_64-linux-gnu/7/../../../x86_64-linux-gnu/Scrt1.o
 .rela.data.rel.ro.mp_type_fun_builtin_2
                0x0000000000003950       0x48 /usr/lib/gcc/x86_64-linux-gnu/7/../../../x86_64-linux-gnu/Scrt1.o
 .rela.data.rel.ro.mp_type_fun_builtin_1
                0x0000000000003998       0x48 /usr/lib/gcc/x86_64-linux-gnu/7/../../../x86_64-linux-gnu/Scrt1.o
 .rela.data.rel.ro.mp_type_fun_builtin_0
                0x00000000000039e0       0x48 /usr/lib/gcc/x86_64-linux-gnu/7/../../../x86_64-linux-gnu/Scrt1.o
 .rela.data.rel.ro.it_type
                0x0000000000003a28       0x48 /usr/lib/gcc/x86_64-linux-gnu/7/../../../x86_64-linux-gnu/Scrt1.o
 .rela.data.rel.ro.mp_type_int
                0x0000000000003a70       0x90 /usr/lib/gcc/x86_64-linux-gnu/7/../../../x86_64-linux-gnu/Scrt1.o
 .rela.data.rel.ro.int_locals_dict
                0x0000000000003b00       0x30 /usr/lib/gcc/x86_64-linux-gnu/7/../../../x86_64-linux-gnu/Scrt1.o
 .rela.data.rel.ro.local.int_locals_dict_table
                0x0000000000003b30       0x30 /usr/lib/gcc/x86_64-linux-gnu/7/../../../x86_64-linux-gnu/Scrt1.o
 .rela.data.rel.ro.int_to_bytes_obj
                0x0000000000003b60       0x30 /usr/lib/gcc/x86_64-linux-gnu/7/../../../x86_64-linux-gnu/Scrt1.o
 .rela.data.rel.ro.int_from_bytes_obj
                0x0000000000003b90       0x30 /usr/lib/gcc/x86_64-linux-gnu/7/../../../x86_64-linux-gnu/Scrt1.o
 .rela.data.rel.ro.int_from_bytes_fun_obj
                0x0000000000003bc0       0x30 /usr/lib/gcc/x86_64-linux-gnu/7/../../../x86_64-linux-gnu/Scrt1.o
 .rela.data.rel.ro.allowed_args.3888
                0x0000000000003bf0       0x18 /usr/lib/gcc/x86_64-linux-gnu/7/../../../x86_64-linux-gnu/Scrt1.o
 .rela.data.rel.ro.mp_type_list
                0x0000000000003c08       0xc0 /usr/lib/gcc/x86_64-linux-gnu/7/../../../x86_64-linux-gnu/Scrt1.o
 .rela.data.rel.ro.list_locals_dict
                0x0000000000003cc8       0x30 /usr/lib/gcc/x86_64-linux-gnu/7/../../../x86_64-linux-gnu/Scrt1.o
 .rela.data.rel.ro.local.list_locals_dict_table
                0x0000000000003cf8      0x108 /usr/lib/gcc/x86_64-linux-gnu/7/../../../x86_64-linux-gnu/Scrt1.o
 .rela.data.rel.ro.list_sort_obj
                0x0000000000003e00       0x30 /usr/lib/gcc/x86_64-linux-gnu/7/../../../x86_64-linux-gnu/Scrt1.o
 .rela.data.rel.ro.list_reverse_obj
                0x0000000000003e30       0x30 /usr/lib/gcc/x86_64-linux-gnu/7/../../../x86_64-linux-gnu/Scrt1.o
 .rela.data.rel.ro.list_remove_obj
                0x0000000000003e60       0x30 /usr/lib/gcc/x86_64-linux-gnu/7/../../../x86_64-linux-gnu/Scrt1.o
 .rela.data.rel.ro.list_pop_obj
                0x0000000000003e90       0x30 /usr/lib/gcc/x86_64-linux-gnu/7/../../../x86_64-linux-gnu/Scrt1.o
 .rela.data.rel.ro.list_insert_obj
                0x0000000000003ec0       0x30 /usr/lib/gcc/x86_64-linux-gnu/7/../../../x86_64-linux-gnu/Scrt1.o
 .rela.data.rel.ro.list_index_obj
                0x0000000000003ef0       0x30 /usr/lib/gcc/x86_64-linux-gnu/7/../../../x86_64-linux-gnu/Scrt1.o
 .rela.data.rel.ro.list_count_obj
                0x0000000000003f20       0x30 /usr/lib/gcc/x86_64-linux-gnu/7/../../../x86_64-linux-gnu/Scrt1.o
 .rela.data.rel.ro.list_copy_obj
                0x0000000000003f50       0x30 /usr/lib/gcc/x86_64-linux-gnu/7/../../../x86_64-linux-gnu/Scrt1.o
 .rela.data.rel.ro.list_clear_obj
                0x0000000000003f80       0x30 /usr/lib/gcc/x86_64-linux-gnu/7/../../../x86_64-linux-gnu/Scrt1.o
 .rela.data.rel.ro.list_extend_obj
                0x0000000000003fb0       0x30 /usr/lib/gcc/x86_64-linux-gnu/7/../../../x86_64-linux-gnu/Scrt1.o
 .rela.data.rel.ro.list_append_obj
                0x0000000000003fe0       0x30 /usr/lib/gcc/x86_64-linux-gnu/7/../../../x86_64-linux-gnu/Scrt1.o
 .rela.data.rel.ro.mp_type_object
                0x0000000000004010       0x48 /usr/lib/gcc/x86_64-linux-gnu/7/../../../x86_64-linux-gnu/Scrt1.o
 .rela.data.rel.ro.object_locals_dict
                0x0000000000004058       0x30 /usr/lib/gcc/x86_64-linux-gnu/7/../../../x86_64-linux-gnu/Scrt1.o
 .rela.data.rel.ro.local.object_locals_dict_table
                0x0000000000004088       0x30 /usr/lib/gcc/x86_64-linux-gnu/7/../../../x86_64-linux-gnu/Scrt1.o
 .rela.data.rel.ro.object___new___obj
                0x00000000000040b8       0x30 /usr/lib/gcc/x86_64-linux-gnu/7/../../../x86_64-linux-gnu/Scrt1.o
 .rela.data.rel.ro.object___new___fun_obj
                0x00000000000040e8       0x30 /usr/lib/gcc/x86_64-linux-gnu/7/../../../x86_64-linux-gnu/Scrt1.o
 .rela.data.rel.ro.object___init___obj
                0x0000000000004118       0x30 /usr/lib/gcc/x86_64-linux-gnu/7/../../../x86_64-linux-gnu/Scrt1.o
 .rela.data.rel.ro.mp_type_polymorph_iter
                0x0000000000004148       0x48 /usr/lib/gcc/x86_64-linux-gnu/7/../../../x86_64-linux-gnu/Scrt1.o
 .rela.data.rel.ro.allowed_args.4101
                0x0000000000004190       0x60 /usr/lib/gcc/x86_64-linux-gnu/7/../../../x86_64-linux-gnu/Scrt1.o
 .rela.data.rel.ro.mp_type_property
                0x00000000000041f0       0x48 /usr/lib/gcc/x86_64-linux-gnu/7/../../../x86_64-linux-gnu/Scrt1.o
 .rela.data.rel.ro.property_locals_dict
                0x0000000000004238       0x30 /usr/lib/gcc/x86_64-linux-gnu/7/../../../x86_64-linux-gnu/Scrt1.o
 .rela.data.rel.ro.local.property_locals_dict_table
                0x0000000000004268       0x48 /usr/lib/gcc/x86_64-linux-gnu/7/../../../x86_64-linux-gnu/Scrt1.o
 .rela.data.rel.ro.property_deleter_obj
                0x00000000000042b0       0x30 /usr/lib/gcc/x86_64-linux-gnu/7/../../../x86_64-linux-gnu/Scrt1.o
 .rela.data.rel.ro.property_setter_obj
                0x00000000000042e0       0x30 /usr/lib/gcc/x86_64-linux-gnu/7/../../../x86_64-linux-gnu/Scrt1.o
 .rela.data.rel.ro.property_getter_obj
                0x0000000000004310       0x30 /usr/lib/gcc/x86_64-linux-gnu/7/../../../x86_64-linux-gnu/Scrt1.o
 .rela.data.rel.ro.local.mp_const_none_obj
                0x0000000000004340       0x18 /usr/lib/gcc/x86_64-linux-gnu/7/../../../x86_64-linux-gnu/Scrt1.o
 .rela.data.rel.ro.mp_type_NoneType
                0x0000000000004358       0x48 /usr/lib/gcc/x86_64-linux-gnu/7/../../../x86_64-linux-gnu/Scrt1.o
 .rela.data.rel.ro.local.mp_const_ellipsis_obj
                0x00000000000043a0       0x18 /usr/lib/gcc/x86_64-linux-gnu/7/../../../x86_64-linux-gnu/Scrt1.o
 .rela.data.rel.ro.mp_type_singleton
                0x00000000000043b8       0x30 /usr/lib/gcc/x86_64-linux-gnu/7/../../../x86_64-linux-gnu/Scrt1.o
 .rela.data.rel.ro.mp_type_slice
                0x00000000000043e8       0x30 /usr/lib/gcc/x86_64-linux-gnu/7/../../../x86_64-linux-gnu/Scrt1.o
 .rela.data.rel.ro.local.mp_const_empty_bytes_obj
                0x0000000000004418       0x30 /usr/lib/gcc/x86_64-linux-gnu/7/../../../x86_64-linux-gnu/Scrt1.o
 .rela.data.rel.ro.mp_type_bytes
                0x0000000000004448       0xc0 /usr/lib/gcc/x86_64-linux-gnu/7/../../../x86_64-linux-gnu/Scrt1.o
 .rela.data.rel.ro.str8_locals_dict
                0x0000000000004508       0x30 /usr/lib/gcc/x86_64-linux-gnu/7/../../../x86_64-linux-gnu/Scrt1.o
 .rela.data.rel.ro.local.str8_locals_dict_table
                0x0000000000004538      0x228 /usr/lib/gcc/x86_64-linux-gnu/7/../../../x86_64-linux-gnu/Scrt1.o
 .rela.data.rel.ro.str_encode_obj
                0x0000000000004760       0x30 /usr/lib/gcc/x86_64-linux-gnu/7/../../../x86_64-linux-gnu/Scrt1.o
 .rela.data.rel.ro.bytes_decode_obj
                0x0000000000004790       0x30 /usr/lib/gcc/x86_64-linux-gnu/7/../../../x86_64-linux-gnu/Scrt1.o
 .rela.data.rel.ro.str_islower_obj
                0x00000000000047c0       0x30 /usr/lib/gcc/x86_64-linux-gnu/7/../../../x86_64-linux-gnu/Scrt1.o
 .rela.data.rel.ro.str_isupper_obj
                0x00000000000047f0       0x30 /usr/lib/gcc/x86_64-linux-gnu/7/../../../x86_64-linux-gnu/Scrt1.o
 .rela.data.rel.ro.str_isdigit_obj
                0x0000000000004820       0x30 /usr/lib/gcc/x86_64-linux-gnu/7/../../../x86_64-linux-gnu/Scrt1.o
 .rela.data.rel.ro.str_isalpha_obj
                0x0000000000004850       0x30 /usr/lib/gcc/x86_64-linux-gnu/7/../../../x86_64-linux-gnu/Scrt1.o
 .rela.data.rel.ro.str_isspace_obj
                0x0000000000004880       0x30 /usr/lib/gcc/x86_64-linux-gnu/7/../../../x86_64-linux-gnu/Scrt1.o
 .rela.data.rel.ro.str_upper_obj
                0x00000000000048b0       0x30 /usr/lib/gcc/x86_64-linux-gnu/7/../../../x86_64-linux-gnu/Scrt1.o
 .rela.data.rel.ro.str_lower_obj
                0x00000000000048e0       0x30 /usr/lib/gcc/x86_64-linux-gnu/7/../../../x86_64-linux-gnu/Scrt1.o
 .rela.data.rel.ro.str_count_obj
                0x0000000000004910       0x30 /usr/lib/gcc/x86_64-linux-gnu/7/../../../x86_64-linux-gnu/Scrt1.o
 .rela.data.rel.ro.str_replace_obj
                0x0000000000004940       0x30 /usr/lib/gcc/x86_64-linux-gnu/7/../../../x86_64-linux-gnu/Scrt1.o
 .rela.data.rel.ro.str_format_obj
                0x0000000000004970       0x30 /usr/lib/gcc/x86_64-linux-gnu/7/../../../x86_64-linux-gnu/Scrt1.o
 .rela.data.rel.ro.str_rstrip_obj
                0x00000000000049a0       0x30 /usr/lib/gcc/x86_64-linux-gnu/7/../../../x86_64-linux-gnu/Scrt1.o
 .rela.data.rel.ro.str_lstrip_obj
                0x00000000000049d0       0x30 /usr/lib/gcc/x86_64-linux-gnu/7/../../../x86_64-linux-gnu/Scrt1.o
 .rela.data.rel.ro.str_strip_obj
                0x0000000000004a00       0x30 /usr/lib/gcc/x86_64-linux-gnu/7/../../../x86_64-linux-gnu/Scrt1.o
 .rela.data.rel.ro.str_endswith_obj
                0x0000000000004a30       0x30 /usr/lib/gcc/x86_64-linux-gnu/7/../../../x86_64-linux-gnu/Scrt1.o
 .rela.data.rel.ro.str_startswith_obj
                0x0000000000004a60       0x30 /usr/lib/gcc/x86_64-linux-gnu/7/../../../x86_64-linux-gnu/Scrt1.o
 .rela.data.rel.ro.str_rindex_obj
                0x0000000000004a90       0x30 /usr/lib/gcc/x86_64-linux-gnu/7/../../../x86_64-linux-gnu/Scrt1.o
 .rela.data.rel.ro.str_index_obj
                0x0000000000004ac0       0x30 /usr/lib/gcc/x86_64-linux-gnu/7/../../../x86_64-linux-gnu/Scrt1.o
 .rela.data.rel.ro.str_rfind_obj
                0x0000000000004af0       0x30 /usr/lib/gcc/x86_64-linux-gnu/7/../../../x86_64-linux-gnu/Scrt1.o
 .rela.data.rel.ro.str_find_obj
                0x0000000000004b20       0x30 /usr/lib/gcc/x86_64-linux-gnu/7/../../../x86_64-linux-gnu/Scrt1.o
 .rela.data.rel.ro.str_rsplit_obj
                0x0000000000004b50       0x30 /usr/lib/gcc/x86_64-linux-gnu/7/../../../x86_64-linux-gnu/Scrt1.o
 .rela.data.rel.ro.str_split_obj
                0x0000000000004b80       0x30 /usr/lib/gcc/x86_64-linux-gnu/7/../../../x86_64-linux-gnu/Scrt1.o
 .rela.data.rel.ro.str_join_obj
                0x0000000000004bb0       0x30 /usr/lib/gcc/x86_64-linux-gnu/7/../../../x86_64-linux-gnu/Scrt1.o
 .rela.data.rel.ro.mp_type_str
                0x0000000000004be0       0xd8 /usr/lib/gcc/x86_64-linux-gnu/7/../../../x86_64-linux-gnu/Scrt1.o
 .rela.data.rel.ro.struni_locals_dict
                0x0000000000004cb8       0x30 /usr/lib/gcc/x86_64-linux-gnu/7/../../../x86_64-linux-gnu/Scrt1.o
 .rela.data.rel.ro.struni_locals_dict_table
                0x0000000000004ce8      0x228 /usr/lib/gcc/x86_64-linux-gnu/7/../../../x86_64-linux-gnu/Scrt1.o
 .rela.data.rel.ro.local.mp_const_empty_tuple_obj
                0x0000000000004f10       0x18 /usr/lib/gcc/x86_64-linux-gnu/7/../../../x86_64-linux-gnu/Scrt1.o
 .rela.data.rel.ro.mp_type_tuple
                0x0000000000004f28       0xc0 /usr/lib/gcc/x86_64-linux-gnu/7/../../../x86_64-linux-gnu/Scrt1.o
 .rela.data.rel.ro.tuple_locals_dict
                0x0000000000004fe8       0x30 /usr/lib/gcc/x86_64-linux-gnu/7/../../../x86_64-linux-gnu/Scrt1.o
 .rela.data.rel.ro.local.tuple_locals_dict_table
                0x0000000000005018       0x30 /usr/lib/gcc/x86_64-linux-gnu/7/../../../x86_64-linux-gnu/Scrt1.o
 .rela.data.rel.ro.tuple_index_obj
                0x0000000000005048       0x30 /usr/lib/gcc/x86_64-linux-gnu/7/../../../x86_64-linux-gnu/Scrt1.o
 .rela.data.rel.ro.tuple_count_obj
                0x0000000000005078       0x30 /usr/lib/gcc/x86_64-linux-gnu/7/../../../x86_64-linux-gnu/Scrt1.o
 .rela.data.rel.ro.local.mp_type_classmethod
                0x00000000000050a8       0x30 /usr/lib/gcc/x86_64-linux-gnu/7/../../../x86_64-linux-gnu/Scrt1.o
 .rela.data.rel.ro.local.mp_type_staticmethod
                0x00000000000050d8       0x30 /usr/lib/gcc/x86_64-linux-gnu/7/../../../x86_64-linux-gnu/Scrt1.o
 .rela.data.rel.ro.mp_type_type
                0x0000000000005108       0x90 /usr/lib/gcc/x86_64-linux-gnu/7/../../../x86_64-linux-gnu/Scrt1.o
 .rela.data.rel.ro.native_base_init_wrapper_obj
                0x0000000000005198       0x30 /usr/lib/gcc/x86_64-linux-gnu/7/../../../x86_64-linux-gnu/Scrt1.o
 .rela.data.rel.ro.mp_op_delitem_obj
                0x00000000000051c8       0x30 /usr/lib/gcc/x86_64-linux-gnu/7/../../../x86_64-linux-gnu/Scrt1.o
 .rela.data.rel.ro.mp_op_setitem_obj
                0x00000000000051f8       0x30 /usr/lib/gcc/x86_64-linux-gnu/7/../../../x86_64-linux-gnu/Scrt1.o
 .rela.data.rel.ro.mp_op_getitem_obj
                0x0000000000005228       0x30 /usr/lib/gcc/x86_64-linux-gnu/7/../../../x86_64-linux-gnu/Scrt1.o
 .rela.data.rel.ro.mp_builtin_next_obj
                0x0000000000005258       0x30 /usr/lib/gcc/x86_64-linux-gnu/7/../../../x86_64-linux-gnu/Scrt1.o
 .rela.data.rel.ro.local.mp_stderr_print
                0x0000000000005288       0x18 /usr/lib/gcc/x86_64-linux-gnu/7/../../../x86_64-linux-gnu/Scrt1.o
 *(.rela.tdata .rela.tdata.* .rela.gnu.linkonce.td.*)
 *(.rela.tbss .rela.tbss.* .rela.gnu.linkonce.tb.*)
 *(.rela.ctors)
 *(.rela.dtors)
 *(.rela.got)
 .rela.got      0x00000000000052a0       0xa8 /usr/lib/gcc/x86_64-linux-gnu/7/../../../x86_64-linux-gnu/Scrt1.o
 *(.rela.bss .rela.bss.* .rela.gnu.linkonce.b.*)
 .rela.bss      0x0000000000005348        0x0 /usr/lib/gcc/x86_64-linux-gnu/7/../../../x86_64-linux-gnu/Scrt1.o
 *(.rela.ldata .rela.ldata.* .rela.gnu.linkonce.l.*)
 *(.rela.lbss .rela.lbss.* .rela.gnu.linkonce.lb.*)
 *(.rela.lrodata .rela.lrodata.* .rela.gnu.linkonce.lr.*)
 *(.rela.ifunc)
 .rela.ifunc    0x0000000000005348        0x0 /usr/lib/gcc/x86_64-linux-gnu/7/../../../x86_64-linux-gnu/Scrt1.o
 .rela.fini_array
                0x0000000000005348       0x18 /usr/lib/gcc/x86_64-linux-gnu/7/../../../x86_64-linux-gnu/Scrt1.o
 .rela.init_array
                0x0000000000005360       0x18 /usr/lib/gcc/x86_64-linux-gnu/7/../../../x86_64-linux-gnu/Scrt1.o

.rela.plt       0x0000000000005378      0x2a0
 *(.rela.plt)
 .rela.plt      0x0000000000005378      0x2a0 /usr/lib/gcc/x86_64-linux-gnu/7/../../../x86_64-linux-gnu/Scrt1.o
                [!provide]                        PROVIDE (__rela_iplt_start = .)
 *(.rela.iplt)
                [!provide]                        PROVIDE (__rela_iplt_end = .)

.init           0x0000000000005618       0x17
 *(SORT_NONE(.init))
 .init          0x0000000000005618       0x12 /usr/lib/gcc/x86_64-linux-gnu/7/../../../x86_64-linux-gnu/crti.o
                0x0000000000005618                _init
 .init          0x000000000000562a        0x5 /usr/lib/gcc/x86_64-linux-gnu/7/../../../x86_64-linux-gnu/crtn.o

.plt            0x0000000000005630      0x1d0
 *(.plt)
 .plt           0x0000000000005630      0x1d0 /usr/lib/gcc/x86_64-linux-gnu/7/../../../x86_64-linux-gnu/Scrt1.o
 *(.iplt)

.plt.got        0x0000000000005800        0x8
 *(.plt.got)
 .plt.got       0x0000000000005800        0x8 /usr/lib/gcc/x86_64-linux-gnu/7/../../../x86_64-linux-gnu/Scrt1.o

.plt.sec
 *(.plt.sec)

.text           0x0000000000005810    0x18342
 *(.text.unlikely .text.*_unlikely .text.unlikely.*)
 .text.unlikely.raise_exc
                0x0000000000005810       0x29 build/py/parsenum.o
 .text.unlikely.bad_implicit_conversion
                0x0000000000005839       0x3e build/py/objstr.o
 *(.text.exit .text.exit.*)
 *(.text.startup .text.startup.*)
 .text.startup.main
                0x0000000000005877       0x22 build/main.o
                0x0000000000005877                main
 *(.text.hot .text.hot.*)
 *(.text .stub .text.* .gnu.linkonce.t.*)
 *fill*         0x0000000000005899        0x7 
 .text          0x00000000000058a0       0x2b /usr/lib/gcc/x86_64-linux-gnu/7/../../../x86_64-linux-gnu/Scrt1.o
                0x00000000000058a0                _start
 *fill*         0x00000000000058cb        0x5 
 .text          0x00000000000058d0       0xda /usr/lib/gcc/x86_64-linux-gnu/7/crtbeginS.o
 .text.nlr_push_tail
                0x00000000000059aa       0x14 build/py/nlr.o
                0x00000000000059aa                nlr_push_tail
 .text.nlr_pop  0x00000000000059be       0x12 build/py/nlr.o
                0x00000000000059be                nlr_pop
 .text.nlr_push
                0x00000000000059d0       0x2c build/py/nlrx64.o
                0x00000000000059d0                nlr_push
 .text.nlr_jump
                0x00000000000059fc       0x52 build/py/nlrx64.o
                0x00000000000059fc                nlr_jump
 .text.m_malloc
                0x0000000000005a4e       0x1f build/py/malloc.o
                0x0000000000005a4e                m_malloc
 .text.m_malloc_maybe
                0x0000000000005a6d        0x7 build/py/malloc.o
                0x0000000000005a6d                m_malloc_maybe
 .text.m_malloc0
                0x0000000000005a74        0x5 build/py/malloc.o
                0x0000000000005a74                m_malloc0
 .text.m_realloc
                0x0000000000005a79       0x22 build/py/malloc.o
                0x0000000000005a79                m_realloc
 .text.m_realloc_maybe
                0x0000000000005a9b        0x8 build/py/malloc.o
                0x0000000000005a9b                m_realloc_maybe
 .text.m_free   0x0000000000005aa3        0x5 build/py/malloc.o
                0x0000000000005aa3                m_free
 *fill*         0x0000000000005aa8        0x8 
 .text.gc_mark_subtree
                0x0000000000005ab0      0x114 build/py/gc.o
 *fill*         0x0000000000005bc4        0xc 
 .text.gc_free.part.0
                0x0000000000005bd0      0x10f build/py/gc.o
 *fill*         0x0000000000005cdf        0x1 
 .text.gc_init  0x0000000000005ce0       0x82 build/py/gc.o
                0x0000000000005ce0                gc_init
 *fill*         0x0000000000005d62        0xe 
 .text.gc_is_locked
                0x0000000000005d70        0xc build/py/gc.o
                0x0000000000005d70                gc_is_locked
 *fill*         0x0000000000005d7c        0x4 
 .text.gc_collect_start
                0x0000000000005d80       0xa1 build/py/gc.o
                0x0000000000005d80                gc_collect_start
 *fill*         0x0000000000005e21        0xf 
 .text.gc_collect_root
                0x0000000000005e30       0x99 build/py/gc.o
                0x0000000000005e30                gc_collect_root
 *fill*         0x0000000000005ec9        0x7 
 .text.gc_collect_end
                0x0000000000005ed0      0x151 build/py/gc.o
                0x0000000000005ed0                gc_collect_end
 *fill*         0x0000000000006021        0xf 
 .text.gc_alloc
                0x0000000000006030      0x22d build/py/gc.o
                0x0000000000006030                gc_alloc
 *fill*         0x000000000000625d        0x3 
 .text.gc_free  0x0000000000006260       0x1a build/py/gc.o
                0x0000000000006260                gc_free
 *fill*         0x000000000000627a        0x6 
 .text.gc_realloc
                0x0000000000006280      0x300 build/py/gc.o
                0x0000000000006280                gc_realloc
 .text.find_qstr
                0x0000000000006580       0x1e build/py/qstr.o
 .text.qstr_compute_hash
                0x000000000000659e       0x29 build/py/qstr.o
                0x000000000000659e                qstr_compute_hash
 .text.qstr_init
                0x00000000000065c7       0x1a build/py/qstr.o
                0x00000000000065c7                qstr_init
 .text.qstr_find_strn
                0x00000000000065e1       0x94 build/py/qstr.o
                0x00000000000065e1                qstr_find_strn
 .text.qstr_from_strn
                0x0000000000006675      0x1d9 build/py/qstr.o
                0x0000000000006675                qstr_from_strn
 .text.qstr_from_str
                0x000000000000684e       0x1d build/py/qstr.o
                0x000000000000684e                qstr_from_str
 .text.qstr_hash
                0x000000000000686b        0x9 build/py/qstr.o
                0x000000000000686b                qstr_hash
 .text.qstr_len
                0x0000000000006874        0xa build/py/qstr.o
                0x0000000000006874                qstr_len
 .text.qstr_str
                0x000000000000687e        0xa build/py/qstr.o
                0x000000000000687e                qstr_str
 .text.qstr_data
                0x0000000000006888       0x11 build/py/qstr.o
                0x0000000000006888                qstr_data
 .text.vstr_ensure_extra
                0x0000000000006899       0x4a build/py/vstr.o
 .text.vstr_add_strn
                0x00000000000068e3       0x31 build/py/vstr.o
                0x00000000000068e3                vstr_add_strn
 .text.vstr_init
                0x0000000000006914       0x2b build/py/vstr.o
                0x0000000000006914                vstr_init
 .text.vstr_init_len
                0x000000000000693f       0x1d build/py/vstr.o
                0x000000000000693f                vstr_init_len
 .text.vstr_init_print
                0x000000000000695c       0x23 build/py/vstr.o
                0x000000000000695c                vstr_init_print
 .text.vstr_clear
                0x000000000000697f       0x1d build/py/vstr.o
                0x000000000000697f                vstr_clear
 .text.vstr_extend
                0x000000000000699c       0x43 build/py/vstr.o
                0x000000000000699c                vstr_extend
 .text.vstr_add_len
                0x00000000000069df       0x27 build/py/vstr.o
                0x00000000000069df                vstr_add_len
 .text.vstr_null_terminated_str
                0x0000000000006a06       0x29 build/py/vstr.o
                0x0000000000006a06                vstr_null_terminated_str
 .text.vstr_add_byte
                0x0000000000006a2f       0x11 build/py/vstr.o
                0x0000000000006a2f                vstr_add_byte
 .text.vstr_add_char
                0x0000000000006a40       0xda build/py/vstr.o
                0x0000000000006a40                vstr_add_char
 .text.vstr_add_str
                0x0000000000006b1a       0x20 build/py/vstr.o
                0x0000000000006b1a                vstr_add_str
 .text.vstr_cut_tail_bytes
                0x0000000000006b3a       0x1b build/py/vstr.o
                0x0000000000006b3a                vstr_cut_tail_bytes
 .text.mp_print_str
                0x0000000000006b55       0x2a build/py/mpprint.o
                0x0000000000006b55                mp_print_str
 .text.mp_print_strn
                0x0000000000006b7f      0x103 build/py/mpprint.o
                0x0000000000006b7f                mp_print_strn
 .text.mp_print_int
                0x0000000000006c82      0x133 build/py/mpprint.o
 .text.mp_print_mp_int
                0x0000000000006db5      0x376 build/py/mpprint.o
                0x0000000000006db5                mp_print_mp_int
 .text.mp_print_float
                0x000000000000712b       0xf7 build/py/mpprint.o
                0x000000000000712b                mp_print_float
 .text.mp_vprintf
                0x0000000000007222      0x52b build/py/mpprint.o
                0x0000000000007222                mp_vprintf
 .text.mp_printf
                0x000000000000774d       0xb1 build/py/mpprint.o
                0x000000000000774d                mp_printf
 .text.utf8_get_char
                0x00000000000077fe       0x3a build/py/unicode.o
                0x00000000000077fe                utf8_get_char
 .text.utf8_next_char
                0x0000000000007838       0x14 build/py/unicode.o
                0x0000000000007838                utf8_next_char
 .text.utf8_ptr_to_index
                0x000000000000784c       0x1a build/py/unicode.o
                0x000000000000784c                utf8_ptr_to_index
 .text.utf8_charlen
                0x0000000000007866       0x1d build/py/unicode.o
                0x0000000000007866                utf8_charlen
 .text.unichar_isspace
                0x0000000000007883       0x1c build/py/unicode.o
                0x0000000000007883                unichar_isspace
 .text.unichar_isalpha
                0x000000000000789f       0x1d build/py/unicode.o
                0x000000000000789f                unichar_isalpha
 .text.unichar_isdigit
                0x00000000000078bc       0x1d build/py/unicode.o
                0x00000000000078bc                unichar_isdigit
 .text.unichar_isxdigit
                0x00000000000078d9       0x1d build/py/unicode.o
                0x00000000000078d9                unichar_isxdigit
 .text.unichar_isupper
                0x00000000000078f6       0x1d build/py/unicode.o
                0x00000000000078f6                unichar_isupper
 .text.unichar_islower
                0x0000000000007913       0x1d build/py/unicode.o
                0x0000000000007913                unichar_islower
 .text.unichar_tolower
                0x0000000000007930       0x11 build/py/unicode.o
                0x0000000000007930                unichar_tolower
 .text.unichar_toupper
                0x0000000000007941       0x11 build/py/unicode.o
                0x0000000000007941                unichar_toupper
 .text.unichar_xdigit_value
                0x0000000000007952       0x11 build/py/unicode.o
                0x0000000000007952                unichar_xdigit_value
 .text.utf8_check
                0x0000000000007963       0x48 build/py/unicode.o
                0x0000000000007963                utf8_check
 .text.mpn_remove_trailing_zeros
                0x00000000000079ab       0x1a build/py/mpz.o
 .text.mpn_shr  0x00000000000079c5       0x4a build/py/mpz.o
 .text.mpn_add  0x0000000000007a0f       0x66 build/py/mpz.o
 .text.mpn_sub  0x0000000000007a75       0x57 build/py/mpz.o
 .text.mpn_cmp.part.1
                0x0000000000007acc       0x2e build/py/mpz.o
 .text.mpz_free
                0x0000000000007afa       0x1c build/py/mpz.o
 .text.mpz_need_dig
                0x0000000000007b16       0x6f build/py/mpz.o
 .text.mpz_clone
                0x0000000000007b85       0x8a build/py/mpz.o
 .text.mpz_set_from_int.part.5
                0x0000000000007c0f       0x5c build/py/mpz.o
 .text.mpz_init_zero
                0x0000000000007c6b       0x18 build/py/mpz.o
                0x0000000000007c6b                mpz_init_zero
 .text.mpz_deinit
                0x0000000000007c83       0x14 build/py/mpz.o
                0x0000000000007c83                mpz_deinit
 .text.mpz_set  0x0000000000007c97       0x46 build/py/mpz.o
                0x0000000000007c97                mpz_set
 .text.mpz_set_from_int
                0x0000000000007cdd       0x13 build/py/mpz.o
                0x0000000000007cdd                mpz_set_from_int
 .text.mpz_init_from_int
                0x0000000000007cf0        0xf build/py/mpz.o
                0x0000000000007cf0                mpz_init_from_int
 .text.mpz_init_fixed_from_int
                0x0000000000007cff       0x32 build/py/mpz.o
                0x0000000000007cff                mpz_init_fixed_from_int
 .text.mpz_set_from_ll
                0x0000000000007d31       0x63 build/py/mpz.o
                0x0000000000007d31                mpz_set_from_ll
 .text.mpz_set_from_float
                0x0000000000007d94      0x163 build/py/mpz.o
                0x0000000000007d94                mpz_set_from_float
 .text.mpz_set_from_str
                0x0000000000007ef7      0x102 build/py/mpz.o
                0x0000000000007ef7                mpz_set_from_str
 .text.mpz_set_from_bytes
                0x0000000000007ff9       0xa2 build/py/mpz.o
                0x0000000000007ff9                mpz_set_from_bytes
 .text.mpz_cmp  0x000000000000809b       0x4d build/py/mpz.o
                0x000000000000809b                mpz_cmp
 .text.mpz_abs_inpl
                0x00000000000080e8       0x13 build/py/mpz.o
                0x00000000000080e8                mpz_abs_inpl
 .text.mpz_neg_inpl
                0x00000000000080fb       0x20 build/py/mpz.o
                0x00000000000080fb                mpz_neg_inpl
 .text.mpz_not_inpl
                0x000000000000811b       0xd2 build/py/mpz.o
                0x000000000000811b                mpz_not_inpl
 .text.mpz_shl_inpl
                0x00000000000081ed       0xda build/py/mpz.o
                0x00000000000081ed                mpz_shl_inpl
 .text.mpz_shr_inpl
                0x00000000000082c7      0x134 build/py/mpz.o
                0x00000000000082c7                mpz_shr_inpl
 .text.mpz_add_inpl
                0x00000000000083fb       0xa7 build/py/mpz.o
                0x00000000000083fb                mpz_add_inpl
 .text.mpz_sub_inpl
                0x00000000000084a2       0xc1 build/py/mpz.o
                0x00000000000084a2                mpz_sub_inpl
 .text.mpz_and_inpl
                0x0000000000008563      0x142 build/py/mpz.o
                0x0000000000008563                mpz_and_inpl
 .text.mpz_or_inpl
                0x00000000000086a5      0x14f build/py/mpz.o
                0x00000000000086a5                mpz_or_inpl
 .text.mpz_xor_inpl
                0x00000000000087f4      0x125 build/py/mpz.o
                0x00000000000087f4                mpz_xor_inpl
 .text.mpz_mul_inpl
                0x0000000000008919      0x146 build/py/mpz.o
                0x0000000000008919                mpz_mul_inpl
 .text.mpz_pow_inpl
                0x0000000000008a5f       0xb3 build/py/mpz.o
                0x0000000000008a5f                mpz_pow_inpl
 .text.mpz_divmod_inpl
                0x0000000000008b12      0x3cd build/py/mpz.o
                0x0000000000008b12                mpz_divmod_inpl
 .text.mpz_hash
                0x0000000000008edf       0x2c build/py/mpz.o
                0x0000000000008edf                mpz_hash
 .text.mpz_as_int_checked
                0x0000000000008f0b       0x3c build/py/mpz.o
                0x0000000000008f0b                mpz_as_int_checked
 .text.mpz_as_bytes
                0x0000000000008f47       0x96 build/py/mpz.o
                0x0000000000008f47                mpz_as_bytes
 .text.mpz_as_float
                0x0000000000008fdd       0x3f build/py/mpz.o
                0x0000000000008fdd                mpz_as_float
 .text.mpz_as_str_inpl
                0x000000000000901c      0x1c3 build/py/mpz.o
                0x000000000000901c                mpz_as_str_inpl
 .text.mp_reader_posix_close
                0x00000000000091df       0x1a build/py/reader.o
 .text.mp_reader_posix_readbyte
                0x00000000000091f9       0x61 build/py/reader.o
 .text.mp_reader_new_file_from_fd
                0x000000000000925a       0x86 build/py/reader.o
                0x000000000000925a                mp_reader_new_file_from_fd
 .text.mp_reader_new_file
                0x00000000000092e0       0x35 build/py/reader.o
                0x00000000000092e0                mp_reader_new_file
 .text.next_char
                0x0000000000009315       0x85 build/py/lexer.o
 .text.skip_whitespace
                0x000000000000939a       0x7f build/py/lexer.o
 .text.is_string_or_bytes
                0x0000000000009419       0x64 build/py/lexer.o
 .text.mp_lexer_to_next
                0x000000000000947d      0x7f1 build/py/lexer.o
                0x000000000000947d                mp_lexer_to_next
 .text.mp_lexer_new
                0x0000000000009c6e       0xc7 build/py/lexer.o
                0x0000000000009c6e                mp_lexer_new
 .text.mp_lexer_new_from_file
                0x0000000000009d35       0x62 build/py/lexer.o
                0x0000000000009d35                mp_lexer_new_from_file
 .text.mp_lexer_free
                0x0000000000009d97       0x2f build/py/lexer.o
                0x0000000000009d97                mp_lexer_free
 .text.parser_alloc
                0x0000000000009dc6       0xaf build/py/parse.o
 .text.push_result_node
                0x0000000000009e75       0x48 build/py/parse.o
 .text.push_rule
                0x0000000000009ebd       0x7f build/py/parse.o
 .text.peek_result
                0x0000000000009f3c       0x39 build/py/parse.o
 .text.pop_result
                0x0000000000009f75       0x3c build/py/parse.o
 .text.push_rule_from_arg
                0x0000000000009fb1       0x46 build/py/parse.o
 .text.push_result_token
                0x0000000000009ff7      0x183 build/py/parse.o
 .text.mp_parse_node_is_const_false
                0x000000000000a17a       0x22 build/py/parse.o
                0x000000000000a17a                mp_parse_node_is_const_false
 .text.mp_parse_node_is_const_true
                0x000000000000a19c       0x22 build/py/parse.o
                0x000000000000a19c                mp_parse_node_is_const_true
 .text.mp_parse_node_get_int_maybe
                0x000000000000a1be       0x4f build/py/parse.o
                0x000000000000a1be                mp_parse_node_get_int_maybe
 .text.push_result_rule
                0x000000000000a20d      0x63e build/py/parse.o
 .text.mp_parse_node_extract_list
                0x000000000000a84b       0x37 build/py/parse.o
                0x000000000000a84b                mp_parse_node_extract_list
 .text.mp_parse
                0x000000000000a882      0x6b4 build/py/parse.o
                0x000000000000a882                mp_parse
 .text.mp_parse_tree_clear
                0x000000000000af36       0x1e build/py/parse.o
                0x000000000000af36                mp_parse_tree_clear
 .text.scope_new
                0x000000000000af54       0xa6 build/py/scope.o
                0x000000000000af54                scope_new
 .text.scope_free
                0x000000000000affa       0x16 build/py/scope.o
                0x000000000000affa                scope_free
 .text.scope_find
                0x000000000000b010       0x24 build/py/scope.o
                0x000000000000b010                scope_find
 .text.scope_find_or_add_id
                0x000000000000b034       0x6c build/py/scope.o
                0x000000000000b034                scope_find_or_add_id
 .text.scope_find_global
                0x000000000000b0a0       0x13 build/py/scope.o
                0x000000000000b0a0                scope_find_global
 .text.scope_find_local_and_close_over
                0x000000000000b0b3       0xf3 build/py/scope.o
                0x000000000000b0b3                scope_find_local_and_close_over
 .text.compile_increase_except_level
                0x000000000000b1a6       0x18 build/py/compile.o
 .text.apply_to_single_or_list
                0x000000000000b1be       0x51 build/py/compile.o
 .text.compile_del_stmt
                0x000000000000b20f       0x15 build/py/compile.o
 .text.compile_import_name
                0x000000000000b224       0x15 build/py/compile.o
 .text.scope_new_and_link
                0x000000000000b239       0x46 build/py/compile.o
 .text.compile_trailer_period
                0x000000000000b27f       0x13 build/py/compile.o
 .text.compile_const_object
                0x000000000000b292        0xd build/py/compile.o
 .text.close_over_variables_etc
                0x000000000000b29f       0xf6 build/py/compile.o
 .text.compile_funcdef_lambdef
                0x000000000000b395       0x8d build/py/compile.o
 .text.compile_lambdef
                0x000000000000b422       0x43 build/py/compile.o
 .text.compile_funcdef_helper
                0x000000000000b465       0x46 build/py/compile.o
 .text.compile_error_set_line.isra.1
                0x000000000000b4ab       0x17 build/py/compile.o
 .text.compile_decrease_except_level.isra.5
                0x000000000000b4c2       0x31 build/py/compile.o
 .text.compile_syntax_error
                0x000000000000b4f3       0x36 build/py/compile.o
 .text.compile_scope_func_lambda_param
                0x000000000000b529      0x18b build/py/compile.o
 .text.compile_scope_lambda_param
                0x000000000000b6b4       0x15 build/py/compile.o
 .text.compile_scope_func_param
                0x000000000000b6c9       0x15 build/py/compile.o
 .text.compile_star_expr
                0x000000000000b6de        0xc build/py/compile.o
 .text.compile_yield_from.isra.8
                0x000000000000b6ea       0x29 build/py/compile.o
 .text.compile_await_object_method
                0x000000000000b713       0x28 build/py/compile.o
 .text.compile_load_id
                0x000000000000b73b       0x25 build/py/compile.o
 .text.compile_store_id
                0x000000000000b760       0x25 build/py/compile.o
 .text.compile_funcdef
                0x000000000000b785       0x1d build/py/compile.o
 .text.compile_delete_id
                0x000000000000b7a2       0x25 build/py/compile.o
 .text.compile_node
                0x000000000000b7c7      0x156 build/py/compile.o
 .text.c_assign
                0x000000000000b91d      0x33a build/py/compile.o
 .text.c_assign_tuple
                0x000000000000bc57      0x135 build/py/compile.o
 .text.compile_dictorsetmaker_item
                0x000000000000bd8c       0x24 build/py/compile.o
 .text.compile_subscript
                0x000000000000bdb0      0x157 build/py/compile.o
 .text.compile_trailer_bracket
                0x000000000000bf07       0x19 build/py/compile.o
 .text.c_tuple  0x000000000000bf20       0x5d build/py/compile.o
 .text.compile_generic_tuple
                0x000000000000bf7d        0xa build/py/compile.o
 .text.compile_yield_stmt
                0x000000000000bf87       0x17 build/py/compile.o
 .text.c_del_stmt
                0x000000000000bf9e      0x252 build/py/compile.o
 .text.compile_generic_all_nodes
                0x000000000000c1f0       0x56 build/py/compile.o
 .text.compile_power
                0x000000000000c246       0x18 build/py/compile.o
 .text.compile_comprehension
                0x000000000000c25e       0xc5 build/py/compile.o
 .text.compile_atom_paren
                0x000000000000c323       0xce build/py/compile.o
 .text.compile_atom_bracket
                0x000000000000c3f1      0x117 build/py/compile.o
 .text.compile_trailer_paren_helper
                0x000000000000c508      0x1fb build/py/compile.o
 .text.compile_classdef_helper
                0x000000000000c703       0x81 build/py/compile.o
 .text.compile_classdef
                0x000000000000c784       0x1d build/py/compile.o
 .text.compile_trailer_paren
                0x000000000000c7a1        0xd build/py/compile.o
 .text.compile_decorated
                0x000000000000c7ae      0x264 build/py/compile.o
 .text.compile_atom_brace
                0x000000000000ca12      0x241 build/py/compile.o
 .text.compile_funcdef_lambdef_param
                0x000000000000cc53      0x14b build/py/compile.o
 .text.compile_atom_expr_normal
                0x000000000000cd9e      0x1bf build/py/compile.o
 .text.compile_term
                0x000000000000cf5d       0xd3 build/py/compile.o
 .text.compile_binary_op
                0x000000000000d030       0x54 build/py/compile.o
 .text.compile_expr_stmt
                0x000000000000d084      0x2ab build/py/compile.o
 .text.compile_not_test_2
                0x000000000000d32f       0x1c build/py/compile.o
 .text.compile_or_and_test
                0x000000000000d34b       0x87 build/py/compile.o
 .text.compile_comparison
                0x000000000000d3d2      0x1b2 build/py/compile.o
 .text.compile_for_stmt
                0x000000000000d584      0x489 build/py/compile.o
 .text.compile_with_stmt_helper
                0x000000000000da0d       0xcf build/py/compile.o
 .text.compile_try_except
                0x000000000000dadc      0x2ab build/py/compile.o
 .text.compile_try_finally
                0x000000000000dd87       0xf7 build/py/compile.o
 .text.compile_try_stmt
                0x000000000000de7e       0xe1 build/py/compile.o
 .text.compile_async_with_stmt_helper
                0x000000000000df5f      0x2f8 build/py/compile.o
 .text.c_if_cond
                0x000000000000e257      0x1d4 build/py/compile.o
 .text.compile_scope_comp_iter
                0x000000000000e42b      0x146 build/py/compile.o
 .text.compile_scope
                0x000000000000e571      0x4d7 build/py/compile.o
 .text.compile_while_stmt
                0x000000000000ea48       0xee build/py/compile.o
 .text.compile_if_stmt
                0x000000000000eb36      0x1bd build/py/compile.o
 .text.compile_test_if_expr
                0x000000000000ecf3       0xb1 build/py/compile.o
 .text.compile_yield_expr
                0x000000000000eda4       0x6c build/py/compile.o
 .text.compile_return_stmt
                0x000000000000ee10       0xa7 build/py/compile.o
 .text.compile_atom_expr_await
                0x000000000000eeb7       0x2f build/py/compile.o
 .text.compile_factor_2
                0x000000000000eee6       0x63 build/py/compile.o
 .text.compile_with_stmt
                0x000000000000ef49       0x7e build/py/compile.o
 .text.compile_async_stmt
                0x000000000000efc7      0x2f9 build/py/compile.o
 .text.compile_assert_stmt
                0x000000000000f2c0       0x82 build/py/compile.o
 .text.compile_raise_stmt
                0x000000000000f342       0x62 build/py/compile.o
 .text.compile_global_nonlocal_stmt
                0x000000000000f3a4      0x143 build/py/compile.o
 .text.do_import_name.isra.23
                0x000000000000f4e7      0x1cc build/py/compile.o
 .text.compile_import_from
                0x000000000000f6b3      0x23d build/py/compile.o
 .text.compile_dotted_as_name
                0x000000000000f8f0       0x6c build/py/compile.o
 .text.compile_break_cont_stmt
                0x000000000000f95c       0x76 build/py/compile.o
 .text.mp_compile_to_raw_code
                0x000000000000f9d2      0x36f build/py/compile.o
                0x000000000000f9d2                mp_compile_to_raw_code
 .text.mp_emit_common_get_id_for_load
                0x000000000000fd41       0x57 build/py/emitcommon.o
                0x000000000000fd41                mp_emit_common_get_id_for_load
 .text.mp_emit_common_get_id_for_modification
                0x000000000000fd98       0x5d build/py/emitcommon.o
                0x000000000000fd98                mp_emit_common_get_id_for_modification
 .text.mp_emit_common_id_op
                0x000000000000fdf5       0xb4 build/py/emitcommon.o
                0x000000000000fdf5                mp_emit_common_id_op
 .text.emit_write_uint
                0x000000000000fea9       0x82 build/py/emitbc.o
 .text.emit_get_cur_to_write_code_info
                0x000000000000ff2b       0x4a build/py/emitbc.o
 .text.emit_write_code_info_byte
                0x000000000000ff75       0x11 build/py/emitbc.o
 .text.emit_write_code_info_qstr
                0x000000000000ff86       0x19 build/py/emitbc.o
 .text.emit_get_cur_to_write_bytecode
                0x000000000000ff9f       0x4e build/py/emitbc.o
 .text.emit_write_bytecode_byte
                0x000000000000ffed       0x11 build/py/emitbc.o
 .text.emit_write_bytecode_byte_uint
                0x000000000000fffe       0x2f build/py/emitbc.o
 .text.emit_write_bytecode_byte_raw_code
                0x000000000001002d       0x44 build/py/emitbc.o
 .text.mp_emit_bc_delete_local
                0x0000000000010071        0xc build/py/emitbc.o
                0x0000000000010071                mp_emit_bc_delete_local
 .text.emit_write_bytecode_byte_signed_label
                0x000000000001007d       0x36 build/py/emitbc.o
 .text.emit_write_bytecode_byte_unsigned_label
                0x00000000000100b3       0x3e build/py/emitbc.o
 .text.emit_write_bytecode_byte_qstr
                0x00000000000100f1       0x4e build/py/emitbc.o
 .text.emit_write_bytecode_byte_obj.constprop.8
                0x000000000001013f       0x38 build/py/emitbc.o
 .text.emit_bc_new
                0x0000000000010177        0xa build/py/emitbc.o
                0x0000000000010177                emit_bc_new
 .text.emit_bc_set_max_num_labels
                0x0000000000010181       0x1b build/py/emitbc.o
                0x0000000000010181                emit_bc_set_max_num_labels
 .text.emit_bc_free
                0x000000000001019c       0x16 build/py/emitbc.o
                0x000000000001019c                emit_bc_free
 .text.mp_emit_bc_start_pass
                0x00000000000101b2      0x1f8 build/py/emitbc.o
                0x00000000000101b2                mp_emit_bc_start_pass
 .text.mp_emit_bc_end_pass
                0x00000000000103aa       0xf3 build/py/emitbc.o
                0x00000000000103aa                mp_emit_bc_end_pass
 .text.mp_emit_bc_last_emit_was_return_value
                0x000000000001049d        0x8 build/py/emitbc.o
                0x000000000001049d                mp_emit_bc_last_emit_was_return_value
 .text.mp_emit_bc_adjust_stack_size
                0x00000000000104a5       0x4f build/py/emitbc.o
                0x00000000000104a5                mp_emit_bc_adjust_stack_size
 .text.mp_emit_bc_load_local
                0x00000000000104f4       0x52 build/py/emitbc.o
                0x00000000000104f4                mp_emit_bc_load_local
 .text.mp_emit_bc_load_global
                0x0000000000010546       0x44 build/py/emitbc.o
                0x0000000000010546                mp_emit_bc_load_global
 .text.mp_emit_bc_store_local
                0x000000000001058a       0x51 build/py/emitbc.o
                0x000000000001058a                mp_emit_bc_store_local
 .text.mp_emit_bc_store_global
                0x00000000000105db       0x2b build/py/emitbc.o
                0x00000000000105db                mp_emit_bc_store_global
 .text.mp_emit_bc_delete_global
                0x0000000000010606       0x29 build/py/emitbc.o
                0x0000000000010606                mp_emit_bc_delete_global
 .text.emit_bc_call_function_method_helper
                0x000000000001062f       0x4e build/py/emitbc.o
 .text.mp_emit_bc_set_source_line
                0x000000000001067d       0xef build/py/emitbc.o
                0x000000000001067d                mp_emit_bc_set_source_line
 .text.mp_emit_bc_label_assign
                0x000000000001076c       0xa4 build/py/emitbc.o
                0x000000000001076c                mp_emit_bc_label_assign
 .text.mp_emit_bc_import
                0x0000000000010810       0x51 build/py/emitbc.o
                0x0000000000010810                mp_emit_bc_import
 .text.mp_emit_bc_load_const_tok
                0x0000000000010861       0x78 build/py/emitbc.o
                0x0000000000010861                mp_emit_bc_load_const_tok
 .text.mp_emit_bc_load_const_small_int
                0x00000000000108d9       0xfa build/py/emitbc.o
                0x00000000000108d9                mp_emit_bc_load_const_small_int
 .text.mp_emit_bc_load_const_str
                0x00000000000109d3       0x29 build/py/emitbc.o
                0x00000000000109d3                mp_emit_bc_load_const_str
 .text.mp_emit_bc_load_const_obj
                0x00000000000109fc       0x24 build/py/emitbc.o
                0x00000000000109fc                mp_emit_bc_load_const_obj
 .text.mp_emit_bc_load_null
                0x0000000000010a20       0x1c build/py/emitbc.o
                0x0000000000010a20                mp_emit_bc_load_null
 .text.mp_emit_bc_load_method
                0x0000000000010a3c       0x39 build/py/emitbc.o
                0x0000000000010a3c                mp_emit_bc_load_method
 .text.mp_emit_bc_load_build_class
                0x0000000000010a75       0x1c build/py/emitbc.o
                0x0000000000010a75                mp_emit_bc_load_build_class
 .text.mp_emit_bc_dup_top
                0x0000000000010a91       0x1c build/py/emitbc.o
                0x0000000000010a91                mp_emit_bc_dup_top
 .text.mp_emit_bc_dup_top_two
                0x0000000000010aad       0x1c build/py/emitbc.o
                0x0000000000010aad                mp_emit_bc_dup_top_two
 .text.mp_emit_bc_pop_top
                0x0000000000010ac9       0x1b build/py/emitbc.o
                0x0000000000010ac9                mp_emit_bc_pop_top
 .text.mp_emit_bc_rot_two
                0x0000000000010ae4       0x19 build/py/emitbc.o
                0x0000000000010ae4                mp_emit_bc_rot_two
 .text.mp_emit_bc_attr
                0x0000000000010afd       0x6c build/py/emitbc.o
                0x0000000000010afd                mp_emit_bc_attr
 .text.mp_emit_bc_rot_three
                0x0000000000010b69       0x19 build/py/emitbc.o
                0x0000000000010b69                mp_emit_bc_rot_three
 .text.mp_emit_bc_subscr
                0x0000000000010b82       0x47 build/py/emitbc.o
                0x0000000000010b82                mp_emit_bc_subscr
 .text.mp_emit_bc_jump
                0x0000000000010bc9       0x26 build/py/emitbc.o
                0x0000000000010bc9                mp_emit_bc_jump
 .text.mp_emit_bc_pop_jump_if
                0x0000000000010bef       0x3b build/py/emitbc.o
                0x0000000000010bef                mp_emit_bc_pop_jump_if
 .text.mp_emit_bc_jump_if_or_pop
                0x0000000000010c2a       0x3b build/py/emitbc.o
                0x0000000000010c2a                mp_emit_bc_jump_if_or_pop
 .text.mp_emit_bc_unwind_jump
                0x0000000000010c65       0xa9 build/py/emitbc.o
                0x0000000000010c65                mp_emit_bc_unwind_jump
 .text.mp_emit_bc_setup_block
                0x0000000000010d0e       0x35 build/py/emitbc.o
                0x0000000000010d0e                mp_emit_bc_setup_block
 .text.mp_emit_bc_end_finally
                0x0000000000010d43       0x1b build/py/emitbc.o
                0x0000000000010d43                mp_emit_bc_end_finally
 .text.mp_emit_bc_get_iter
                0x0000000000010d5e       0x34 build/py/emitbc.o
                0x0000000000010d5e                mp_emit_bc_get_iter
 .text.mp_emit_bc_for_iter
                0x0000000000010d92       0x29 build/py/emitbc.o
                0x0000000000010d92                mp_emit_bc_for_iter
 .text.mp_emit_bc_for_iter_end
                0x0000000000010dbb        0xc build/py/emitbc.o
                0x0000000000010dbb                mp_emit_bc_for_iter_end
 .text.mp_emit_bc_pop_block
                0x0000000000010dc7       0x19 build/py/emitbc.o
                0x0000000000010dc7                mp_emit_bc_pop_block
 .text.mp_emit_bc_with_cleanup
                0x0000000000010de0       0x55 build/py/emitbc.o
                0x0000000000010de0                mp_emit_bc_with_cleanup
 .text.mp_emit_bc_pop_except
                0x0000000000010e35       0x19 build/py/emitbc.o
                0x0000000000010e35                mp_emit_bc_pop_except
 .text.mp_emit_bc_unary_op
                0x0000000000010e4e       0x24 build/py/emitbc.o
                0x0000000000010e4e                mp_emit_bc_unary_op
 .text.mp_emit_bc_binary_op
                0x0000000000010e72       0x68 build/py/emitbc.o
                0x0000000000010e72                mp_emit_bc_binary_op
 .text.mp_emit_bc_build
                0x0000000000010eda       0x37 build/py/emitbc.o
                0x0000000000010eda                mp_emit_bc_build
 .text.mp_emit_bc_store_map
                0x0000000000010f11       0x1e build/py/emitbc.o
                0x0000000000010f11                mp_emit_bc_store_map
 .text.mp_emit_bc_store_comp
                0x0000000000010f2f       0x5e build/py/emitbc.o
                0x0000000000010f2f                mp_emit_bc_store_comp
 .text.mp_emit_bc_unpack_sequence
                0x0000000000010f8d       0x28 build/py/emitbc.o
                0x0000000000010f8d                mp_emit_bc_unpack_sequence
 .text.mp_emit_bc_unpack_ex
                0x0000000000010fb5       0x3b build/py/emitbc.o
                0x0000000000010fb5                mp_emit_bc_unpack_ex
 .text.mp_emit_bc_make_function
                0x0000000000010ff0       0x43 build/py/emitbc.o
                0x0000000000010ff0                mp_emit_bc_make_function
 .text.mp_emit_bc_make_closure
                0x0000000000011033       0x89 build/py/emitbc.o
                0x0000000000011033                mp_emit_bc_make_closure
 .text.mp_emit_bc_call_function
                0x00000000000110bc       0x15 build/py/emitbc.o
                0x00000000000110bc                mp_emit_bc_call_function
 .text.mp_emit_bc_call_method
                0x00000000000110d1       0x17 build/py/emitbc.o
                0x00000000000110d1                mp_emit_bc_call_method
 .text.mp_emit_bc_return_value
                0x00000000000110e8       0x1f build/py/emitbc.o
                0x00000000000110e8                mp_emit_bc_return_value
 .text.mp_emit_bc_raise_varargs
                0x0000000000011107       0x50 build/py/emitbc.o
                0x0000000000011107                mp_emit_bc_raise_varargs
 .text.mp_emit_bc_yield
                0x0000000000011157       0x2f build/py/emitbc.o
                0x0000000000011157                mp_emit_bc_yield
 .text.mp_emit_bc_start_except_handler
                0x0000000000011186        0xa build/py/emitbc.o
                0x0000000000011186                mp_emit_bc_start_except_handler
 .text.mp_emit_bc_end_except_handler
                0x0000000000011190        0xc build/py/emitbc.o
                0x0000000000011190                mp_emit_bc_end_except_handler
 .text.mp_format_float
                0x000000000001119c      0x57e build/py/formatfloat.o
                0x000000000001119c                mp_format_float
 .text.mp_parse_num_base
                0x000000000001171a       0xa8 build/py/parsenumbase.o
                0x000000000001171a                mp_parse_num_base
 .text.mp_parse_num_integer
                0x00000000000117c2      0x1f0 build/py/parsenum.o
                0x00000000000117c2                mp_parse_num_integer
 .text.mp_parse_num_decimal
                0x00000000000119b2      0x36b build/py/parsenum.o
                0x00000000000119b2                mp_parse_num_decimal
 .text.mp_emit_glue_new_raw_code
                0x0000000000011d1d       0x1a build/py/emitglue.o
                0x0000000000011d1d                mp_emit_glue_new_raw_code
 .text.mp_emit_glue_assign_bytecode
                0x0000000000011d37       0x3c build/py/emitglue.o
                0x0000000000011d37                mp_emit_glue_assign_bytecode
 .text.mp_print_bytes
                0x0000000000011d73        0x9 build/py/persistentcode.o
 .text.mp_print_uint
                0x0000000000011d7c       0x6f build/py/persistentcode.o
 .text.save_qstr
                0x0000000000011deb       0x5e build/py/persistentcode.o
 .text.save_raw_code
                0x0000000000011e49      0x33c build/py/persistentcode.o
 .text.fd_print_strn
                0x0000000000012185        0x5 build/py/persistentcode.o
 .text.mp_raw_code_save
                0x000000000001218a       0x79 build/py/persistentcode.o
                0x000000000001218a                mp_raw_code_save
 .text.mp_raw_code_save_file
                0x0000000000012203       0x71 build/py/persistentcode.o
                0x0000000000012203                mp_raw_code_save_file
 .text.mp_init  0x0000000000012274       0x6e build/py/runtime.o
                0x0000000000012274                mp_init
 .text.mp_deinit
                0x00000000000122e2        0x1 build/py/runtime.o
                0x00000000000122e2                mp_deinit
 .text.mp_unary_op
                0x00000000000122e3      0x1bc build/py/runtime.o
                0x00000000000122e3                mp_unary_op
 .text.mp_call_function_n_kw
                0x000000000001249f       0x66 build/py/runtime.o
                0x000000000001249f                mp_call_function_n_kw
 .text.mp_call_function_1
                0x0000000000012505       0x1f build/py/runtime.o
                0x0000000000012505                mp_call_function_1
 .text.checked_fun_call
                0x0000000000012524       0x6f build/py/runtime.o
 .text.mp_call_method_n_kw
                0x0000000000012593       0x28 build/py/runtime.o
                0x0000000000012593                mp_call_method_n_kw
 .text.mp_convert_member_lookup
                0x00000000000125bb       0xf8 build/py/runtime.o
                0x00000000000125bb                mp_convert_member_lookup
 .text.mp_load_method_maybe
                0x00000000000126b3       0xe2 build/py/runtime.o
                0x00000000000126b3                mp_load_method_maybe
 .text.mp_getiter
                0x0000000000012795       0xf6 build/py/runtime.o
                0x0000000000012795                mp_getiter
 .text.mp_iternext_allow_raise
                0x000000000001288b       0x9d build/py/runtime.o
                0x000000000001288b                mp_iternext_allow_raise
 .text.mp_iternext
                0x0000000000012928       0xf1 build/py/runtime.o
                0x0000000000012928                mp_iternext
 .text.mp_raise_msg
                0x0000000000012a19       0x1d build/py/runtime.o
                0x0000000000012a19                mp_raise_msg
 .text.m_malloc_fail
                0x0000000000012a36       0x3f build/py/runtime.o
                0x0000000000012a36                m_malloc_fail
 .text.mp_raise_ValueError
                0x0000000000012a75       0x13 build/py/runtime.o
                0x0000000000012a75                mp_raise_ValueError
 .text.mp_binary_op
                0x0000000000012a88      0x490 build/py/runtime.o
                0x0000000000012a88                mp_binary_op
 .text.mp_raise_TypeError
                0x0000000000012f18       0x13 build/py/runtime.o
                0x0000000000012f18                mp_raise_TypeError
 .text.mp_raise_OSError
                0x0000000000012f2b       0x22 build/py/runtime.o
                0x0000000000012f2b                mp_raise_OSError
 .text.mp_raise_NotImplementedError
                0x0000000000012f4d       0x13 build/py/runtime.o
                0x0000000000012f4d                mp_raise_NotImplementedError
 .text.mp_raise_recursion_depth
                0x0000000000012f60       0x1d build/py/runtime.o
                0x0000000000012f60                mp_raise_recursion_depth
 .text.mp_stack_ctrl_init
                0x0000000000012f7d       0x3a build/py/stackctrl.o
                0x0000000000012f7d                mp_stack_ctrl_init
 .text.mp_stack_set_limit
                0x0000000000012fb7        0x8 build/py/stackctrl.o
                0x0000000000012fb7                mp_stack_set_limit
 .text.mp_stack_check
                0x0000000000012fbf       0x4b build/py/stackctrl.o
                0x0000000000012fbf                mp_stack_check
 .text.mp_arg_check_num
                0x000000000001300a       0x7c build/py/argcheck.o
                0x000000000001300a                mp_arg_check_num
 .text.mp_arg_parse_all
                0x0000000000013086      0x13c build/py/argcheck.o
                0x0000000000013086                mp_arg_parse_all
 .text.mp_arg_parse_all_kw_array
                0x00000000000131c2       0x79 build/py/argcheck.o
                0x00000000000131c2                mp_arg_parse_all_kw_array
 .text.mp_arg_error_unimpl_kw
                0x000000000001323b       0x10 build/py/argcheck.o
                0x000000000001323b                mp_arg_error_unimpl_kw
 .text.mp_map_init
                0x000000000001324b       0x38 build/py/map.o
                0x000000000001324b                mp_map_init
 .text.mp_map_init_fixed_table
                0x0000000000013283       0x23 build/py/map.o
                0x0000000000013283                mp_map_init_fixed_table
 .text.mp_map_deinit
                0x00000000000132a6       0x20 build/py/map.o
                0x00000000000132a6                mp_map_deinit
 .text.mp_map_clear
                0x00000000000132c6       0x35 build/py/map.o
                0x00000000000132c6                mp_map_clear
 .text.mp_map_lookup
                0x00000000000132fb      0x237 build/py/map.o
                0x00000000000132fb                mp_map_lookup
 .text.mp_map_rehash
                0x0000000000013532       0xab build/py/map.o
 .text.mp_obj_get_type
                0x00000000000135dd       0x24 build/py/obj.o
                0x00000000000135dd                mp_obj_get_type
 .text.mp_obj_get_type_str
                0x0000000000013601       0x13 build/py/obj.o
                0x0000000000013601                mp_obj_get_type_str
 .text.mp_obj_print_helper
                0x0000000000013614       0x63 build/py/obj.o
                0x0000000000013614                mp_obj_print_helper
 .text.mp_obj_print_exception
                0x0000000000013677      0x142 build/py/obj.o
                0x0000000000013677                mp_obj_print_exception
 .text.mp_obj_equal
                0x00000000000137b9      0x105 build/py/obj.o
                0x00000000000137b9                mp_obj_equal
 .text.mp_obj_get_int
                0x00000000000138be       0x6e build/py/obj.o
                0x00000000000138be                mp_obj_get_int
 .text.mp_obj_get_int_truncated
                0x000000000001392c       0x22 build/py/obj.o
                0x000000000001392c                mp_obj_get_int_truncated
 .text.mp_obj_get_int_maybe
                0x000000000001394e       0x5e build/py/obj.o
                0x000000000001394e                mp_obj_get_int_maybe
 .text.mp_obj_get_float_maybe
                0x00000000000139ac       0x72 build/py/obj.o
                0x00000000000139ac                mp_obj_get_float_maybe
 .text.mp_obj_get_float
                0x0000000000013a1e       0x6c build/py/obj.o
                0x0000000000013a1e                mp_obj_get_float
 .text.mp_obj_get_complex
                0x0000000000013a8a       0xcc build/py/obj.o
                0x0000000000013a8a                mp_obj_get_complex
 .text.mp_obj_get_array
                0x0000000000013b56       0x54 build/py/obj.o
                0x0000000000013b56                mp_obj_get_array
 .text.mp_get_index
                0x0000000000013baa       0xf4 build/py/obj.o
                0x0000000000013baa                mp_get_index
 .text.mp_obj_len_maybe
                0x0000000000013c9e       0x3f build/py/obj.o
                0x0000000000013c9e                mp_obj_len_maybe
 .text.mp_obj_is_true
                0x0000000000013cdd       0x7d build/py/obj.o
                0x0000000000013cdd                mp_obj_is_true
 .text.mp_obj_subscr
                0x0000000000013d5a       0x7d build/py/obj.o
                0x0000000000013d5a                mp_obj_subscr
 .text.mp_identity_getiter
                0x0000000000013dd7        0x4 build/py/obj.o
                0x0000000000013dd7                mp_identity_getiter
 .text.mp_get_buffer
                0x0000000000013ddb       0x2a build/py/obj.o
                0x0000000000013ddb                mp_get_buffer
 .text.mp_get_buffer_raise
                0x0000000000013e05       0x1b build/py/obj.o
                0x0000000000013e05                mp_get_buffer_raise
 .text.mp_generic_unary_op
                0x0000000000013e20       0x15 build/py/obj.o
                0x0000000000013e20                mp_generic_unary_op
 .text.bool_binary_op
                0x0000000000013e35       0x10 build/py/objbool.o
 .text.bool_unary_op
                0x0000000000013e45       0x18 build/py/objbool.o
 .text.bool_print
                0x0000000000013e5d       0x1b build/py/objbool.o
 .text.bool_make_new
                0x0000000000013e78       0x48 build/py/objbool.o
 .text.mp_call_method_self_n_kw
                0x0000000000013ec0       0xd4 build/py/objboundmeth.o
                0x0000000000013ec0                mp_call_method_self_n_kw
 .text.complex_attr
                0x0000000000013f94       0x33 build/py/objcomplex.o
 .text.complex_print
                0x0000000000013fc7      0x104 build/py/objcomplex.o
 .text.mp_obj_new_complex
                0x00000000000140cb       0x3d build/py/objcomplex.o
                0x00000000000140cb                mp_obj_new_complex
 .text.complex_unary_op
                0x0000000000014108       0x9b build/py/objcomplex.o
 .text.mp_obj_complex_get
                0x00000000000141a3       0x48 build/py/objcomplex.o
                0x00000000000141a3                mp_obj_complex_get
 .text.complex_make_new
                0x00000000000141eb      0x170 build/py/objcomplex.o
 .text.mp_obj_complex_binary_op
                0x000000000001435b      0x2f3 build/py/objcomplex.o
                0x000000000001435b                mp_obj_complex_binary_op
 .text.complex_binary_op
                0x000000000001464e       0x15 build/py/objcomplex.o
 .text.dict_view_getiter
                0x0000000000014663       0x24 build/py/objdict.o
 .text.dict_getiter
                0x0000000000014687       0x21 build/py/objdict.o
 .text.dict_values
                0x00000000000146a8       0x25 build/py/objdict.o
 .text.mp_ensure_not_fixed
                0x00000000000146cd       0x12 build/py/objdict.o
 .text.dict_clear
                0x00000000000146df       0x1b build/py/objdict.o
 .text.dict_unary_op
                0x00000000000146fa       0x38 build/py/objdict.o
 .text.dict_get_helper
                0x0000000000014732       0x8f build/py/objdict.o
 .text.dict_setdefault
                0x00000000000147c1        0xa build/py/objdict.o
 .text.dict_pop
                0x00000000000147cb        0xa build/py/objdict.o
 .text.dict_get
                0x00000000000147d5        0x7 build/py/objdict.o
 .text.dict_iter_next
                0x00000000000147dc       0x36 build/py/objdict.o
 .text.dict_view_it_iternext
                0x0000000000014812       0x84 build/py/objdict.o
 .text.dict_view_print
                0x0000000000014896       0xd8 build/py/objdict.o
 .text.dict_print
                0x000000000001496e       0xc6 build/py/objdict.o
 .text.dict_update
                0x0000000000014a34      0x1b2 build/py/objdict.o
 .text.dict_popitem
                0x0000000000014be6       0x97 build/py/objdict.o
 .text.dict_binary_op
                0x0000000000014c7d       0xe6 build/py/objdict.o
 .text.dict_view_binary_op
                0x0000000000014d63       0x17 build/py/objdict.o
 .text.dict_items
                0x0000000000014d7a       0x25 build/py/objdict.o
 .text.dict_keys
                0x0000000000014d9f       0x25 build/py/objdict.o
 .text.mp_obj_dict_get
                0x0000000000014dc4       0x31 build/py/objdict.o
                0x0000000000014dc4                mp_obj_dict_get
 .text.mp_obj_dict_init
                0x0000000000014df5       0x14 build/py/objdict.o
                0x0000000000014df5                mp_obj_dict_init
 .text.mp_obj_new_dict
                0x0000000000014e09       0x2d build/py/objdict.o
                0x0000000000014e09                mp_obj_new_dict
 .text.dict_fromkeys
                0x0000000000014e36       0x80 build/py/objdict.o
 .text.dict_copy
                0x0000000000014eb6       0x61 build/py/objdict.o
 .text.dict_make_new
                0x0000000000014f17       0x93 build/py/objdict.o
 .text.mp_obj_dict_store
                0x0000000000014faa       0x37 build/py/objdict.o
                0x0000000000014faa                mp_obj_dict_store
 .text.mp_obj_dict_delete
                0x0000000000014fe1       0x54 build/py/objdict.o
                0x0000000000014fe1                mp_obj_dict_delete
 .text.dict_subscr
                0x0000000000015035       0x51 build/py/objdict.o
 .text.mp_obj_exception_print
                0x0000000000015086       0xb0 build/py/objexcept.o
                0x0000000000015086                mp_obj_exception_print
 .text.mp_obj_exception_make_new
                0x0000000000015136       0x9d build/py/objexcept.o
                0x0000000000015136                mp_obj_exception_make_new
 .text.exc_add_strn
                0x00000000000151d3       0x85 build/py/objexcept.o
 .text.mp_obj_exception_get_value
                0x0000000000015258       0x17 build/py/objexcept.o
                0x0000000000015258                mp_obj_exception_get_value
 .text.mp_obj_exception_attr
                0x000000000001526f       0x57 build/py/objexcept.o
                0x000000000001526f                mp_obj_exception_attr
 .text.mp_obj_new_exception_args
                0x00000000000152c6       0x3a build/py/objexcept.o
                0x00000000000152c6                mp_obj_new_exception_args
 .text.mp_obj_new_exception
                0x0000000000015300        0x9 build/py/objexcept.o
                0x0000000000015300                mp_obj_new_exception
 .text.mp_obj_new_exception_arg1
                0x0000000000015309       0x1d build/py/objexcept.o
                0x0000000000015309                mp_obj_new_exception_arg1
 .text.mp_obj_new_exception_msg_varg
                0x0000000000015326      0x1f2 build/py/objexcept.o
                0x0000000000015326                mp_obj_new_exception_msg_varg
 .text.mp_obj_new_exception_msg
                0x0000000000015518        0x7 build/py/objexcept.o
                0x0000000000015518                mp_obj_new_exception_msg
 .text.mp_obj_is_exception_type
                0x000000000001551f       0x2e build/py/objexcept.o
                0x000000000001551f                mp_obj_is_exception_type
 .text.mp_obj_is_exception_instance
                0x000000000001554d       0x12 build/py/objexcept.o
                0x000000000001554d                mp_obj_is_exception_instance
 .text.mp_obj_exception_match
                0x000000000001555f       0x2e build/py/objexcept.o
                0x000000000001555f                mp_obj_exception_match
 .text.mp_obj_exception_add_traceback
                0x000000000001558d       0xcf build/py/objexcept.o
                0x000000000001558d                mp_obj_exception_add_traceback
 .text.mp_obj_exception_get_traceback
                0x000000000001565c       0x79 build/py/objexcept.o
                0x000000000001565c                mp_obj_exception_get_traceback
 .text.mp_obj_float_divmod
                0x00000000000156d5       0xc8 build/py/objfloat.o
 .text.mp_obj_new_float
                0x000000000001579d       0x2e build/py/objfloat.o
                0x000000000001579d                mp_obj_new_float
 .text.float_make_new
                0x00000000000157cb       0xa0 build/py/objfloat.o
 .text.mp_obj_float_get
                0x000000000001586b       0x3b build/py/objfloat.o
                0x000000000001586b                mp_obj_float_get
 .text.float_unary_op
                0x00000000000158a6       0x74 build/py/objfloat.o
 .text.float_print
                0x000000000001591a       0xac build/py/objfloat.o
 .text.mp_obj_float_binary_op
                0x00000000000159c6      0x2ca build/py/objfloat.o
                0x00000000000159c6                mp_obj_float_binary_op
 .text.float_binary_op
                0x0000000000015c90       0x3e build/py/objfloat.o
 .text.fun_builtin_0_call
                0x0000000000015cce       0x4e build/py/objfun.o
 .text.fun_builtin_1_call
                0x0000000000015d1c       0x62 build/py/objfun.o
 .text.fun_builtin_2_call
                0x0000000000015d7e       0x66 build/py/objfun.o
 .text.fun_builtin_3_call
                0x0000000000015de4       0x69 build/py/objfun.o
 .text.fun_builtin_var_call
                0x0000000000015e4d       0xca build/py/objfun.o
 .text.it_iternext
                0x0000000000015f17       0xa0 build/py/objgetitemiter.o
 .text.mp_obj_new_getitem_iter
                0x0000000000015fb7       0x25 build/py/objgetitemiter.o
                0x0000000000015fb7                mp_obj_new_getitem_iter
 .text.int_to_bytes
                0x0000000000015fdc       0xd9 build/py/objint.o
 .text.int_from_bytes
                0x00000000000160b5       0xb2 build/py/objint.o
 .text.mp_obj_new_int_from_float
                0x0000000000016167       0xb1 build/py/objint.o
                0x0000000000016167                mp_obj_new_int_from_float
 .text.mp_obj_int_make_new
                0x0000000000016218      0x100 build/py/objint.o
 .text.mp_int_format_size
                0x0000000000016318       0x84 build/py/objint.o
                0x0000000000016318                mp_int_format_size
 .text.mp_obj_int_formatted
                0x000000000001639c      0x1cf build/py/objint.o
                0x000000000001639c                mp_obj_int_formatted
 .text.mp_obj_int_print
                0x000000000001656b       0x85 build/py/objint.o
                0x000000000001656b                mp_obj_int_print
 .text.mp_obj_int_binary_op_extra_cases
                0x00000000000165f0       0x7a build/py/objint.o
                0x00000000000165f0                mp_obj_int_binary_op_extra_cases
 .text.mp_obj_int_new_mpz
                0x000000000001666a       0x30 build/py/objint_mpz.o
                0x000000000001666a                mp_obj_int_new_mpz
 .text.mp_obj_int_formatted_impl
                0x000000000001669a       0xd3 build/py/objint_mpz.o
                0x000000000001669a                mp_obj_int_formatted_impl
 .text.mp_obj_int_from_bytes_impl
                0x000000000001676d       0x3a build/py/objint_mpz.o
                0x000000000001676d                mp_obj_int_from_bytes_impl
 .text.mp_obj_int_to_bytes_impl
                0x00000000000167a7       0x55 build/py/objint_mpz.o
                0x00000000000167a7                mp_obj_int_to_bytes_impl
 .text.mp_obj_int_sign
                0x00000000000167fc       0x2e build/py/objint_mpz.o
                0x00000000000167fc                mp_obj_int_sign
 .text.mp_obj_int_unary_op
                0x000000000001682a       0xa6 build/py/objint_mpz.o
                0x000000000001682a                mp_obj_int_unary_op
 .text.mp_obj_new_int_from_ll
                0x00000000000168d0       0x2e build/py/objint_mpz.o
                0x00000000000168d0                mp_obj_new_int_from_ll
 .text.mp_obj_new_int
                0x00000000000168fe       0x16 build/py/objint_mpz.o
                0x00000000000168fe                mp_obj_new_int
 .text.mp_obj_new_int_from_ull
                0x0000000000016914       0x2b build/py/objint_mpz.o
                0x0000000000016914                mp_obj_new_int_from_ull
 .text.mp_obj_new_int_from_uint
                0x000000000001693f       0x1d build/py/objint_mpz.o
                0x000000000001693f                mp_obj_new_int_from_uint
 .text.mp_obj_new_int_from_str_len
                0x000000000001695c       0x47 build/py/objint_mpz.o
                0x000000000001695c                mp_obj_new_int_from_str_len
 .text.mp_obj_int_get_truncated
                0x00000000000169a3       0x16 build/py/objint_mpz.o
                0x00000000000169a3                mp_obj_int_get_truncated
 .text.mp_obj_int_get_checked
                0x00000000000169b9       0x65 build/py/objint_mpz.o
                0x00000000000169b9                mp_obj_int_get_checked
 .text.mp_obj_int_binary_op
                0x0000000000016a1e      0x40b build/py/objint_mpz.o
                0x0000000000016a1e                mp_obj_int_binary_op
 .text.mp_obj_int_as_float_impl
                0x0000000000016e29       0x3e build/py/objint_mpz.o
                0x0000000000016e29                mp_obj_int_as_float_impl
 .text.list_unary_op
                0x0000000000016e67       0x31 build/py/objlist.o
 .text.list_getiter
                0x0000000000016e98       0x25 build/py/objlist.o
 .text.list_reverse
                0x0000000000016ebd       0x4b build/py/objlist.o
 .text.list_it_iternext
                0x0000000000016f08       0x23 build/py/objlist.o
 .text.mp_obj_list_append
                0x0000000000016f2b       0x6c build/py/objlist.o
                0x0000000000016f2b                mp_obj_list_append
 .text.list_insert
                0x0000000000016f97       0x73 build/py/objlist.o
 .text.list_clear
                0x000000000001700a       0x3e build/py/objlist.o
 .text.mp_quicksort
                0x0000000000017048      0x132 build/py/objlist.o
 .text.mp_obj_list_sort
                0x000000000001717a       0x9c build/py/objlist.o